Archive member included to satisfy reference by file (symbol)

c:/program files (x86)/atollic/truestudio for stm32 9.0.1/armtools/bin/../lib/gcc/arm-atollic-eabi/6.3.1/../../../../arm-atollic-eabi/lib/armv7e-m/fpu/fpv5-sp-d16\libc_nano.a(lib_a-init.o)
                              startup\startup_stm32f722xx.o (__libc_init_array)
c:/program files (x86)/atollic/truestudio for stm32 9.0.1/armtools/bin/../lib/gcc/arm-atollic-eabi/6.3.1/../../../../arm-atollic-eabi/lib/armv7e-m/fpu/fpv5-sp-d16\libc_nano.a(lib_a-memcpy-stub.o)
                              Src\uart_debug.o (memcpy)
c:/program files (x86)/atollic/truestudio for stm32 9.0.1/armtools/bin/../lib/gcc/arm-atollic-eabi/6.3.1/armv7e-m/fpu/fpv5-sp-d16\libgcc.a(_aeabi_uldivmod.o)
                              Drivers\STM32F7xx_HAL_Driver\Src\stm32f7xx_hal_rcc.o (__aeabi_uldivmod)
c:/program files (x86)/atollic/truestudio for stm32 9.0.1/armtools/bin/../lib/gcc/arm-atollic-eabi/6.3.1/armv7e-m/fpu/fpv5-sp-d16\libgcc.a(_udivmoddi4.o)
                              c:/program files (x86)/atollic/truestudio for stm32 9.0.1/armtools/bin/../lib/gcc/arm-atollic-eabi/6.3.1/armv7e-m/fpu/fpv5-sp-d16\libgcc.a(_aeabi_uldivmod.o) (__udivmoddi4)
c:/program files (x86)/atollic/truestudio for stm32 9.0.1/armtools/bin/../lib/gcc/arm-atollic-eabi/6.3.1/armv7e-m/fpu/fpv5-sp-d16\libgcc.a(_dvmd_tls.o)
                              c:/program files (x86)/atollic/truestudio for stm32 9.0.1/armtools/bin/../lib/gcc/arm-atollic-eabi/6.3.1/armv7e-m/fpu/fpv5-sp-d16\libgcc.a(_aeabi_uldivmod.o) (__aeabi_ldiv0)

Allocating common symbols
Common symbol       size              file

uart_debug_buffer_temp
                    0x31              Src\uart_debug.o
hdma_uart4_rx       0x60              Src\main.o
htim4               0x40              Src\main.o
uwTick              0x4               Drivers\STM32F7xx_HAL_Driver\Src\stm32f7xx_hal.o
pFlash              0x1c              Drivers\STM32F7xx_HAL_Driver\Src\stm32f7xx_hal_flash.o
hadc1               0x48              Src\main.o
huart4              0x70              Src\main.o
uart_debug_buffer   0x2000            Src\uart_debug.o
hdma_uart4_tx       0x60              Src\main.o

Discarded input sections

 .text          0x00000000        0x0 c:/program files (x86)/atollic/truestudio for stm32 9.0.1/armtools/bin/../lib/gcc/arm-atollic-eabi/6.3.1/armv7e-m/fpu/fpv5-sp-d16/crti.o
 .data          0x00000000        0x0 c:/program files (x86)/atollic/truestudio for stm32 9.0.1/armtools/bin/../lib/gcc/arm-atollic-eabi/6.3.1/armv7e-m/fpu/fpv5-sp-d16/crti.o
 .bss           0x00000000        0x0 c:/program files (x86)/atollic/truestudio for stm32 9.0.1/armtools/bin/../lib/gcc/arm-atollic-eabi/6.3.1/armv7e-m/fpu/fpv5-sp-d16/crti.o
 .data          0x00000000        0x4 c:/program files (x86)/atollic/truestudio for stm32 9.0.1/armtools/bin/../lib/gcc/arm-atollic-eabi/6.3.1/armv7e-m/fpu/fpv5-sp-d16/crtbegin.o
 .text          0x00000000        0x0 Drivers\STM32F7xx_HAL_Driver\Src\stm32f7xx_hal.o
 .data          0x00000000        0x0 Drivers\STM32F7xx_HAL_Driver\Src\stm32f7xx_hal.o
 .bss           0x00000000        0x0 Drivers\STM32F7xx_HAL_Driver\Src\stm32f7xx_hal.o
 .text.HAL_MspInit
                0x00000000        0x2 Drivers\STM32F7xx_HAL_Driver\Src\stm32f7xx_hal.o
 .text.HAL_MspDeInit
                0x00000000        0x2 Drivers\STM32F7xx_HAL_Driver\Src\stm32f7xx_hal.o
 .text.HAL_DeInit
                0x00000000       0x2c Drivers\STM32F7xx_HAL_Driver\Src\stm32f7xx_hal.o
 .text.HAL_GetTickPrio
                0x00000000        0xc Drivers\STM32F7xx_HAL_Driver\Src\stm32f7xx_hal.o
 .text.HAL_SetTickFreq
                0x00000000       0x24 Drivers\STM32F7xx_HAL_Driver\Src\stm32f7xx_hal.o
 .text.HAL_GetTickFreq
                0x00000000        0xc Drivers\STM32F7xx_HAL_Driver\Src\stm32f7xx_hal.o
 .text.HAL_Delay
                0x00000000       0x28 Drivers\STM32F7xx_HAL_Driver\Src\stm32f7xx_hal.o
 .text.HAL_SuspendTick
                0x00000000       0x10 Drivers\STM32F7xx_HAL_Driver\Src\stm32f7xx_hal.o
 .text.HAL_ResumeTick
                0x00000000       0x10 Drivers\STM32F7xx_HAL_Driver\Src\stm32f7xx_hal.o
 .text.HAL_GetHalVersion
                0x00000000        0x8 Drivers\STM32F7xx_HAL_Driver\Src\stm32f7xx_hal.o
 .text.HAL_GetREVID
                0x00000000        0xc Drivers\STM32F7xx_HAL_Driver\Src\stm32f7xx_hal.o
 .text.HAL_GetDEVID
                0x00000000       0x10 Drivers\STM32F7xx_HAL_Driver\Src\stm32f7xx_hal.o
 .text.HAL_GetUIDw0
                0x00000000        0xc Drivers\STM32F7xx_HAL_Driver\Src\stm32f7xx_hal.o
 .text.HAL_GetUIDw1
                0x00000000        0xc Drivers\STM32F7xx_HAL_Driver\Src\stm32f7xx_hal.o
 .text.HAL_GetUIDw2
                0x00000000        0xc Drivers\STM32F7xx_HAL_Driver\Src\stm32f7xx_hal.o
 .text.HAL_DBGMCU_EnableDBGSleepMode
                0x00000000       0x10 Drivers\STM32F7xx_HAL_Driver\Src\stm32f7xx_hal.o
 .text.HAL_DBGMCU_DisableDBGSleepMode
[...]
Memory Configuration

Name             Origin             Length             Attributes
RAM              0x20000000         0x00040000         xrw
FLASH            0x08000000         0x00080000         xr
*default*        0x00000000         0xffffffff

Linker script and memory map

LOAD c:/program files (x86)/atollic/truestudio for stm32 9.0.1/armtools/bin/../lib/gcc/arm-atollic-eabi/6.3.1/armv7e-m/fpu/fpv5-sp-d16/crti.o
LOAD c:/program files (x86)/atollic/truestudio for stm32 9.0.1/armtools/bin/../lib/gcc/arm-atollic-eabi/6.3.1/armv7e-m/fpu/fpv5-sp-d16/crtbegin.o
LOAD Drivers\STM32F7xx_HAL_Driver\Src\stm32f7xx_hal.o
LOAD Drivers\STM32F7xx_HAL_Driver\Src\stm32f7xx_hal_adc.o
LOAD Drivers\STM32F7xx_HAL_Driver\Src\stm32f7xx_hal_adc_ex.o
LOAD Drivers\STM32F7xx_HAL_Driver\Src\stm32f7xx_hal_cortex.o
LOAD Drivers\STM32F7xx_HAL_Driver\Src\stm32f7xx_hal_dma.o
LOAD Drivers\STM32F7xx_HAL_Driver\Src\stm32f7xx_hal_dma_ex.o
LOAD Drivers\STM32F7xx_HAL_Driver\Src\stm32f7xx_hal_flash.o
LOAD Drivers\STM32F7xx_HAL_Driver\Src\stm32f7xx_hal_flash_ex.o
LOAD Drivers\STM32F7xx_HAL_Driver\Src\stm32f7xx_hal_gpio.o
LOAD Drivers\STM32F7xx_HAL_Driver\Src\stm32f7xx_hal_i2c.o
LOAD Drivers\STM32F7xx_HAL_Driver\Src\stm32f7xx_hal_i2c_ex.o
LOAD Drivers\STM32F7xx_HAL_Driver\Src\stm32f7xx_hal_pwr.o
LOAD Drivers\STM32F7xx_HAL_Driver\Src\stm32f7xx_hal_pwr_ex.o
LOAD Drivers\STM32F7xx_HAL_Driver\Src\stm32f7xx_hal_rcc.o
LOAD Drivers\STM32F7xx_HAL_Driver\Src\stm32f7xx_hal_rcc_ex.o
LOAD Drivers\STM32F7xx_HAL_Driver\Src\stm32f7xx_hal_tim.o
LOAD Drivers\STM32F7xx_HAL_Driver\Src\stm32f7xx_hal_tim_ex.o
LOAD Drivers\STM32F7xx_HAL_Driver\Src\stm32f7xx_hal_uart.o
LOAD Src\main.o
LOAD Src\stm32f7xx_hal_msp.o
LOAD Src\stm32f7xx_it.o
LOAD Src\system_stm32f7xx.o
LOAD Src\uart_debug.o
LOAD startup\startup_stm32f722xx.o
                0x00000080                malloc_getpagesize_P = 0x80
START GROUP
LOAD c:/program files (x86)/atollic/truestudio for stm32 9.0.1/armtools/bin/../lib/gcc/arm-atollic-eabi/6.3.1/../../../../arm-atollic-eabi/lib/armv7e-m/fpu/fpv5-sp-d16\libc_nano.a
LOAD c:/program files (x86)/atollic/truestudio for stm32 9.0.1/armtools/bin/../lib/gcc/arm-atollic-eabi/6.3.1/../../../../arm-atollic-eabi/lib/armv7e-m/fpu/fpv5-sp-d16\libm.a
END GROUP
START GROUP
LOAD c:/program files (x86)/atollic/truestudio for stm32 9.0.1/armtools/bin/../lib/gcc/arm-atollic-eabi/6.3.1/armv7e-m/fpu/fpv5-sp-d16\libgcc.a
LOAD c:/program files (x86)/atollic/truestudio for stm32 9.0.1/armtools/bin/../lib/gcc/arm-atollic-eabi/6.3.1/../../../../arm-atollic-eabi/lib/armv7e-m/fpu/fpv5-sp-d16\libc_nano.a
END GROUP
START GROUP
LOAD c:/program files (x86)/atollic/truestudio for stm32 9.0.1/armtools/bin/../lib/gcc/arm-atollic-eabi/6.3.1/armv7e-m/fpu/fpv5-sp-d16\libgcc.a
LOAD c:/program files (x86)/atollic/truestudio for stm32 9.0.1/armtools/bin/../lib/gcc/arm-atollic-eabi/6.3.1/../../../../arm-atollic-eabi/lib/armv7e-m/fpu/fpv5-sp-d16\libc_nano.a
LOAD c:/program files (x86)/atollic/truestudio for stm32 9.0.1/armtools/bin/../lib/gcc/arm-atollic-eabi/6.3.1/../../../../arm-atollic-eabi/lib/armv7e-m/fpu/fpv5-sp-d16\libnosys.a
END GROUP
START GROUP
LOAD c:/program files (x86)/atollic/truestudio for stm32 9.0.1/armtools/bin/../lib/gcc/arm-atollic-eabi/6.3.1/armv7e-m/fpu/fpv5-sp-d16\libgcc.a
LOAD c:/program files (x86)/atollic/truestudio for stm32 9.0.1/armtools/bin/../lib/gcc/arm-atollic-eabi/6.3.1/../../../../arm-atollic-eabi/lib/armv7e-m/fpu/fpv5-sp-d16\libc_nano.a
LOAD c:/program files (x86)/atollic/truestudio for stm32 9.0.1/armtools/bin/../lib/gcc/arm-atollic-eabi/6.3.1/../../../../arm-atollic-eabi/lib/armv7e-m/fpu/fpv5-sp-d16\libnosys.a
END GROUP
LOAD c:/program files (x86)/atollic/truestudio for stm32 9.0.1/armtools/bin/../lib/gcc/arm-atollic-eabi/6.3.1/armv7e-m/fpu/fpv5-sp-d16/crtend.o
LOAD c:/program files (x86)/atollic/truestudio for stm32 9.0.1/armtools/bin/../lib/gcc/arm-atollic-eabi/6.3.1/armv7e-m/fpu/fpv5-sp-d16/crtn.o
                0x20040000                _estack = 0x20040000
                0x00000200                _Min_Heap_Size = 0x200
                0x00000400                _Min_Stack_Size = 0x400

.isr_vector     0x08000000      0x1e0
                0x08000000                . = ALIGN (0x4)
 *(.isr_vector)
 .isr_vector    0x08000000      0x1e0 startup\startup_stm32f722xx.o
                0x08000000                g_pfnVectors
                0x080001e0                . = ALIGN (0x4)

.text           0x080001e0     0x33ac
                0x080001e0                . = ALIGN (0x4)
 *(.text)
 .text          0x080001e0       0x40 c:/program files (x86)/atollic/truestudio for stm32 9.0.1/armtools/bin/../lib/gcc/arm-atollic-eabi/6.3.1/armv7e-m/fpu/fpv5-sp-d16/crtbegin.o
 .text          0x08000220       0x30 c:/program files (x86)/atollic/truestudio for stm32 9.0.1/armtools/bin/../lib/gcc/arm-atollic-eabi/6.3.1/armv7e-m/fpu/fpv5-sp-d16\libgcc.a(_aeabi_uldivmod.o)
                0x08000220                __aeabi_uldivmod
 .text          0x08000250      0x2dc c:/program files (x86)/atollic/truestudio for stm32 9.0.1/armtools/bin/../lib/gcc/arm-atollic-eabi/6.3.1/armv7e-m/fpu/fpv5-sp-d16\libgcc.a(_udivmoddi4.o)
                0x08000250                __udivmoddi4
 .text          0x0800052c        0x4 c:/program files (x86)/atollic/truestudio for stm32 9.0.1/armtools/bin/../lib/gcc/arm-atollic-eabi/6.3.1/armv7e-m/fpu/fpv5-sp-d16\libgcc.a(_dvmd_tls.o)
                0x0800052c                __aeabi_idiv0
                0x0800052c                __aeabi_ldiv0
 *(.text*)
 .text.HAL_InitTick
                0x08000530       0x4c Drivers\STM32F7xx_HAL_Driver\Src\stm32f7xx_hal.o
                0x08000530                HAL_InitTick
 .text.HAL_Init
                0x0800057c       0x16 Drivers\STM32F7xx_HAL_Driver\Src\stm32f7xx_hal.o
                0x0800057c                HAL_Init
 *fill*         0x08000592        0x2 
 .text.HAL_IncTick
                0x08000594       0x18 Drivers\STM32F7xx_HAL_Driver\Src\stm32f7xx_hal.o
                0x08000594                HAL_IncTick
 .text.HAL_GetTick
                0x080005ac        0xc Drivers\STM32F7xx_HAL_Driver\Src\stm32f7xx_hal.o
                0x080005ac                HAL_GetTick
 .text.ADC_Init
                0x080005b8      0x130 Drivers\STM32F7xx_HAL_Driver\Src\stm32f7xx_hal_adc.o
 .text.HAL_ADC_Init
                0x080006e8       0x54 Drivers\STM32F7xx_HAL_Driver\Src\stm32f7xx_hal_adc.o
                0x080006e8                HAL_ADC_Init
 .text.HAL_ADC_Stop_IT
                0x0800073c       0x4c Drivers\STM32F7xx_HAL_Driver\Src\stm32f7xx_hal_adc.o
                0x0800073c                HAL_ADC_Stop_IT
 .text.HAL_ADC_GetValue
                0x08000788        0x6 Drivers\STM32F7xx_HAL_Driver\Src\stm32f7xx_hal_adc.o
                0x08000788                HAL_ADC_GetValue
 .text.HAL_ADC_LevelOutOfWindowCallback
                0x0800078e        0x2 Drivers\STM32F7xx_HAL_Driver\Src\stm32f7xx_hal_adc.o
                0x0800078e                HAL_ADC_LevelOutOfWindowCallback
 .text.HAL_ADC_ErrorCallback
                0x08000790        0x2 Drivers\STM32F7xx_HAL_Driver\Src\stm32f7xx_hal_adc.o
                0x08000790                HAL_ADC_ErrorCallback
 .text.HAL_ADC_IRQHandler
                0x08000792      0x142 Drivers\STM32F7xx_HAL_Driver\Src\stm32f7xx_hal_adc.o
                0x08000792                HAL_ADC_IRQHandler
 .text.HAL_ADC_ConfigChannel
                0x080008d4      0x1ac Drivers\STM32F7xx_HAL_Driver\Src\stm32f7xx_hal_adc.o
                0x080008d4                HAL_ADC_ConfigChannel
 .text.HAL_ADCEx_InjectedConvCpltCallback
                0x08000a80        0x2 Drivers\STM32F7xx_HAL_Driver\Src\stm32f7xx_hal_adc_ex.o
                0x08000a80                HAL_ADCEx_InjectedConvCpltCallback
 *fill*         0x08000a82        0x2 
 .text.HAL_NVIC_SetPriorityGrouping
                0x08000a84       0x24 Drivers\STM32F7xx_HAL_Driver\Src\stm32f7xx_hal_cortex.o
                0x08000a84                HAL_NVIC_SetPriorityGrouping
 .text.HAL_NVIC_SetPriority
                0x08000aa8       0x60 Drivers\STM32F7xx_HAL_Driver\Src\stm32f7xx_hal_cortex.o
                0x08000aa8                HAL_NVIC_SetPriority
 .text.HAL_NVIC_EnableIRQ
                0x08000b08       0x18 Drivers\STM32F7xx_HAL_Driver\Src\stm32f7xx_hal_cortex.o
                0x08000b08                HAL_NVIC_EnableIRQ
 .text.HAL_SYSTICK_Config
                0x08000b20       0x2c Drivers\STM32F7xx_HAL_Driver\Src\stm32f7xx_hal_cortex.o
                0x08000b20                HAL_SYSTICK_Config
 .text.HAL_SYSTICK_CLKSourceConfig
                0x08000b4c       0x20 Drivers\STM32F7xx_HAL_Driver\Src\stm32f7xx_hal_cortex.o
                0x08000b4c                HAL_SYSTICK_CLKSourceConfig
 .text.HAL_SYSTICK_Callback
                0x08000b6c        0x2 Drivers\STM32F7xx_HAL_Driver\Src\stm32f7xx_hal_cortex.o
                0x08000b6c                HAL_SYSTICK_Callback
 .text.HAL_SYSTICK_IRQHandler
                0x08000b6e        0x8 Drivers\STM32F7xx_HAL_Driver\Src\stm32f7xx_hal_cortex.o
                0x08000b6e                HAL_SYSTICK_IRQHandler
 .text.DMA_SetConfig
                0x08000b76       0x2c Drivers\STM32F7xx_HAL_Driver\Src\stm32f7xx_hal_dma.o
 *fill*         0x08000ba2        0x2 
 .text.DMA_CalcBaseAndBitshift
                0x08000ba4       0x38 Drivers\STM32F7xx_HAL_Driver\Src\stm32f7xx_hal_dma.o
 .text.DMA_CheckFifoParam
                0x08000bdc       0x8e Drivers\STM32F7xx_HAL_Driver\Src\stm32f7xx_hal_dma.o
 *fill*         0x08000c6a        0x2 
 .text.HAL_DMA_Init
                0x08000c6c       0xd0 Drivers\STM32F7xx_HAL_Driver\Src\stm32f7xx_hal_dma.o
                0x08000c6c                HAL_DMA_Init
 .text.HAL_DMA_Start_IT
                0x08000d3c       0x74 Drivers\STM32F7xx_HAL_Driver\Src\stm32f7xx_hal_dma.o
                0x08000d3c                HAL_DMA_Start_IT
 .text.HAL_DMA_Abort_IT
                0x08000db0       0x26 Drivers\STM32F7xx_HAL_Driver\Src\stm32f7xx_hal_dma.o
                0x08000db0                HAL_DMA_Abort_IT
 *fill*         0x08000dd6        0x2 
 .text.HAL_DMA_IRQHandler
                0x08000dd8      0x1dc Drivers\STM32F7xx_HAL_Driver\Src\stm32f7xx_hal_dma.o
                0x08000dd8                HAL_DMA_IRQHandler
 .text.HAL_GPIO_Init
                0x08000fb4      0x1c4 Drivers\STM32F7xx_HAL_Driver\Src\stm32f7xx_hal_gpio.o
                0x08000fb4                HAL_GPIO_Init
 .text.HAL_RCC_OscConfig
                0x08001178      0x3d4 Drivers\STM32F7xx_HAL_Driver\Src\stm32f7xx_hal_rcc.o
                0x08001178                HAL_RCC_OscConfig
 .text.HAL_RCC_GetSysClockFreq
                0x0800154c       0xa4 Drivers\STM32F7xx_HAL_Driver\Src\stm32f7xx_hal_rcc.o
                0x0800154c                HAL_RCC_GetSysClockFreq
 .text.HAL_RCC_ClockConfig
                0x080015f0      0x164 Drivers\STM32F7xx_HAL_Driver\Src\stm32f7xx_hal_rcc.o
                0x080015f0                HAL_RCC_ClockConfig
 .text.HAL_RCC_GetHCLKFreq
                0x08001754        0xc Drivers\STM32F7xx_HAL_Driver\Src\stm32f7xx_hal_rcc.o
                0x08001754                HAL_RCC_GetHCLKFreq
 .text.HAL_RCC_GetPCLK1Freq
                0x08001760       0x20 Drivers\STM32F7xx_HAL_Driver\Src\stm32f7xx_hal_rcc.o
                0x08001760                HAL_RCC_GetPCLK1Freq
 .text.HAL_RCC_GetPCLK2Freq
                0x08001780       0x20 Drivers\STM32F7xx_HAL_Driver\Src\stm32f7xx_hal_rcc.o
                0x08001780                HAL_RCC_GetPCLK2Freq
 .text.HAL_RCCEx_PeriphCLKConfig
                0x080017a0      0x4ec Drivers\STM32F7xx_HAL_Driver\Src\stm32f7xx_hal_rcc_ex.o
                0x080017a0                HAL_RCCEx_PeriphCLKConfig
 .text.TIM_TI1_ConfigInputStage
                0x08001c8c       0x26 Drivers\STM32F7xx_HAL_Driver\Src\stm32f7xx_hal_tim.o
 .text.TIM_TI2_ConfigInputStage
                0x08001cb2       0x28 Drivers\STM32F7xx_HAL_Driver\Src\stm32f7xx_hal_tim.o
 .text.TIM_ITRx_SetConfig
                0x08001cda       0x10 Drivers\STM32F7xx_HAL_Driver\Src\stm32f7xx_hal_tim.o
 .text.HAL_TIM_PWM_MspInit
                0x08001cea        0x2 Drivers\STM32F7xx_HAL_Driver\Src\stm32f7xx_hal_tim.o
                0x08001cea                HAL_TIM_PWM_MspInit
 .text.TIM_Base_SetConfig
                0x08001cec      0x140 Drivers\STM32F7xx_HAL_Driver\Src\stm32f7xx_hal_tim.o
                0x08001cec                TIM_Base_SetConfig
 .text.HAL_TIM_Base_Init
                0x08001e2c       0x32 Drivers\STM32F7xx_HAL_Driver\Src\stm32f7xx_hal_tim.o
                0x08001e2c                HAL_TIM_Base_Init
 .text.HAL_TIM_PWM_Init
                0x08001e5e       0x32 Drivers\STM32F7xx_HAL_Driver\Src\stm32f7xx_hal_tim.o
                0x08001e5e                HAL_TIM_PWM_Init
 .text.TIM_OC1_SetConfig
                0x08001e90       0x60 Drivers\STM32F7xx_HAL_Driver\Src\stm32f7xx_hal_tim.o
                0x08001e90                TIM_OC1_SetConfig
 .text.TIM_OC2_SetConfig
                0x08001ef0       0x68 Drivers\STM32F7xx_HAL_Driver\Src\stm32f7xx_hal_tim.o
                0x08001ef0                TIM_OC2_SetConfig
 .text.TIM_OC3_SetConfig
                0x08001f58       0x68 Drivers\STM32F7xx_HAL_Driver\Src\stm32f7xx_hal_tim.o
                0x08001f58                TIM_OC3_SetConfig
 .text.TIM_OC4_SetConfig
                0x08001fc0       0x54 Drivers\STM32F7xx_HAL_Driver\Src\stm32f7xx_hal_tim.o
                0x08001fc0                TIM_OC4_SetConfig
 .text.TIM_ETR_SetConfig
                0x08002014       0x18 Drivers\STM32F7xx_HAL_Driver\Src\stm32f7xx_hal_tim.o
                0x08002014                TIM_ETR_SetConfig
 .text.HAL_TIM_ConfigClockSource
                0x0800202c      0x114 Drivers\STM32F7xx_HAL_Driver\Src\stm32f7xx_hal_tim.o
                0x0800202c                HAL_TIM_ConfigClockSource
 .text.TIM_CCxChannelCmd
                0x08002140       0x1e Drivers\STM32F7xx_HAL_Driver\Src\stm32f7xx_hal_tim.o
                0x08002140                TIM_CCxChannelCmd
 *fill*         0x0800215e        0x2 
 .text.HAL_TIM_PWM_Start
                0x08002160       0x38 Drivers\STM32F7xx_HAL_Driver\Src\stm32f7xx_hal_tim.o
                0x08002160                HAL_TIM_PWM_Start
 .text.TIM_OC5_SetConfig
                0x08002198       0x54 Drivers\STM32F7xx_HAL_Driver\Src\stm32f7xx_hal_tim_ex.o
 .text.TIM_OC6_SetConfig
                0x080021ec       0x54 Drivers\STM32F7xx_HAL_Driver\Src\stm32f7xx_hal_tim_ex.o
 .text.HAL_TIMEx_MasterConfigSynchronization
                0x08002240       0x58 Drivers\STM32F7xx_HAL_Driver\Src\stm32f7xx_hal_tim_ex.o
                0x08002240                HAL_TIMEx_MasterConfigSynchronization
 .text.HAL_TIM_PWM_ConfigChannel
                0x08002298      0x134 Drivers\STM32F7xx_HAL_Driver\Src\stm32f7xx_hal_tim_ex.o
                0x08002298                HAL_TIM_PWM_ConfigChannel
 .text.UART_Transmit_IT
                0x080023cc       0x6e Drivers\STM32F7xx_HAL_Driver\Src\stm32f7xx_hal_uart.o
 .text.UART_EndTxTransfer
                0x0800243a       0x12 Drivers\STM32F7xx_HAL_Driver\Src\stm32f7xx_hal_uart.o
 .text.UART_EndRxTransfer
                0x0800244c       0x1c Drivers\STM32F7xx_HAL_Driver\Src\stm32f7xx_hal_uart.o
 .text.HAL_UART_Transmit_DMA
                0x08002468       0x8c Drivers\STM32F7xx_HAL_Driver\Src\stm32f7xx_hal_uart.o
                0x08002468                HAL_UART_Transmit_DMA
 .text.UART_WaitOnFlagUntilTimeout
                0x080024f4       0x64 Drivers\STM32F7xx_HAL_Driver\Src\stm32f7xx_hal_uart.o
                0x080024f4                UART_WaitOnFlagUntilTimeout
 .text.UART_DMATransmitCplt
                0x08002558       0x32 Drivers\STM32F7xx_HAL_Driver\Src\stm32f7xx_hal_uart.o
 .text.UART_EndTransmit_IT
                0x0800258a       0x1a Drivers\STM32F7xx_HAL_Driver\Src\stm32f7xx_hal_uart.o
 .text.HAL_UART_TxHalfCpltCallback
                0x080025a4        0x2 Drivers\STM32F7xx_HAL_Driver\Src\stm32f7xx_hal_uart.o
                0x080025a4                HAL_UART_TxHalfCpltCallback
 .text.UART_DMATxHalfCplt
                0x080025a6        0xa Drivers\STM32F7xx_HAL_Driver\Src\stm32f7xx_hal_uart.o
 .text.HAL_UART_RxCpltCallback
                0x080025b0        0x2 Drivers\STM32F7xx_HAL_Driver\Src\stm32f7xx_hal_uart.o
                0x080025b0                HAL_UART_RxCpltCallback
 .text.UART_Receive_IT
                0x080025b2       0x84 Drivers\STM32F7xx_HAL_Driver\Src\stm32f7xx_hal_uart.o
 .text.HAL_UART_ErrorCallback
                0x08002636        0x2 Drivers\STM32F7xx_HAL_Driver\Src\stm32f7xx_hal_uart.o
                0x08002636                HAL_UART_ErrorCallback
 .text.UART_DMAError
                0x08002638       0x56 Drivers\STM32F7xx_HAL_Driver\Src\stm32f7xx_hal_uart.o
 *fill*         0x0800268e        0x2 
 .text.HAL_UART_IRQHandler
                0x08002690      0x138 Drivers\STM32F7xx_HAL_Driver\Src\stm32f7xx_hal_uart.o
                0x08002690                HAL_UART_IRQHandler
 .text.UART_DMAAbortOnError
                0x080027c8       0x14 Drivers\STM32F7xx_HAL_Driver\Src\stm32f7xx_hal_uart.o
 .text.UART_SetConfig
                0x080027dc      0x360 Drivers\STM32F7xx_HAL_Driver\Src\stm32f7xx_hal_uart.o
                0x080027dc                UART_SetConfig
 .text.UART_AdvFeatureConfig
                0x08002b3c       0xca Drivers\STM32F7xx_HAL_Driver\Src\stm32f7xx_hal_uart.o
                0x08002b3c                UART_AdvFeatureConfig
 .text.UART_CheckIdleState
                0x08002c06       0x48 Drivers\STM32F7xx_HAL_Driver\Src\stm32f7xx_hal_uart.o
                0x08002c06                UART_CheckIdleState
 .text.HAL_UART_Init
                0x08002c4e       0x68 Drivers\STM32F7xx_HAL_Driver\Src\stm32f7xx_hal_uart.o
                0x08002c4e                HAL_UART_Init
 *fill*         0x08002cb6        0x2 
 .text.MX_GPIO_Init
                0x08002cb8       0x54 Src\main.o
 .text.MX_DMA_Init
                0x08002d0c       0x44 Src\main.o
 .text.print_timer_count
                0x08002d50       0x1c Src\main.o
                0x08002d50                print_timer_count
 .text.HAL_UART_TxCpltCallback
                0x08002d6c       0x14 Src\main.o
                0x08002d6c                HAL_UART_TxCpltCallback
 .text.HAL_ADC_ConvCpltCallback
                0x08002d80       0x24 Src\main.o
                0x08002d80                HAL_ADC_ConvCpltCallback
 .text._Error_Handler
                0x08002da4        0x2 Src\main.o
                0x08002da4                _Error_Handler
 *fill*         0x08002da6        0x2 
 .text.MX_ADC1_Init
                0x08002da8       0x7c Src\main.o
 .text.MX_TIM4_Init
                0x08002e24       0xb0 Src\main.o
 .text.MX_UART4_Init
                0x08002ed4       0x50 Src\main.o
 .text.SystemClock_Config
                0x08002f24       0xc0 Src\main.o
                0x08002f24                SystemClock_Config
 .text.main     0x08002fe4       0x48 Src\main.o
                0x08002fe4                main
 .text.HAL_TIM_Base_MspInit
                0x0800302c       0x2c Src\stm32f7xx_hal_msp.o
                0x0800302c                HAL_TIM_Base_MspInit
 .text.HAL_ADC_MspInit
                0x08003058       0x48 Src\stm32f7xx_hal_msp.o
                0x08003058                HAL_ADC_MspInit
 .text.HAL_MspInit
                0x080030a0       0x90 Src\stm32f7xx_hal_msp.o
                0x080030a0                HAL_MspInit
 .text.HAL_TIM_MspPostInit
                0x08003130       0x38 Src\stm32f7xx_hal_msp.o
                0x08003130                HAL_TIM_MspPostInit
 .text.HAL_UART_MspInit
                0x08003168       0xd0 Src\stm32f7xx_hal_msp.o
                0x08003168                HAL_UART_MspInit
 .text.NMI_Handler
                0x08003238        0x2 Src\stm32f7xx_it.o
                0x08003238                NMI_Handler
 .text.HardFault_Handler
                0x0800323a        0x2 Src\stm32f7xx_it.o
                0x0800323a                HardFault_Handler
 .text.MemManage_Handler
                0x0800323c        0x2 Src\stm32f7xx_it.o
                0x0800323c                MemManage_Handler
 .text.BusFault_Handler
                0x0800323e        0x2 Src\stm32f7xx_it.o
                0x0800323e                BusFault_Handler
 .text.UsageFault_Handler
                0x08003240        0x2 Src\stm32f7xx_it.o
                0x08003240                UsageFault_Handler
 .text.SVC_Handler
                0x08003242        0x2 Src\stm32f7xx_it.o
                0x08003242                SVC_Handler
 .text.DebugMon_Handler
                0x08003244        0x2 Src\stm32f7xx_it.o
                0x08003244                DebugMon_Handler
 .text.PendSV_Handler
                0x08003246        0x2 Src\stm32f7xx_it.o
                0x08003246                PendSV_Handler
 .text.SysTick_Handler
                0x08003248        0xc Src\stm32f7xx_it.o
                0x08003248                SysTick_Handler
 .text.DMA1_Stream2_IRQHandler
                0x08003254       0x10 Src\stm32f7xx_it.o
                0x08003254                DMA1_Stream2_IRQHandler
 .text.UART4_IRQHandler
                0x08003264       0x10 Src\stm32f7xx_it.o
                0x08003264                UART4_IRQHandler
 .text.DMA1_Stream4_IRQHandler
                0x08003274       0x10 Src\stm32f7xx_it.o
                0x08003274                DMA1_Stream4_IRQHandler
 .text.ADC_IRQHandler
                0x08003284       0x10 Src\stm32f7xx_it.o
                0x08003284                ADC_IRQHandler
 .text.SystemInit
                0x08003294       0x50 Src\system_stm32f7xx.o
                0x08003294                SystemInit
 .text.uart_debug_transmit
                0x080032e4       0x50 Src\uart_debug.o
 .text.uart_debug_init
                0x08003334       0x1c Src\uart_debug.o
                0x08003334                uart_debug_init
 .text.uart_debug_add_to_buffer
                0x08003350       0x90 Src\uart_debug.o
                0x08003350                uart_debug_add_to_buffer
 .text.uart_debug_print_uint32
                0x080033e0       0x3c Src\uart_debug.o
                0x080033e0                uart_debug_print_uint32
 .text.uart_debug_newline
                0x0800341c       0x18 Src\uart_debug.o
                0x0800341c                uart_debug_newline
 .text.uart_debug_send_line
                0x08003434       0x1c Src\uart_debug.o
                0x08003434                uart_debug_send_line
 .text.uart_debug_send_string
                0x08003450       0x18 Src\uart_debug.o
                0x08003450                uart_debug_send_string
 .text.uart_debug_callback
                0x08003468       0x58 Src\uart_debug.o
                0x08003468                uart_debug_callback
 .text.Reset_Handler
                0x080034c0       0x50 startup\startup_stm32f722xx.o
                0x080034c0                Reset_Handler
 .text.Default_Handler
                0x08003510        0x2 startup\startup_stm32f722xx.o
                0x08003510                RTC_Alarm_IRQHandler
                0x08003510                EXTI2_IRQHandler
                0x08003510                TIM8_CC_IRQHandler
                0x08003510                UART8_IRQHandler
                0x08003510                SPI4_IRQHandler
                0x08003510                TIM1_CC_IRQHandler
                0x08003510                DMA2_Stream5_IRQHandler
                0x08003510                DMA1_Stream5_IRQHandler
                0x08003510                PVD_IRQHandler
                0x08003510                TAMP_STAMP_IRQHandler
                0x08003510                EXTI3_IRQHandler
                0x08003510                TIM8_TRG_COM_TIM14_IRQHandler
                0x08003510                TIM1_UP_TIM10_IRQHandler
                0x08003510                TIM8_UP_TIM13_IRQHandler
                0x08003510                I2C3_ER_IRQHandler
                0x08003510                EXTI0_IRQHandler
                0x08003510                I2C2_EV_IRQHandler
                0x08003510                CAN1_RX0_IRQHandler
                0x08003510                FPU_IRQHandler
                0x08003510                OTG_HS_WKUP_IRQHandler
                0x08003510                DMA2_Stream2_IRQHandler
                0x08003510                SPI1_IRQHandler
                0x08003510                TIM6_DAC_IRQHandler
                0x08003510                TIM1_BRK_TIM9_IRQHandler
                0x08003510                DMA2_Stream3_IRQHandler
                0x08003510                SAI2_IRQHandler
                0x08003510                USART6_IRQHandler
                0x08003510                USART3_IRQHandler
                0x08003510                CAN1_RX1_IRQHandler
                0x08003510                UART5_IRQHandler
                0x08003510                DMA2_Stream0_IRQHandler
                0x08003510                TIM4_IRQHandler
                0x08003510                QUADSPI_IRQHandler
                0x08003510                I2C1_EV_IRQHandler
                0x08003510                DMA1_Stream6_IRQHandler
                0x08003510                DMA1_Stream1_IRQHandler
                0x08003510                TIM3_IRQHandler
                0x08003510                RCC_IRQHandler
                0x08003510                TIM8_BRK_TIM12_IRQHandler
                0x08003510                Default_Handler
                0x08003510                EXTI15_10_IRQHandler
                0x08003510                DMA1_Stream7_IRQHandler
                0x08003510                SPI5_IRQHandler
                0x08003510                TIM7_IRQHandler
                0x08003510                SDMMC1_IRQHandler
                0x08003510                TIM5_IRQHandler
                0x08003510                DMA2_Stream7_IRQHandler
                0x08003510                I2C3_EV_IRQHandler
                0x08003510                EXTI9_5_IRQHandler
                0x08003510                RTC_WKUP_IRQHandler
                0x08003510                SPI2_IRQHandler
                0x08003510                OTG_HS_EP1_IN_IRQHandler
                0x08003510                DMA1_Stream0_IRQHandler
                0x08003510                CAN1_TX_IRQHandler
                0x08003510                EXTI4_IRQHandler
                0x08003510                RNG_IRQHandler
                0x08003510                OTG_HS_EP1_OUT_IRQHandler
                0x08003510                WWDG_IRQHandler
                0x08003510                TIM2_IRQHandler
                0x08003510                OTG_FS_WKUP_IRQHandler
                0x08003510                TIM1_TRG_COM_TIM11_IRQHandler
                0x08003510                OTG_HS_IRQHandler
                0x08003510                EXTI1_IRQHandler
                0x08003510                SDMMC2_IRQHandler
                0x08003510                UART7_IRQHandler
                0x08003510                USART2_IRQHandler
                0x08003510                I2C2_ER_IRQHandler
                0x08003510                DMA2_Stream1_IRQHandler
                0x08003510                CAN1_SCE_IRQHandler
                0x08003510                FLASH_IRQHandler
                0x08003510                DMA2_Stream4_IRQHandler
                0x08003510                USART1_IRQHandler
                0x08003510                OTG_FS_IRQHandler
                0x08003510                SPI3_IRQHandler
                0x08003510                I2C1_ER_IRQHandler
                0x08003510                FMC_IRQHandler
                0x08003510                LPTIM1_IRQHandler
                0x08003510                DMA2_Stream6_IRQHandler
                0x08003510                SAI1_IRQHandler
                0x08003510                DMA1_Stream3_IRQHandler
 *fill*         0x08003512        0x2 
 .text.__libc_init_array
                0x08003514       0x48 c:/program files (x86)/atollic/truestudio for stm32 9.0.1/armtools/bin/../lib/gcc/arm-atollic-eabi/6.3.1/../../../../arm-atollic-eabi/lib/armv7e-m/fpu/fpv5-sp-d16\libc_nano.a(lib_a-init.o)
                0x08003514                __libc_init_array
 .text.memcpy   0x0800355c       0x16 c:/program files (x86)/atollic/truestudio for stm32 9.0.1/armtools/bin/../lib/gcc/arm-atollic-eabi/6.3.1/../../../../arm-atollic-eabi/lib/armv7e-m/fpu/fpv5-sp-d16\libc_nano.a(lib_a-memcpy-stub.o)
                0x0800355c                memcpy
 *(.glue_7)
 .glue_7        0x08003572        0x0 linker stubs
 *(.glue_7t)
 .glue_7t       0x08003572        0x0 linker stubs
 *(.eh_frame)
 *fill*         0x08003572        0x2 
 .eh_frame      0x08003574        0x0 c:/program files (x86)/atollic/truestudio for stm32 9.0.1/armtools/bin/../lib/gcc/arm-atollic-eabi/6.3.1/armv7e-m/fpu/fpv5-sp-d16/crtbegin.o
 *(.init)
 .init          0x08003574        0x4 c:/program files (x86)/atollic/truestudio for stm32 9.0.1/armtools/bin/../lib/gcc/arm-atollic-eabi/6.3.1/armv7e-m/fpu/fpv5-sp-d16/crti.o
                0x08003574                _init
 .init          0x08003578        0x8 c:/program files (x86)/atollic/truestudio for stm32 9.0.1/armtools/bin/../lib/gcc/arm-atollic-eabi/6.3.1/armv7e-m/fpu/fpv5-sp-d16/crtn.o
 *(.fini)
 .fini          0x08003580        0x4 c:/program files (x86)/atollic/truestudio for stm32 9.0.1/armtools/bin/../lib/gcc/arm-atollic-eabi/6.3.1/armv7e-m/fpu/fpv5-sp-d16/crti.o
                0x08003580                _fini
 .fini          0x08003584        0x8 c:/program files (x86)/atollic/truestudio for stm32 9.0.1/armtools/bin/../lib/gcc/arm-atollic-eabi/6.3.1/armv7e-m/fpu/fpv5-sp-d16/crtn.o
                0x0800358c                . = ALIGN (0x4)
                0x0800358c                _etext = .

.vfp11_veneer   0x0800358c        0x0
 .vfp11_veneer  0x0800358c        0x0 linker stubs

.v4_bx          0x0800358c        0x0
 .v4_bx         0x0800358c        0x0 linker stubs

.iplt           0x0800358c        0x0
 .iplt          0x0800358c        0x0 c:/program files (x86)/atollic/truestudio for stm32 9.0.1/armtools/bin/../lib/gcc/arm-atollic-eabi/6.3.1/armv7e-m/fpu/fpv5-sp-d16/crtbegin.o

.rodata         0x0800358c       0x78
                0x0800358c                . = ALIGN (0x4)
 *(.rodata)
 *(.rodata*)
 .rodata.flagBitshiftOffset.9423
                0x0800358c        0x8 Drivers\STM32F7xx_HAL_Driver\Src\stm32f7xx_hal_dma.o
 .rodata.MX_ADC1_Init.str1.4
                0x08003594        0xe Src\main.o
 *fill*         0x080035a2        0x2 
 .rodata.main.str1.4
                0x080035a4       0x1a Src\main.o
 *fill*         0x080035be        0x2 
 .rodata.print_timer_count.str1.4
                0x080035c0        0xe Src\main.o
 *fill*         0x080035ce        0x2 
 .rodata.HAL_UART_MspInit.str1.4
                0x080035d0       0x1c Src\stm32f7xx_hal_msp.o
                                 0x1b (size before relaxing)
 .rodata.AHBPrescTable
                0x080035ec       0x10 Src\system_stm32f7xx.o
                0x080035ec                AHBPrescTable
 .rodata.APBPrescTable
                0x080035fc        0x8 Src\system_stm32f7xx.o
                0x080035fc                APBPrescTable
                0x08003604                . = ALIGN (0x4)

.ARM.extab
 *(.ARM.extab* .gnu.linkonce.armextab.*)

.ARM            0x08003604        0x8
                0x08003604                __exidx_start = .
 *(.ARM.exidx*)
 .ARM.exidx     0x08003604        0x8 c:/program files (x86)/atollic/truestudio for stm32 9.0.1/armtools/bin/../lib/gcc/arm-atollic-eabi/6.3.1/armv7e-m/fpu/fpv5-sp-d16\libgcc.a(_udivmoddi4.o)
                0x0800360c                __exidx_end = .

.rel.dyn        0x0800360c        0x0
 .rel.iplt      0x0800360c        0x0 c:/program files (x86)/atollic/truestudio for stm32 9.0.1/armtools/bin/../lib/gcc/arm-atollic-eabi/6.3.1/armv7e-m/fpu/fpv5-sp-d16/crtbegin.o

.preinit_array  0x0800360c        0x0
                0x0800360c                PROVIDE (__preinit_array_start, .)
 *(.preinit_array*)
                0x0800360c                PROVIDE (__preinit_array_end, .)

.init_array     0x0800360c        0x4
                0x0800360c                PROVIDE (__init_array_start, .)
 *(SORT(.init_array.*))
 *(.init_array*)
 .init_array    0x0800360c        0x4 c:/program files (x86)/atollic/truestudio for stm32 9.0.1/armtools/bin/../lib/gcc/arm-atollic-eabi/6.3.1/armv7e-m/fpu/fpv5-sp-d16/crtbegin.o
                0x08003610                PROVIDE (__init_array_end, .)

.fini_array     0x08003610        0x4
                [!provide]                PROVIDE (__fini_array_start, .)
 *(SORT(.fini_array.*))
 *(.fini_array*)
 .fini_array    0x08003610        0x4 c:/program files (x86)/atollic/truestudio for stm32 9.0.1/armtools/bin/../lib/gcc/arm-atollic-eabi/6.3.1/armv7e-m/fpu/fpv5-sp-d16/crtbegin.o
                [!provide]                PROVIDE (__fini_array_end, .)
                0x08003614                _sidata = LOADADDR (.data)

.data           0x20000000       0x14 load address 0x08003614
                0x20000000                . = ALIGN (0x4)
                0x20000000                _sdata = .
 *(.data)
 *(.data*)
 .data.uwTickFreq
                0x20000000        0x1 Drivers\STM32F7xx_HAL_Driver\Src\stm32f7xx_hal.o
                0x20000000                uwTickFreq
 *fill*         0x20000001        0x3 
 .data.uwTickPrio
                0x20000004        0x4 Drivers\STM32F7xx_HAL_Driver\Src\stm32f7xx_hal.o
                0x20000004                uwTickPrio
 .data.SystemCoreClock
                0x20000008        0x4 Src\system_stm32f7xx.o
                0x20000008                SystemCoreClock
 .data.uart_debug_buffer_remaining
                0x2000000c        0x4 Src\uart_debug.o
                0x2000000c                uart_debug_buffer_remaining
 .data.uart_debug_busy_flag
                0x20000010        0x1 Src\uart_debug.o
                0x20000010                uart_debug_busy_flag
                0x20000014                . = ALIGN (0x4)
 *fill*         0x20000011        0x3 
                0x20000014                _edata = .

.igot.plt       0x20000014        0x0 load address 0x08003628
 .igot.plt      0x20000014        0x0 c:/program files (x86)/atollic/truestudio for stm32 9.0.1/armtools/bin/../lib/gcc/arm-atollic-eabi/6.3.1/armv7e-m/fpu/fpv5-sp-d16/crtbegin.o
                0x20000014                . = ALIGN (0x4)

.bss            0x20000014     0x2220 load address 0x08003628
                0x20000014                _sbss = .
                0x20000014                __bss_start__ = _sbss
 *(.bss)
 .bss           0x20000014       0x1c c:/program files (x86)/atollic/truestudio for stm32 9.0.1/armtools/bin/../lib/gcc/arm-atollic-eabi/6.3.1/armv7e-m/fpu/fpv5-sp-d16/crtbegin.o
 *(.bss*)
 .bss.adc_result
                0x20000030        0x4 Src\main.o
                0x20000030                adc_result
 .bss.debugUART
                0x20000034        0x4 Src\uart_debug.o
                0x20000034                debugUART
 .bss.uart_debug_buffer_head
                0x20000038        0x4 Src\uart_debug.o
                0x20000038                uart_debug_buffer_head
 .bss.uart_debug_buffer_tail
                0x2000003c        0x4 Src\uart_debug.o
                0x2000003c                uart_debug_buffer_tail
 .bss.uart_debug_buffer_transmit_head
                0x20000040        0x4 Src\uart_debug.o
                0x20000040                uart_debug_buffer_transmit_head
 *(COMMON)
 COMMON         0x20000044        0x4 Drivers\STM32F7xx_HAL_Driver\Src\stm32f7xx_hal.o
                0x20000044                uwTick
 COMMON         0x20000048      0x1b8 Src\main.o
                0x20000048                hdma_uart4_rx
                0x200000a8                htim4
                0x200000e8                hadc1
                0x20000130                huart4
                0x200001a0                hdma_uart4_tx
 COMMON         0x20000200     0x2034 Src\uart_debug.o
                0x20000200                uart_debug_buffer_temp
                0x20000234                uart_debug_buffer
                0x20002234                . = ALIGN (0x4)
                0x20002234                _ebss = .
                0x20002234                __bss_end__ = _ebss

._user_heap_stack
                0x20002234      0x600 load address 0x08003628
                0x20002234                . = ALIGN (0x4)
                [!provide]                PROVIDE (end, .)
                [!provide]                PROVIDE (_end, .)
                0x20002434                . = (. + _Min_Heap_Size)
 *fill*         0x20002234      0x200 
                0x20002834                . = (. + _Min_Stack_Size)
 *fill*         0x20002434      0x400 
                0x20002834                . = ALIGN (0x4)

/DISCARD/
 libc.a(*)
 libm.a(*)
 libgcc.a(*)

.ARM.attributes
                0x00000000       0x30
 *(.ARM.attributes)
 .ARM.attributes
                0x00000000       0x22 c:/program files (x86)/atollic/truestudio for stm32 9.0.1/armtools/bin/../lib/gcc/arm-atollic-eabi/6.3.1/armv7e-m/fpu/fpv5-sp-d16/crti.o
 .ARM.attributes
                0x00000022       0x34 c:/program files (x86)/atollic/truestudio for stm32 9.0.1/armtools/bin/../lib/gcc/arm-atollic-eabi/6.3.1/armv7e-m/fpu/fpv5-sp-d16/crtbegin.o
 .ARM.attributes
                0x00000056       0x39 Drivers\STM32F7xx_HAL_Driver\Src\stm32f7xx_hal.o
 .ARM.attributes
                0x0000008f       0x39 Drivers\STM32F7xx_HAL_Driver\Src\stm32f7xx_hal_adc.o
 .ARM.attributes
                0x000000c8       0x39 Drivers\STM32F7xx_HAL_Driver\Src\stm32f7xx_hal_adc_ex.o
 .ARM.attributes
                0x00000101       0x39 Drivers\STM32F7xx_HAL_Driver\Src\stm32f7xx_hal_cortex.o
 .ARM.attributes
                0x0000013a       0x39 Drivers\STM32F7xx_HAL_Driver\Src\stm32f7xx_hal_dma.o
 .ARM.attributes
                0x00000173       0x39 Drivers\STM32F7xx_HAL_Driver\Src\stm32f7xx_hal_gpio.o
 .ARM.attributes
                0x000001ac       0x39 Drivers\STM32F7xx_HAL_Driver\Src\stm32f7xx_hal_rcc.o
 .ARM.attributes
                0x000001e5       0x39 Drivers\STM32F7xx_HAL_Driver\Src\stm32f7xx_hal_rcc_ex.o
 .ARM.attributes
                0x0000021e       0x39 Drivers\STM32F7xx_HAL_Driver\Src\stm32f7xx_hal_tim.o
 .ARM.attributes
                0x00000257       0x39 Drivers\STM32F7xx_HAL_Driver\Src\stm32f7xx_hal_tim_ex.o
 .ARM.attributes
                0x00000290       0x39 Drivers\STM32F7xx_HAL_Driver\Src\stm32f7xx_hal_uart.o
 .ARM.attributes
                0x000002c9       0x39 Src\main.o
 .ARM.attributes
                0x00000302       0x39 Src\stm32f7xx_hal_msp.o
 .ARM.attributes
                0x0000033b       0x39 Src\stm32f7xx_it.o
 .ARM.attributes
                0x00000374       0x39 Src\system_stm32f7xx.o
 .ARM.attributes
                0x000003ad       0x39 Src\uart_debug.o
 .ARM.attributes
                0x000003e6       0x21 startup\startup_stm32f722xx.o
 .ARM.attributes
                0x00000407       0x34 c:/program files (x86)/atollic/truestudio for stm32 9.0.1/armtools/bin/../lib/gcc/arm-atollic-eabi/6.3.1/../../../../arm-atollic-eabi/lib/armv7e-m/fpu/fpv5-sp-d16\libc_nano.a(lib_a-init.o)
 .ARM.attributes
                0x0000043b       0x34 c:/program files (x86)/atollic/truestudio for stm32 9.0.1/armtools/bin/../lib/gcc/arm-atollic-eabi/6.3.1/../../../../arm-atollic-eabi/lib/armv7e-m/fpu/fpv5-sp-d16\libc_nano.a(lib_a-memcpy-stub.o)
 .ARM.attributes
                0x0000046f       0x22 c:/program files (x86)/atollic/truestudio for stm32 9.0.1/armtools/bin/../lib/gcc/arm-atollic-eabi/6.3.1/armv7e-m/fpu/fpv5-sp-d16\libgcc.a(_aeabi_uldivmod.o)
 .ARM.attributes
                0x00000491       0x34 c:/program files (x86)/atollic/truestudio for stm32 9.0.1/armtools/bin/../lib/gcc/arm-atollic-eabi/6.3.1/armv7e-m/fpu/fpv5-sp-d16\libgcc.a(_udivmoddi4.o)
 .ARM.attributes
                0x000004c5       0x22 c:/program files (x86)/atollic/truestudio for stm32 9.0.1/armtools/bin/../lib/gcc/arm-atollic-eabi/6.3.1/armv7e-m/fpu/fpv5-sp-d16\libgcc.a(_dvmd_tls.o)
 .ARM.attributes
                0x000004e7       0x22 c:/program files (x86)/atollic/truestudio for stm32 9.0.1/armtools/bin/../lib/gcc/arm-atollic-eabi/6.3.1/armv7e-m/fpu/fpv5-sp-d16/crtn.o
OUTPUT(F722_timer_adc_uart.elf elf32-littlearm)

.debug_info     0x00000000    0x18aad
 .debug_info    0x00000000     0x1224 Drivers\STM32F7xx_HAL_Driver\Src\stm32f7xx_hal.o
 .debug_info    0x00001224     0x1570 Drivers\STM32F7xx_HAL_Driver\Src\stm32f7xx_hal_adc.o
 .debug_info    0x00002794     0x136d Drivers\STM32F7xx_HAL_Driver\Src\stm32f7xx_hal_adc_ex.o
 .debug_info    0x00003b01     0x1920 Drivers\STM32F7xx_HAL_Driver\Src\stm32f7xx_hal_cortex.o
 .debug_info    0x00005421     0x126a Drivers\STM32F7xx_HAL_Driver\Src\stm32f7xx_hal_dma.o
 .debug_info    0x0000668b      0xfaa Drivers\STM32F7xx_HAL_Driver\Src\stm32f7xx_hal_gpio.o
 .debug_info    0x00007635     0x1309 Drivers\STM32F7xx_HAL_Driver\Src\stm32f7xx_hal_rcc.o
 .debug_info    0x0000893e     0x1056 Drivers\STM32F7xx_HAL_Driver\Src\stm32f7xx_hal_rcc_ex.o
 .debug_info    0x00009994     0x36fc Drivers\STM32F7xx_HAL_Driver\Src\stm32f7xx_hal_tim.o
 .debug_info    0x0000d090     0x1ebc Drivers\STM32F7xx_HAL_Driver\Src\stm32f7xx_hal_tim_ex.o
 .debug_info    0x0000ef4c     0x205a Drivers\STM32F7xx_HAL_Driver\Src\stm32f7xx_hal_uart.o
 .debug_info    0x00010fa6     0x25b2 Src\main.o
 .debug_info    0x00013558     0x1c42 Src\stm32f7xx_hal_msp.o
 .debug_info    0x0001519a     0x1218 Src\stm32f7xx_it.o
 .debug_info    0x000163b2      0xf05 Src\system_stm32f7xx.o
 .debug_info    0x000172b7     0x1773 Src\uart_debug.o
 .debug_info    0x00018a2a       0x83 startup\startup_stm32f722xx.o

.debug_abbrev   0x00000000     0x2a84
 .debug_abbrev  0x00000000      0x2a8 Drivers\STM32F7xx_HAL_Driver\Src\stm32f7xx_hal.o
 .debug_abbrev  0x000002a8      0x290 Drivers\STM32F7xx_HAL_Driver\Src\stm32f7xx_hal_adc.o
 .debug_abbrev  0x00000538      0x2cc Drivers\STM32F7xx_HAL_Driver\Src\stm32f7xx_hal_adc_ex.o
 .debug_abbrev  0x00000804      0x3a8 Drivers\STM32F7xx_HAL_Driver\Src\stm32f7xx_hal_cortex.o
 .debug_abbrev  0x00000bac      0x2ed Drivers\STM32F7xx_HAL_Driver\Src\stm32f7xx_hal_dma.o
 .debug_abbrev  0x00000e99      0x26a Drivers\STM32F7xx_HAL_Driver\Src\stm32f7xx_hal_gpio.o
 .debug_abbrev  0x00001103      0x2c4 Drivers\STM32F7xx_HAL_Driver\Src\stm32f7xx_hal_rcc.o
 .debug_abbrev  0x000013c7      0x227 Drivers\STM32F7xx_HAL_Driver\Src\stm32f7xx_hal_rcc_ex.o
 .debug_abbrev  0x000015ee      0x276 Drivers\STM32F7xx_HAL_Driver\Src\stm32f7xx_hal_tim.o
 .debug_abbrev  0x00001864      0x2a1 Drivers\STM32F7xx_HAL_Driver\Src\stm32f7xx_hal_tim_ex.o
 .debug_abbrev  0x00001b05      0x2d7 Drivers\STM32F7xx_HAL_Driver\Src\stm32f7xx_hal_uart.o
 .debug_abbrev  0x00001ddc      0x2fa Src\main.o
 .debug_abbrev  0x000020d6      0x272 Src\stm32f7xx_hal_msp.o
 .debug_abbrev  0x00002348      0x1e4 Src\stm32f7xx_it.o
 .debug_abbrev  0x0000252c      0x1e6 Src\system_stm32f7xx.o
 .debug_abbrev  0x00002712      0x360 Src\uart_debug.o
 .debug_abbrev  0x00002a72       0x12 startup\startup_stm32f722xx.o

.debug_loc      0x00000000     0x9f66
 .debug_loc     0x00000000      0x108 Drivers\STM32F7xx_HAL_Driver\Src\stm32f7xx_hal.o
 .debug_loc     0x00000108      0x853 Drivers\STM32F7xx_HAL_Driver\Src\stm32f7xx_hal_adc.o
 .debug_loc     0x0000095b      0x80e Drivers\STM32F7xx_HAL_Driver\Src\stm32f7xx_hal_adc_ex.o
 .debug_loc     0x00001169      0x5c0 Drivers\STM32F7xx_HAL_Driver\Src\stm32f7xx_hal_cortex.o
 .debug_loc     0x00001729      0xb59 Drivers\STM32F7xx_HAL_Driver\Src\stm32f7xx_hal_dma.o
 .debug_loc     0x00002282      0x409 Drivers\STM32F7xx_HAL_Driver\Src\stm32f7xx_hal_gpio.o
 .debug_loc     0x0000268b      0x4a2 Drivers\STM32F7xx_HAL_Driver\Src\stm32f7xx_hal_rcc.o
 .debug_loc     0x00002b2d      0x554 Drivers\STM32F7xx_HAL_Driver\Src\stm32f7xx_hal_rcc_ex.o
 .debug_loc     0x00003081     0x352a Drivers\STM32F7xx_HAL_Driver\Src\stm32f7xx_hal_tim.o
 .debug_loc     0x000065ab     0x1857 Drivers\STM32F7xx_HAL_Driver\Src\stm32f7xx_hal_tim_ex.o
 .debug_loc     0x00007e02     0x16aa Drivers\STM32F7xx_HAL_Driver\Src\stm32f7xx_hal_uart.o
 .debug_loc     0x000094ac       0xf4 Src\main.o
 .debug_loc     0x000095a0       0xc6 Src\stm32f7xx_hal_msp.o
 .debug_loc     0x00009666      0x13e Src\system_stm32f7xx.o
 .debug_loc     0x000097a4      0x7c2 Src\uart_debug.o

.debug_aranges  0x00000000      0xdb0
 .debug_aranges
                0x00000000      0x100 Drivers\STM32F7xx_HAL_Driver\Src\stm32f7xx_hal.o
 .debug_aranges
                0x00000100       0xe8 Drivers\STM32F7xx_HAL_Driver\Src\stm32f7xx_hal_adc.o
 .debug_aranges
                0x000001e8       0x90 Drivers\STM32F7xx_HAL_Driver\Src\stm32f7xx_hal_adc_ex.o
 .debug_aranges
                0x00000278       0xa8 Drivers\STM32F7xx_HAL_Driver\Src\stm32f7xx_hal_cortex.o
 .debug_aranges
                0x00000320       0x90 Drivers\STM32F7xx_HAL_Driver\Src\stm32f7xx_hal_dma.o
 .debug_aranges
                0x000003b0       0x58 Drivers\STM32F7xx_HAL_Driver\Src\stm32f7xx_hal_gpio.o
 .debug_aranges
                0x00000408       0x88 Drivers\STM32F7xx_HAL_Driver\Src\stm32f7xx_hal_rcc.o
 .debug_aranges
                0x00000490       0x50 Drivers\STM32F7xx_HAL_Driver\Src\stm32f7xx_hal_rcc_ex.o
 .debug_aranges
                0x000004e0      0x368 Drivers\STM32F7xx_HAL_Driver\Src\stm32f7xx_hal_tim.o
 .debug_aranges
                0x00000848      0x170 Drivers\STM32F7xx_HAL_Driver\Src\stm32f7xx_hal_tim_ex.o
 .debug_aranges
                0x000009b8      0x190 Drivers\STM32F7xx_HAL_Driver\Src\stm32f7xx_hal_uart.o
 .debug_aranges
                0x00000b48       0x80 Src\main.o
 .debug_aranges
                0x00000bc8       0x58 Src\stm32f7xx_hal_msp.o
 .debug_aranges
                0x00000c20       0x80 Src\stm32f7xx_it.o
 .debug_aranges
                0x00000ca0       0x28 Src\system_stm32f7xx.o
 .debug_aranges
                0x00000cc8       0xc0 Src\uart_debug.o
 .debug_aranges
                0x00000d88       0x28 startup\startup_stm32f722xx.o

.debug_ranges   0x00000000      0xde8
 .debug_ranges  0x00000000       0xf0 Drivers\STM32F7xx_HAL_Driver\Src\stm32f7xx_hal.o
 .debug_ranges  0x000000f0       0xd8 Drivers\STM32F7xx_HAL_Driver\Src\stm32f7xx_hal_adc.o
 .debug_ranges  0x000001c8       0x80 Drivers\STM32F7xx_HAL_Driver\Src\stm32f7xx_hal_adc_ex.o
 .debug_ranges  0x00000248       0xf8 Drivers\STM32F7xx_HAL_Driver\Src\stm32f7xx_hal_cortex.o
 .debug_ranges  0x00000340       0x80 Drivers\STM32F7xx_HAL_Driver\Src\stm32f7xx_hal_dma.o
 .debug_ranges  0x000003c0       0x48 Drivers\STM32F7xx_HAL_Driver\Src\stm32f7xx_hal_gpio.o
 .debug_ranges  0x00000408       0x78 Drivers\STM32F7xx_HAL_Driver\Src\stm32f7xx_hal_rcc.o
 .debug_ranges  0x00000480       0x40 Drivers\STM32F7xx_HAL_Driver\Src\stm32f7xx_hal_rcc_ex.o
 .debug_ranges  0x000004c0      0x358 Drivers\STM32F7xx_HAL_Driver\Src\stm32f7xx_hal_tim.o
 .debug_ranges  0x00000818      0x160 Drivers\STM32F7xx_HAL_Driver\Src\stm32f7xx_hal_tim_ex.o
 .debug_ranges  0x00000978      0x180 Drivers\STM32F7xx_HAL_Driver\Src\stm32f7xx_hal_uart.o
 .debug_ranges  0x00000af8       0x70 Src\main.o
 .debug_ranges  0x00000b68       0x48 Src\stm32f7xx_hal_msp.o
 .debug_ranges  0x00000bb0       0x70 Src\stm32f7xx_it.o
 .debug_ranges  0x00000c20       0x18 Src\system_stm32f7xx.o
 .debug_ranges  0x00000c38      0x190 Src\uart_debug.o
 .debug_ranges  0x00000dc8       0x20 startup\startup_stm32f722xx.o

.debug_line     0x00000000     0x698e
 .debug_line    0x00000000      0x4cd Drivers\STM32F7xx_HAL_Driver\Src\stm32f7xx_hal.o
 .debug_line    0x000004cd      0x734 Drivers\STM32F7xx_HAL_Driver\Src\stm32f7xx_hal_adc.o
 .debug_line    0x00000c01      0x606 Drivers\STM32F7xx_HAL_Driver\Src\stm32f7xx_hal_adc_ex.o
 .debug_line    0x00001207      0x4bc Drivers\STM32F7xx_HAL_Driver\Src\stm32f7xx_hal_cortex.o
 .debug_line    0x000016c3      0x5e3 Drivers\STM32F7xx_HAL_Driver\Src\stm32f7xx_hal_dma.o
 .debug_line    0x00001ca6      0x424 Drivers\STM32F7xx_HAL_Driver\Src\stm32f7xx_hal_gpio.o
 .debug_line    0x000020ca      0x590 Drivers\STM32F7xx_HAL_Driver\Src\stm32f7xx_hal_rcc.o
 .debug_line    0x0000265a      0x4d6 Drivers\STM32F7xx_HAL_Driver\Src\stm32f7xx_hal_rcc_ex.o
 .debug_line    0x00002b30     0x12a4 Drivers\STM32F7xx_HAL_Driver\Src\stm32f7xx_hal_tim.o
 .debug_line    0x00003dd4      0x9b8 Drivers\STM32F7xx_HAL_Driver\Src\stm32f7xx_hal_tim_ex.o
 .debug_line    0x0000478c      0xc9f Drivers\STM32F7xx_HAL_Driver\Src\stm32f7xx_hal_uart.o
 .debug_line    0x0000542b      0x52a Src\main.o
 .debug_line    0x00005955      0x3db Src\stm32f7xx_hal_msp.o
 .debug_line    0x00005d30      0x3b0 Src\stm32f7xx_it.o
 .debug_line    0x000060e0      0x273 Src\system_stm32f7xx.o
 .debug_line    0x00006353      0x5bc Src\uart_debug.o
 .debug_line    0x0000690f       0x7f startup\startup_stm32f722xx.o

.debug_str      0x00000000     0x4ad9
 .debug_str     0x00000000      0xfa0 Drivers\STM32F7xx_HAL_Driver\Src\stm32f7xx_hal.o
                               0x104f (size before relaxing)
 .debug_str     0x00000fa0      0x68b Drivers\STM32F7xx_HAL_Driver\Src\stm32f7xx_hal_adc.o
                                0xdb7 (size before relaxing)
 .debug_str     0x0000162b      0x2df Drivers\STM32F7xx_HAL_Driver\Src\stm32f7xx_hal_adc_ex.o
                                0xe1a (size before relaxing)
 .debug_str     0x0000190a      0x487 Drivers\STM32F7xx_HAL_Driver\Src\stm32f7xx_hal_cortex.o
                               0x118d (size before relaxing)
 .debug_str     0x00001d91      0x2ef Drivers\STM32F7xx_HAL_Driver\Src\stm32f7xx_hal_dma.o
                                0xbf8 (size before relaxing)
 .debug_str     0x00002080      0x1a2 Drivers\STM32F7xx_HAL_Driver\Src\stm32f7xx_hal_gpio.o
                                0x98f (size before relaxing)
 .debug_str     0x00002222      0x31d Drivers\STM32F7xx_HAL_Driver\Src\stm32f7xx_hal_rcc.o
                                0xb64 (size before relaxing)
 .debug_str     0x0000253f      0x3bc Drivers\STM32F7xx_HAL_Driver\Src\stm32f7xx_hal_rcc_ex.o
                                0xb84 (size before relaxing)
 .debug_str     0x000028fb      0xefe Drivers\STM32F7xx_HAL_Driver\Src\stm32f7xx_hal_tim.o
                               0x186d (size before relaxing)
 .debug_str     0x000037f9      0x598 Drivers\STM32F7xx_HAL_Driver\Src\stm32f7xx_hal_tim_ex.o
                               0x12f3 (size before relaxing)
 .debug_str     0x00003d91      0x7b3 Drivers\STM32F7xx_HAL_Driver\Src\stm32f7xx_hal_uart.o
                               0x12a1 (size before relaxing)
 .debug_str     0x00004544      0x1ab Src\main.o
                               0x1d74 (size before relaxing)
 .debug_str     0x000046ef       0x25 Src\stm32f7xx_hal_msp.o
                               0x1678 (size before relaxing)
 .debug_str     0x00004714       0xe7 Src\stm32f7xx_it.o
                                0xde0 (size before relaxing)
 .debug_str     0x000047fb       0x45 Src\system_stm32f7xx.o
                                0x8bc (size before relaxing)
 .debug_str     0x00004840      0x299 Src\uart_debug.o
                                0xe66 (size before relaxing)

.comment        0x00000000       0x7c
 .comment       0x00000000       0x7c Drivers\STM32F7xx_HAL_Driver\Src\stm32f7xx_hal.o
                                 0x7d (size before relaxing)
 .comment       0x0000007c       0x7d Drivers\STM32F7xx_HAL_Driver\Src\stm32f7xx_hal_adc.o
 .comment       0x0000007c       0x7d Drivers\STM32F7xx_HAL_Driver\Src\stm32f7xx_hal_adc_ex.o
 .comment       0x0000007c       0x7d Drivers\STM32F7xx_HAL_Driver\Src\stm32f7xx_hal_cortex.o
 .comment       0x0000007c       0x7d Drivers\STM32F7xx_HAL_Driver\Src\stm32f7xx_hal_dma.o
 .comment       0x0000007c       0x7d Drivers\STM32F7xx_HAL_Driver\Src\stm32f7xx_hal_gpio.o
 .comment       0x0000007c       0x7d Drivers\STM32F7xx_HAL_Driver\Src\stm32f7xx_hal_rcc.o
 .comment       0x0000007c       0x7d Drivers\STM32F7xx_HAL_Driver\Src\stm32f7xx_hal_rcc_ex.o
 .comment       0x0000007c       0x7d Drivers\STM32F7xx_HAL_Driver\Src\stm32f7xx_hal_tim.o
 .comment       0x0000007c       0x7d Drivers\STM32F7xx_HAL_Driver\Src\stm32f7xx_hal_tim_ex.o
 .comment       0x0000007c       0x7d Drivers\STM32F7xx_HAL_Driver\Src\stm32f7xx_hal_uart.o
 .comment       0x0000007c       0x7d Src\main.o
 .comment       0x0000007c       0x7d Src\stm32f7xx_hal_msp.o
 .comment       0x0000007c       0x7d Src\stm32f7xx_it.o
 .comment       0x0000007c       0x7d Src\system_stm32f7xx.o
 .comment       0x0000007c       0x7d Src\uart_debug.o

.debug_frame    0x00000000     0x2544
 .debug_frame   0x00000000      0x20c Drivers\STM32F7xx_HAL_Driver\Src\stm32f7xx_hal.o
 .debug_frame   0x0000020c      0x27c Drivers\STM32F7xx_HAL_Driver\Src\stm32f7xx_hal_adc.o
 .debug_frame   0x00000488      0x18c Drivers\STM32F7xx_HAL_Driver\Src\stm32f7xx_hal_adc_ex.o
 .debug_frame   0x00000614      0x15c Drivers\STM32F7xx_HAL_Driver\Src\stm32f7xx_hal_cortex.o
 .debug_frame   0x00000770      0x17c Drivers\STM32F7xx_HAL_Driver\Src\stm32f7xx_hal_dma.o
 .debug_frame   0x000008ec       0xd0 Drivers\STM32F7xx_HAL_Driver\Src\stm32f7xx_hal_gpio.o
 .debug_frame   0x000009bc      0x180 Drivers\STM32F7xx_HAL_Driver\Src\stm32f7xx_hal_rcc.o
 .debug_frame   0x00000b3c       0xcc Drivers\STM32F7xx_HAL_Driver\Src\stm32f7xx_hal_rcc_ex.o
 .debug_frame   0x00000c08      0x9f8 Drivers\STM32F7xx_HAL_Driver\Src\stm32f7xx_hal_tim.o
 .debug_frame   0x00001600      0x44c Drivers\STM32F7xx_HAL_Driver\Src\stm32f7xx_hal_tim_ex.o
 .debug_frame   0x00001a4c      0x488 Drivers\STM32F7xx_HAL_Driver\Src\stm32f7xx_hal_uart.o
 .debug_frame   0x00001ed4      0x16c Src\main.o
 .debug_frame   0x00002040       0xe0 Src\stm32f7xx_hal_msp.o
 .debug_frame   0x00002120      0x108 Src\stm32f7xx_it.o
 .debug_frame   0x00002228       0x3c Src\system_stm32f7xx.o
 .debug_frame   0x00002264      0x22c Src\uart_debug.o
 .debug_frame   0x00002490       0x2c c:/program files (x86)/atollic/truestudio for stm32 9.0.1/armtools/bin/../lib/gcc/arm-atollic-eabi/6.3.1/../../../../arm-atollic-eabi/lib/armv7e-m/fpu/fpv5-sp-d16\libc_nano.a(lib_a-init.o)
 .debug_frame   0x000024bc       0x28 c:/program files (x86)/atollic/truestudio for stm32 9.0.1/armtools/bin/../lib/gcc/arm-atollic-eabi/6.3.1/../../../../arm-atollic-eabi/lib/armv7e-m/fpu/fpv5-sp-d16\libc_nano.a(lib_a-memcpy-stub.o)
 .debug_frame   0x000024e4       0x2c c:/program files (x86)/atollic/truestudio for stm32 9.0.1/armtools/bin/../lib/gcc/arm-atollic-eabi/6.3.1/armv7e-m/fpu/fpv5-sp-d16\libgcc.a(_aeabi_uldivmod.o)
 .debug_frame   0x00002510       0x34 c:/program files (x86)/atollic/truestudio for stm32 9.0.1/armtools/bin/../lib/gcc/arm-atollic-eabi/6.3.1/armv7e-m/fpu/fpv5-sp-d16\libgcc.a(_udivmoddi4.o)
