Archive member included to satisfy reference by file (symbol)

c:/program files (x86)/atollic/truestudio for stm32 9.0.1/armtools/bin/../lib/gcc/arm-atollic-eabi/6.3.1/../../../../arm-atollic-eabi/lib/armv7e-m/fpu/fpv5-sp-d16\libc_nano.a(lib_a-init.o)
                              startup\startup_stm32f722xx.o (__libc_init_array)
c:/program files (x86)/atollic/truestudio for stm32 9.0.1/armtools/bin/../lib/gcc/arm-atollic-eabi/6.3.1/../../../../arm-atollic-eabi/lib/armv7e-m/fpu/fpv5-sp-d16\libc_nano.a(lib_a-memcpy-stub.o)
                              Src\uart_debug.o (memcpy)
c:/program files (x86)/atollic/truestudio for stm32 9.0.1/armtools/bin/../lib/gcc/arm-atollic-eabi/6.3.1/armv7e-m/fpu/fpv5-sp-d16\libgcc.a(_aeabi_uldivmod.o)
                              Drivers\STM32F7xx_HAL_Driver\Src\stm32f7xx_hal_rcc.o (__aeabi_uldivmod)
c:/program files (x86)/atollic/truestudio for stm32 9.0.1/armtools/bin/../lib/gcc/arm-atollic-eabi/6.3.1/armv7e-m/fpu/fpv5-sp-d16\libgcc.a(_udivmoddi4.o)
                              c:/program files (x86)/atollic/truestudio for stm32 9.0.1/armtools/bin/../lib/gcc/arm-atollic-eabi/6.3.1/armv7e-m/fpu/fpv5-sp-d16\libgcc.a(_aeabi_uldivmod.o) (__udivmoddi4)
c:/program files (x86)/atollic/truestudio for stm32 9.0.1/armtools/bin/../lib/gcc/arm-atollic-eabi/6.3.1/armv7e-m/fpu/fpv5-sp-d16\libgcc.a(_dvmd_tls.o)
                              c:/program files (x86)/atollic/truestudio for stm32 9.0.1/armtools/bin/../lib/gcc/arm-atollic-eabi/6.3.1/armv7e-m/fpu/fpv5-sp-d16\libgcc.a(_aeabi_uldivmod.o) (__aeabi_ldiv0)

Allocating common symbols
Common symbol       size              file

uart_debug_buffer_temp
                    0x31              Src\uart_debug.o
hdma_uart4_rx       0x60              Src\main.o
htim4               0x40              Src\main.o
uwTick              0x4               Drivers\STM32F7xx_HAL_Driver\Src\stm32f7xx_hal.o
pFlash              0x1c              Drivers\STM32F7xx_HAL_Driver\Src\stm32f7xx_hal_flash.o
hadc1               0x48              Src\main.o
huart4              0x70              Src\main.o
uart_debug_buffer   0x2000            Src\uart_debug.o
hdma_uart4_tx       0x60              Src\main.o

Discarded input sections

 .text          0x00000000        0x0 c:/program files (x86)/atollic/truestudio for stm32 9.0.1/armtools/bin/../lib/gcc/arm-atollic-eabi/6.3.1/armv7e-m/fpu/fpv5-sp-d16/crti.o
 .data          0x00000000        0x0 c:/program files (x86)/atollic/truestudio for stm32 9.0.1/armtools/bin/../lib/gcc/arm-atollic-eabi/6.3.1/armv7e-m/fpu/fpv5-sp-d16/crti.o
 .bss           0x00000000        0x0 c:/program files (x86)/atollic/truestudio for stm32 9.0.1/armtools/bin/../lib/gcc/arm-atollic-eabi/6.3.1/armv7e-m/fpu/fpv5-sp-d16/crti.o
 .data          0x00000000        0x4 c:/program files (x86)/atollic/truestudio for stm32 9.0.1/armtools/bin/../lib/gcc/arm-atollic-eabi/6.3.1/armv7e-m/fpu/fpv5-sp-d16/crtbegin.o
 .text          0x00000000        0x0 Drivers\STM32F7xx_HAL_Driver\Src\stm32f7xx_hal.o
 .data          0x00000000        0x0 Drivers\STM32F7xx_HAL_Driver\Src\stm32f7xx_hal.o
 .bss           0x00000000        0x0 Drivers\STM32F7xx_HAL_Driver\Src\stm32f7xx_hal.o
 .text.HAL_MspInit
                0x00000000        0x2 Drivers\STM32F7xx_HAL_Driver\Src\stm32f7xx_hal.o
 .text.HAL_MspDeInit
                0x00000000        0x2 Drivers\STM32F7xx_HAL_Driver\Src\stm32f7xx_hal.o
 .text.HAL_DeInit
                0x00000000       0x2c Drivers\STM32F7xx_HAL_Driver\Src\stm32f7xx_hal.o
 .text.HAL_GetTickPrio
                0x00000000        0xc Drivers\STM32F7xx_HAL_Driver\Src\stm32f7xx_hal.o
 .text.HAL_SetTickFreq
                0x00000000       0x24 Drivers\STM32F7xx_HAL_Driver\Src\stm32f7xx_hal.o
 .text.HAL_GetTickFreq
                0x00000000        0xc Drivers\STM32F7xx_HAL_Driver\Src\stm32f7xx_hal.o
 .text.HAL_SuspendTick
                0x00000000       0x10 Drivers\STM32F7xx_HAL_Driver\Src\stm32f7xx_hal.o
 .text.HAL_ResumeTick
                0x00000000       0x10 Drivers\STM32F7xx_HAL_Driver\Src\stm32f7xx_hal.o
 .text.HAL_GetHalVersion
                0x00000000        0x8 Drivers\STM32F7xx_HAL_Driver\Src\stm32f7xx_hal.o
 .text.HAL_GetREVID
                0x00000000        0xc Drivers\STM32F7xx_HAL_Driver\Src\stm32f7xx_hal.o
 .text.HAL_GetDEVID
                0x00000000       0x10 Drivers\STM32F7xx_HAL_Driver\Src\stm32f7xx_hal.o
 .text.HAL_GetUIDw0
                0x00000000        0xc Drivers\STM32F7xx_HAL_Driver\Src\stm32f7xx_hal.o
 .text.HAL_GetUIDw1
                0x00000000        0xc Drivers\STM32F7xx_HAL_Driver\Src\stm32f7xx_hal.o
 .text.HAL_GetUIDw2
                0x00000000        0xc Drivers\STM32F7xx_HAL_Driver\Src\stm32f7xx_hal.o
 .text.HAL_DBGMCU_EnableDBGSleepMode
                0x00000000       0x10 Drivers\STM32F7xx_HAL_Driver\Src\stm32f7xx_hal.o
 .text.HAL_DBGMCU_DisableDBGSleepMode
                0x00000000       0x10 Drivers\STM32F7xx_HAL_Driver\Src\stm32f7xx_hal.o
 .text.HAL_DBGMCU_EnableDBGStopMode
[...]
Memory Configuration

Name             Origin             Length             Attributes
RAM              0x20000000         0x00040000         xrw
FLASH            0x08000000         0x00080000         xr
*default*        0x00000000         0xffffffff

Linker script and memory map

LOAD c:/program files (x86)/atollic/truestudio for stm32 9.0.1/armtools/bin/../lib/gcc/arm-atollic-eabi/6.3.1/armv7e-m/fpu/fpv5-sp-d16/crti.o
LOAD c:/program files (x86)/atollic/truestudio for stm32 9.0.1/armtools/bin/../lib/gcc/arm-atollic-eabi/6.3.1/armv7e-m/fpu/fpv5-sp-d16/crtbegin.o
LOAD Drivers\STM32F7xx_HAL_Driver\Src\stm32f7xx_hal.o
LOAD Drivers\STM32F7xx_HAL_Driver\Src\stm32f7xx_hal_adc.o
LOAD Drivers\STM32F7xx_HAL_Driver\Src\stm32f7xx_hal_adc_ex.o
LOAD Drivers\STM32F7xx_HAL_Driver\Src\stm32f7xx_hal_cortex.o
LOAD Drivers\STM32F7xx_HAL_Driver\Src\stm32f7xx_hal_dma.o
LOAD Drivers\STM32F7xx_HAL_Driver\Src\stm32f7xx_hal_dma_ex.o
LOAD Drivers\STM32F7xx_HAL_Driver\Src\stm32f7xx_hal_flash.o
LOAD Drivers\STM32F7xx_HAL_Driver\Src\stm32f7xx_hal_flash_ex.o
LOAD Drivers\STM32F7xx_HAL_Driver\Src\stm32f7xx_hal_gpio.o
LOAD Drivers\STM32F7xx_HAL_Driver\Src\stm32f7xx_hal_i2c.o
LOAD Drivers\STM32F7xx_HAL_Driver\Src\stm32f7xx_hal_i2c_ex.o
LOAD Drivers\STM32F7xx_HAL_Driver\Src\stm32f7xx_hal_pwr.o
LOAD Drivers\STM32F7xx_HAL_Driver\Src\stm32f7xx_hal_pwr_ex.o
LOAD Drivers\STM32F7xx_HAL_Driver\Src\stm32f7xx_hal_rcc.o
LOAD Drivers\STM32F7xx_HAL_Driver\Src\stm32f7xx_hal_rcc_ex.o
LOAD Drivers\STM32F7xx_HAL_Driver\Src\stm32f7xx_hal_tim.o
LOAD Drivers\STM32F7xx_HAL_Driver\Src\stm32f7xx_hal_tim_ex.o
LOAD Drivers\STM32F7xx_HAL_Driver\Src\stm32f7xx_hal_uart.o
LOAD Src\main.o
LOAD Src\stm32f7xx_hal_msp.o
LOAD Src\stm32f7xx_it.o
LOAD Src\system_stm32f7xx.o
LOAD Src\uart_debug.o
LOAD startup\startup_stm32f722xx.o
                0x00000080                malloc_getpagesize_P = 0x80
START GROUP
LOAD c:/program files (x86)/atollic/truestudio for stm32 9.0.1/armtools/bin/../lib/gcc/arm-atollic-eabi/6.3.1/../../../../arm-atollic-eabi/lib/armv7e-m/fpu/fpv5-sp-d16\libc_nano.a
LOAD c:/program files (x86)/atollic/truestudio for stm32 9.0.1/armtools/bin/../lib/gcc/arm-atollic-eabi/6.3.1/../../../../arm-atollic-eabi/lib/armv7e-m/fpu/fpv5-sp-d16\libm.a
END GROUP
START GROUP
LOAD c:/program files (x86)/atollic/truestudio for stm32 9.0.1/armtools/bin/../lib/gcc/arm-atollic-eabi/6.3.1/armv7e-m/fpu/fpv5-sp-d16\libgcc.a
LOAD c:/program files (x86)/atollic/truestudio for stm32 9.0.1/armtools/bin/../lib/gcc/arm-atollic-eabi/6.3.1/../../../../arm-atollic-eabi/lib/armv7e-m/fpu/fpv5-sp-d16\libc_nano.a
END GROUP
START GROUP
LOAD c:/program files (x86)/atollic/truestudio for stm32 9.0.1/armtools/bin/../lib/gcc/arm-atollic-eabi/6.3.1/armv7e-m/fpu/fpv5-sp-d16\libgcc.a
LOAD c:/program files (x86)/atollic/truestudio for stm32 9.0.1/armtools/bin/../lib/gcc/arm-atollic-eabi/6.3.1/../../../../arm-atollic-eabi/lib/armv7e-m/fpu/fpv5-sp-d16\libc_nano.a
LOAD c:/program files (x86)/atollic/truestudio for stm32 9.0.1/armtools/bin/../lib/gcc/arm-atollic-eabi/6.3.1/../../../../arm-atollic-eabi/lib/armv7e-m/fpu/fpv5-sp-d16\libnosys.a
END GROUP
START GROUP
LOAD c:/program files (x86)/atollic/truestudio for stm32 9.0.1/armtools/bin/../lib/gcc/arm-atollic-eabi/6.3.1/armv7e-m/fpu/fpv5-sp-d16\libgcc.a
LOAD c:/program files (x86)/atollic/truestudio for stm32 9.0.1/armtools/bin/../lib/gcc/arm-atollic-eabi/6.3.1/../../../../arm-atollic-eabi/lib/armv7e-m/fpu/fpv5-sp-d16\libc_nano.a
LOAD c:/program files (x86)/atollic/truestudio for stm32 9.0.1/armtools/bin/../lib/gcc/arm-atollic-eabi/6.3.1/../../../../arm-atollic-eabi/lib/armv7e-m/fpu/fpv5-sp-d16\libnosys.a
END GROUP
LOAD c:/program files (x86)/atollic/truestudio for stm32 9.0.1/armtools/bin/../lib/gcc/arm-atollic-eabi/6.3.1/armv7e-m/fpu/fpv5-sp-d16/crtend.o
LOAD c:/program files (x86)/atollic/truestudio for stm32 9.0.1/armtools/bin/../lib/gcc/arm-atollic-eabi/6.3.1/armv7e-m/fpu/fpv5-sp-d16/crtn.o
                0x20040000                _estack = 0x20040000
                0x00000200                _Min_Heap_Size = 0x200
                0x00000400                _Min_Stack_Size = 0x400

.isr_vector     0x08000000      0x1e0
                0x08000000                . = ALIGN (0x4)
 *(.isr_vector)
 .isr_vector    0x08000000      0x1e0 startup\startup_stm32f722xx.o
                0x08000000                g_pfnVectors
                0x080001e0                . = ALIGN (0x4)

.text           0x080001e0     0x34a0
                0x080001e0                . = ALIGN (0x4)
 *(.text)
 .text          0x080001e0       0x40 c:/program files (x86)/atollic/truestudio for stm32 9.0.1/armtools/bin/../lib/gcc/arm-atollic-eabi/6.3.1/armv7e-m/fpu/fpv5-sp-d16/crtbegin.o
 .text          0x08000220       0x30 c:/program files (x86)/atollic/truestudio for stm32 9.0.1/armtools/bin/../lib/gcc/arm-atollic-eabi/6.3.1/armv7e-m/fpu/fpv5-sp-d16\libgcc.a(_aeabi_uldivmod.o)
                0x08000220                __aeabi_uldivmod
 .text          0x08000250      0x2dc c:/program files (x86)/atollic/truestudio for stm32 9.0.1/armtools/bin/../lib/gcc/arm-atollic-eabi/6.3.1/armv7e-m/fpu/fpv5-sp-d16\libgcc.a(_udivmoddi4.o)
                0x08000250                __udivmoddi4
 .text          0x0800052c        0x4 c:/program files (x86)/atollic/truestudio for stm32 9.0.1/armtools/bin/../lib/gcc/arm-atollic-eabi/6.3.1/armv7e-m/fpu/fpv5-sp-d16\libgcc.a(_dvmd_tls.o)
                0x0800052c                __aeabi_idiv0
                0x0800052c                __aeabi_ldiv0
 *(.text*)
 .text.HAL_InitTick
                0x08000530       0x4c Drivers\STM32F7xx_HAL_Driver\Src\stm32f7xx_hal.o
                0x08000530                HAL_InitTick
 .text.HAL_Init
                0x0800057c       0x16 Drivers\STM32F7xx_HAL_Driver\Src\stm32f7xx_hal.o
                0x0800057c                HAL_Init
 *fill*         0x08000592        0x2 
 .text.HAL_IncTick
                0x08000594       0x18 Drivers\STM32F7xx_HAL_Driver\Src\stm32f7xx_hal.o
                0x08000594                HAL_IncTick
 .text.HAL_GetTick
                0x080005ac        0xc Drivers\STM32F7xx_HAL_Driver\Src\stm32f7xx_hal.o
                0x080005ac                HAL_GetTick
 .text.HAL_Delay
                0x080005b8       0x28 Drivers\STM32F7xx_HAL_Driver\Src\stm32f7xx_hal.o
                0x080005b8                HAL_Delay
 .text.ADC_Init
                0x080005e0      0x130 Drivers\STM32F7xx_HAL_Driver\Src\stm32f7xx_hal_adc.o
 .text.HAL_ADC_Init
                0x08000710       0x54 Drivers\STM32F7xx_HAL_Driver\Src\stm32f7xx_hal_adc.o
                0x08000710                HAL_ADC_Init
 .text.HAL_ADC_Start_IT
                0x08000764      0x108 Drivers\STM32F7xx_HAL_Driver\Src\stm32f7xx_hal_adc.o
                0x08000764                HAL_ADC_Start_IT
 .text.HAL_ADC_Stop_IT
                0x0800086c       0x4c Drivers\STM32F7xx_HAL_Driver\Src\stm32f7xx_hal_adc.o
                0x0800086c                HAL_ADC_Stop_IT
 .text.HAL_ADC_GetValue
                0x080008b8        0x6 Drivers\STM32F7xx_HAL_Driver\Src\stm32f7xx_hal_adc.o
                0x080008b8                HAL_ADC_GetValue
 .text.HAL_ADC_LevelOutOfWindowCallback
                0x080008be        0x2 Drivers\STM32F7xx_HAL_Driver\Src\stm32f7xx_hal_adc.o
                0x080008be                HAL_ADC_LevelOutOfWindowCallback
 .text.HAL_ADC_ErrorCallback
                0x080008c0        0x2 Drivers\STM32F7xx_HAL_Driver\Src\stm32f7xx_hal_adc.o
                0x080008c0                HAL_ADC_ErrorCallback
 .text.HAL_ADC_IRQHandler
                0x080008c2      0x142 Drivers\STM32F7xx_HAL_Driver\Src\stm32f7xx_hal_adc.o
                0x080008c2                HAL_ADC_IRQHandler
 .text.HAL_ADC_ConfigChannel
                0x08000a04      0x1ac Drivers\STM32F7xx_HAL_Driver\Src\stm32f7xx_hal_adc.o
                0x08000a04                HAL_ADC_ConfigChannel
 .text.HAL_ADCEx_InjectedConvCpltCallback
                0x08000bb0        0x2 Drivers\STM32F7xx_HAL_Driver\Src\stm32f7xx_hal_adc_ex.o
                0x08000bb0                HAL_ADCEx_InjectedConvCpltCallback
 *fill*         0x08000bb2        0x2 
 .text.HAL_NVIC_SetPriorityGrouping
                0x08000bb4       0x24 Drivers\STM32F7xx_HAL_Driver\Src\stm32f7xx_hal_cortex.o
                0x08000bb4                HAL_NVIC_SetPriorityGrouping
 .text.HAL_NVIC_SetPriority
                0x08000bd8       0x60 Drivers\STM32F7xx_HAL_Driver\Src\stm32f7xx_hal_cortex.o
                0x08000bd8                HAL_NVIC_SetPriority
 .text.HAL_NVIC_EnableIRQ
                0x08000c38       0x18 Drivers\STM32F7xx_HAL_Driver\Src\stm32f7xx_hal_cortex.o
                0x08000c38                HAL_NVIC_EnableIRQ
 .text.HAL_SYSTICK_Config
                0x08000c50       0x2c Drivers\STM32F7xx_HAL_Driver\Src\stm32f7xx_hal_cortex.o
                0x08000c50                HAL_SYSTICK_Config
 .text.HAL_SYSTICK_CLKSourceConfig
                0x08000c7c       0x20 Drivers\STM32F7xx_HAL_Driver\Src\stm32f7xx_hal_cortex.o
                0x08000c7c                HAL_SYSTICK_CLKSourceConfig
 .text.HAL_SYSTICK_Callback
                0x08000c9c        0x2 Drivers\STM32F7xx_HAL_Driver\Src\stm32f7xx_hal_cortex.o
                0x08000c9c                HAL_SYSTICK_Callback
 .text.HAL_SYSTICK_IRQHandler
                0x08000c9e        0x8 Drivers\STM32F7xx_HAL_Driver\Src\stm32f7xx_hal_cortex.o
                0x08000c9e                HAL_SYSTICK_IRQHandler
 .text.DMA_SetConfig
                0x08000ca6       0x2c Drivers\STM32F7xx_HAL_Driver\Src\stm32f7xx_hal_dma.o
 *fill*         0x08000cd2        0x2 
 .text.DMA_CalcBaseAndBitshift
                0x08000cd4       0x38 Drivers\STM32F7xx_HAL_Driver\Src\stm32f7xx_hal_dma.o
 .text.DMA_CheckFifoParam
                0x08000d0c       0x8e Drivers\STM32F7xx_HAL_Driver\Src\stm32f7xx_hal_dma.o
 *fill*         0x08000d9a        0x2 
 .text.HAL_DMA_Init
                0x08000d9c       0xd0 Drivers\STM32F7xx_HAL_Driver\Src\stm32f7xx_hal_dma.o
                0x08000d9c                HAL_DMA_Init
 .text.HAL_DMA_Start_IT
                0x08000e6c       0x74 Drivers\STM32F7xx_HAL_Driver\Src\stm32f7xx_hal_dma.o
                0x08000e6c                HAL_DMA_Start_IT
 .text.HAL_DMA_Abort_IT
                0x08000ee0       0x26 Drivers\STM32F7xx_HAL_Driver\Src\stm32f7xx_hal_dma.o
                0x08000ee0                HAL_DMA_Abort_IT
 *fill*         0x08000f06        0x2 
 .text.HAL_DMA_IRQHandler
                0x08000f08      0x1dc Drivers\STM32F7xx_HAL_Driver\Src\stm32f7xx_hal_dma.o
                0x08000f08                HAL_DMA_IRQHandler
 .text.HAL_GPIO_Init
                0x080010e4      0x1c4 Drivers\STM32F7xx_HAL_Driver\Src\stm32f7xx_hal_gpio.o
                0x080010e4                HAL_GPIO_Init
 .text.HAL_RCC_OscConfig
                0x080012a8      0x3d4 Drivers\STM32F7xx_HAL_Driver\Src\stm32f7xx_hal_rcc.o
                0x080012a8                HAL_RCC_OscConfig
 .text.HAL_RCC_GetSysClockFreq
                0x0800167c       0xa4 Drivers\STM32F7xx_HAL_Driver\Src\stm32f7xx_hal_rcc.o
                0x0800167c                HAL_RCC_GetSysClockFreq
 .text.HAL_RCC_ClockConfig
                0x08001720      0x164 Drivers\STM32F7xx_HAL_Driver\Src\stm32f7xx_hal_rcc.o
                0x08001720                HAL_RCC_ClockConfig
 .text.HAL_RCC_GetHCLKFreq
                0x08001884        0xc Drivers\STM32F7xx_HAL_Driver\Src\stm32f7xx_hal_rcc.o
                0x08001884                HAL_RCC_GetHCLKFreq
 .text.HAL_RCC_GetPCLK1Freq
                0x08001890       0x20 Drivers\STM32F7xx_HAL_Driver\Src\stm32f7xx_hal_rcc.o
                0x08001890                HAL_RCC_GetPCLK1Freq
 .text.HAL_RCC_GetPCLK2Freq
                0x080018b0       0x20 Drivers\STM32F7xx_HAL_Driver\Src\stm32f7xx_hal_rcc.o
                0x080018b0                HAL_RCC_GetPCLK2Freq
 .text.HAL_RCCEx_PeriphCLKConfig
                0x080018d0      0x4ec Drivers\STM32F7xx_HAL_Driver\Src\stm32f7xx_hal_rcc_ex.o
                0x080018d0                HAL_RCCEx_PeriphCLKConfig
 .text.TIM_TI1_ConfigInputStage
                0x08001dbc       0x26 Drivers\STM32F7xx_HAL_Driver\Src\stm32f7xx_hal_tim.o
 .text.TIM_TI2_ConfigInputStage
                0x08001de2       0x28 Drivers\STM32F7xx_HAL_Driver\Src\stm32f7xx_hal_tim.o
 .text.TIM_ITRx_SetConfig
                0x08001e0a       0x10 Drivers\STM32F7xx_HAL_Driver\Src\stm32f7xx_hal_tim.o
 .text.HAL_TIM_PWM_MspInit
                0x08001e1a        0x2 Drivers\STM32F7xx_HAL_Driver\Src\stm32f7xx_hal_tim.o
                0x08001e1a                HAL_TIM_PWM_MspInit
 .text.TIM_Base_SetConfig
                0x08001e1c      0x140 Drivers\STM32F7xx_HAL_Driver\Src\stm32f7xx_hal_tim.o
                0x08001e1c                TIM_Base_SetConfig
 .text.HAL_TIM_Base_Init
                0x08001f5c       0x32 Drivers\STM32F7xx_HAL_Driver\Src\stm32f7xx_hal_tim.o
                0x08001f5c                HAL_TIM_Base_Init
 .text.HAL_TIM_PWM_Init
                0x08001f8e       0x32 Drivers\STM32F7xx_HAL_Driver\Src\stm32f7xx_hal_tim.o
                0x08001f8e                HAL_TIM_PWM_Init
 .text.TIM_OC1_SetConfig
                0x08001fc0       0x60 Drivers\STM32F7xx_HAL_Driver\Src\stm32f7xx_hal_tim.o
                0x08001fc0                TIM_OC1_SetConfig
 .text.TIM_OC2_SetConfig
                0x08002020       0x68 Drivers\STM32F7xx_HAL_Driver\Src\stm32f7xx_hal_tim.o
                0x08002020                TIM_OC2_SetConfig
 .text.TIM_OC3_SetConfig
                0x08002088       0x68 Drivers\STM32F7xx_HAL_Driver\Src\stm32f7xx_hal_tim.o
                0x08002088                TIM_OC3_SetConfig
 .text.TIM_OC4_SetConfig
                0x080020f0       0x54 Drivers\STM32F7xx_HAL_Driver\Src\stm32f7xx_hal_tim.o
                0x080020f0                TIM_OC4_SetConfig
 .text.TIM_ETR_SetConfig
                0x08002144       0x18 Drivers\STM32F7xx_HAL_Driver\Src\stm32f7xx_hal_tim.o
                0x08002144                TIM_ETR_SetConfig
 .text.HAL_TIM_ConfigClockSource
                0x0800215c      0x114 Drivers\STM32F7xx_HAL_Driver\Src\stm32f7xx_hal_tim.o
                0x0800215c                HAL_TIM_ConfigClockSource
 .text.TIM_OC5_SetConfig
                0x08002270       0x54 Drivers\STM32F7xx_HAL_Driver\Src\stm32f7xx_hal_tim_ex.o
 .text.TIM_OC6_SetConfig
                0x080022c4       0x54 Drivers\STM32F7xx_HAL_Driver\Src\stm32f7xx_hal_tim_ex.o
 .text.HAL_TIMEx_MasterConfigSynchronization
                0x08002318       0x58 Drivers\STM32F7xx_HAL_Driver\Src\stm32f7xx_hal_tim_ex.o
                0x08002318                HAL_TIMEx_MasterConfigSynchronization
 .text.HAL_TIM_PWM_ConfigChannel
                0x08002370      0x134 Drivers\STM32F7xx_HAL_Driver\Src\stm32f7xx_hal_tim_ex.o
                0x08002370                HAL_TIM_PWM_ConfigChannel
 .text.UART_Transmit_IT
                0x080024a4       0x6e Drivers\STM32F7xx_HAL_Driver\Src\stm32f7xx_hal_uart.o
 .text.UART_EndTxTransfer
                0x08002512       0x12 Drivers\STM32F7xx_HAL_Driver\Src\stm32f7xx_hal_uart.o
 .text.UART_EndRxTransfer
                0x08002524       0x1c Drivers\STM32F7xx_HAL_Driver\Src\stm32f7xx_hal_uart.o
 .text.HAL_UART_Transmit_DMA
                0x08002540       0x8c Drivers\STM32F7xx_HAL_Driver\Src\stm32f7xx_hal_uart.o
                0x08002540                HAL_UART_Transmit_DMA
 .text.UART_WaitOnFlagUntilTimeout
                0x080025cc       0x64 Drivers\STM32F7xx_HAL_Driver\Src\stm32f7xx_hal_uart.o
                0x080025cc                UART_WaitOnFlagUntilTimeout
 .text.UART_DMATransmitCplt
                0x08002630       0x32 Drivers\STM32F7xx_HAL_Driver\Src\stm32f7xx_hal_uart.o
 .text.UART_EndTransmit_IT
                0x08002662       0x1a Drivers\STM32F7xx_HAL_Driver\Src\stm32f7xx_hal_uart.o
 .text.HAL_UART_TxHalfCpltCallback
                0x0800267c        0x2 Drivers\STM32F7xx_HAL_Driver\Src\stm32f7xx_hal_uart.o
                0x0800267c                HAL_UART_TxHalfCpltCallback
 .text.UART_DMATxHalfCplt
                0x0800267e        0xa Drivers\STM32F7xx_HAL_Driver\Src\stm32f7xx_hal_uart.o
 .text.HAL_UART_RxCpltCallback
                0x08002688        0x2 Drivers\STM32F7xx_HAL_Driver\Src\stm32f7xx_hal_uart.o
                0x08002688                HAL_UART_RxCpltCallback
 .text.UART_Receive_IT
                0x0800268a       0x84 Drivers\STM32F7xx_HAL_Driver\Src\stm32f7xx_hal_uart.o
 .text.HAL_UART_ErrorCallback
                0x0800270e        0x2 Drivers\STM32F7xx_HAL_Driver\Src\stm32f7xx_hal_uart.o
                0x0800270e                HAL_UART_ErrorCallback
 .text.UART_DMAError
                0x08002710       0x56 Drivers\STM32F7xx_HAL_Driver\Src\stm32f7xx_hal_uart.o
 *fill*         0x08002766        0x2 
 .text.HAL_UART_IRQHandler
                0x08002768      0x138 Drivers\STM32F7xx_HAL_Driver\Src\stm32f7xx_hal_uart.o
                0x08002768                HAL_UART_IRQHandler
 .text.UART_DMAAbortOnError
                0x080028a0       0x14 Drivers\STM32F7xx_HAL_Driver\Src\stm32f7xx_hal_uart.o
 .text.UART_SetConfig
                0x080028b4      0x360 Drivers\STM32F7xx_HAL_Driver\Src\stm32f7xx_hal_uart.o
                0x080028b4                UART_SetConfig
 .text.UART_AdvFeatureConfig
                0x08002c14       0xca Drivers\STM32F7xx_HAL_Driver\Src\stm32f7xx_hal_uart.o
                0x08002c14                UART_AdvFeatureConfig
 .text.UART_CheckIdleState
                0x08002cde       0x48 Drivers\STM32F7xx_HAL_Driver\Src\stm32f7xx_hal_uart.o
                0x08002cde                UART_CheckIdleState
 .text.HAL_UART_Init
                0x08002d26       0x68 Drivers\STM32F7xx_HAL_Driver\Src\stm32f7xx_hal_uart.o
                0x08002d26                HAL_UART_Init
 *fill*         0x08002d8e        0x2 
 .text.MX_GPIO_Init
                0x08002d90       0x54 Src\main.o
 .text.MX_DMA_Init
                0x08002de4       0x44 Src\main.o
 .text.ADC_start_adc_conversion_IT
                0x08002e28       0x26 Src\main.o
                0x08002e28                ADC_start_adc_conversion_IT
 *fill*         0x08002e4e        0x2 
 .text.HAL_UART_TxCpltCallback
                0x08002e50       0x14 Src\main.o
                0x08002e50                HAL_UART_TxCpltCallback
 .text.HAL_ADC_ConvCpltCallback
                0x08002e64       0x24 Src\main.o
                0x08002e64                HAL_ADC_ConvCpltCallback
 .text._Error_Handler
                0x08002e88        0x2 Src\main.o
                0x08002e88                _Error_Handler
 *fill*         0x08002e8a        0x2 
 .text.MX_ADC1_Init
                0x08002e8c       0x7c Src\main.o
 .text.MX_TIM4_Init
                0x08002f08       0xa8 Src\main.o
 .text.MX_UART4_Init
                0x08002fb0       0x50 Src\main.o
 .text.SystemClock_Config
                0x08003000       0xc0 Src\main.o
                0x08003000                SystemClock_Config
 .text.main     0x080030c0       0x60 Src\main.o
                0x080030c0                main
 .text.HAL_TIM_Base_MspInit
                0x08003120       0x2c Src\stm32f7xx_hal_msp.o
                0x08003120                HAL_TIM_Base_MspInit
 .text.HAL_ADC_MspInit
                0x0800314c       0x48 Src\stm32f7xx_hal_msp.o
                0x0800314c                HAL_ADC_MspInit
 .text.HAL_MspInit
                0x08003194       0x90 Src\stm32f7xx_hal_msp.o
                0x08003194                HAL_MspInit
 .text.HAL_TIM_MspPostInit
                0x08003224       0x38 Src\stm32f7xx_hal_msp.o
                0x08003224                HAL_TIM_MspPostInit
 .text.HAL_UART_MspInit
                0x0800325c       0xd0 Src\stm32f7xx_hal_msp.o
                0x0800325c                HAL_UART_MspInit
 .text.NMI_Handler
                0x0800332c        0x2 Src\stm32f7xx_it.o
                0x0800332c                NMI_Handler
 .text.HardFault_Handler
                0x0800332e        0x2 Src\stm32f7xx_it.o
                0x0800332e                HardFault_Handler
 .text.MemManage_Handler
                0x08003330        0x2 Src\stm32f7xx_it.o
                0x08003330                MemManage_Handler
 .text.BusFault_Handler
                0x08003332        0x2 Src\stm32f7xx_it.o
                0x08003332                BusFault_Handler
 .text.UsageFault_Handler
                0x08003334        0x2 Src\stm32f7xx_it.o
                0x08003334                UsageFault_Handler
 .text.SVC_Handler
                0x08003336        0x2 Src\stm32f7xx_it.o
                0x08003336                SVC_Handler
 .text.DebugMon_Handler
                0x08003338        0x2 Src\stm32f7xx_it.o
                0x08003338                DebugMon_Handler
 .text.PendSV_Handler
                0x0800333a        0x2 Src\stm32f7xx_it.o
                0x0800333a                PendSV_Handler
 .text.SysTick_Handler
                0x0800333c        0xc Src\stm32f7xx_it.o
                0x0800333c                SysTick_Handler
 .text.DMA1_Stream2_IRQHandler
                0x08003348       0x10 Src\stm32f7xx_it.o
                0x08003348                DMA1_Stream2_IRQHandler
 .text.UART4_IRQHandler
                0x08003358       0x10 Src\stm32f7xx_it.o
                0x08003358                UART4_IRQHandler
 .text.DMA1_Stream4_IRQHandler
                0x08003368       0x10 Src\stm32f7xx_it.o
                0x08003368                DMA1_Stream4_IRQHandler
 .text.ADC_IRQHandler
                0x08003378       0x10 Src\stm32f7xx_it.o
                0x08003378                ADC_IRQHandler
 .text.SystemInit
                0x08003388       0x50 Src\system_stm32f7xx.o
                0x08003388                SystemInit
 .text.uart_debug_transmit
                0x080033d8       0x50 Src\uart_debug.o
 .text.uart_debug_init
                0x08003428       0x1c Src\uart_debug.o
                0x08003428                uart_debug_init
 .text.uart_debug_add_to_buffer
                0x08003444       0x90 Src\uart_debug.o
                0x08003444                uart_debug_add_to_buffer
 .text.uart_debug_print_uint32
                0x080034d4       0x3c Src\uart_debug.o
                0x080034d4                uart_debug_print_uint32
 .text.uart_debug_newline
                0x08003510       0x18 Src\uart_debug.o
                0x08003510                uart_debug_newline
 .text.uart_debug_send_line
                0x08003528       0x1c Src\uart_debug.o
                0x08003528                uart_debug_send_line
 .text.uart_debug_send_string
                0x08003544       0x18 Src\uart_debug.o
                0x08003544                uart_debug_send_string
 .text.uart_debug_callback
                0x0800355c       0x58 Src\uart_debug.o
                0x0800355c                uart_debug_callback
 .text.Reset_Handler
                0x080035b4       0x50 startup\startup_stm32f722xx.o
                0x080035b4                Reset_Handler
 .text.Default_Handler
                0x08003604        0x2 startup\startup_stm32f722xx.o
                0x08003604                RTC_Alarm_IRQHandler
                0x08003604                EXTI2_IRQHandler
                0x08003604                TIM8_CC_IRQHandler
                0x08003604                UART8_IRQHandler
                0x08003604                SPI4_IRQHandler
                0x08003604                TIM1_CC_IRQHandler
                0x08003604                DMA2_Stream5_IRQHandler
                0x08003604                DMA1_Stream5_IRQHandler
                0x08003604                PVD_IRQHandler
                0x08003604                TAMP_STAMP_IRQHandler
                0x08003604                EXTI3_IRQHandler
                0x08003604                TIM8_TRG_COM_TIM14_IRQHandler
                0x08003604                TIM1_UP_TIM10_IRQHandler
                0x08003604                TIM8_UP_TIM13_IRQHandler
                0x08003604                I2C3_ER_IRQHandler
                0x08003604                EXTI0_IRQHandler
                0x08003604                I2C2_EV_IRQHandler
                0x08003604                CAN1_RX0_IRQHandler
                0x08003604                FPU_IRQHandler
                0x08003604                OTG_HS_WKUP_IRQHandler
                0x08003604                DMA2_Stream2_IRQHandler
                0x08003604                SPI1_IRQHandler
                0x08003604                TIM6_DAC_IRQHandler
                0x08003604                TIM1_BRK_TIM9_IRQHandler
                0x08003604                DMA2_Stream3_IRQHandler
                0x08003604                SAI2_IRQHandler
                0x08003604                USART6_IRQHandler
                0x08003604                USART3_IRQHandler
                0x08003604                CAN1_RX1_IRQHandler
                0x08003604                UART5_IRQHandler
                0x08003604                DMA2_Stream0_IRQHandler
                0x08003604                TIM4_IRQHandler
                0x08003604                QUADSPI_IRQHandler
                0x08003604                I2C1_EV_IRQHandler
                0x08003604                DMA1_Stream6_IRQHandler
                0x08003604                DMA1_Stream1_IRQHandler
                0x08003604                TIM3_IRQHandler
                0x08003604                RCC_IRQHandler
                0x08003604                TIM8_BRK_TIM12_IRQHandler
                0x08003604                Default_Handler
                0x08003604                EXTI15_10_IRQHandler
                0x08003604                DMA1_Stream7_IRQHandler
                0x08003604                SPI5_IRQHandler
                0x08003604                TIM7_IRQHandler
                0x08003604                SDMMC1_IRQHandler
                0x08003604                TIM5_IRQHandler
                0x08003604                DMA2_Stream7_IRQHandler
                0x08003604                I2C3_EV_IRQHandler
                0x08003604                EXTI9_5_IRQHandler
                0x08003604                RTC_WKUP_IRQHandler
                0x08003604                SPI2_IRQHandler
                0x08003604                OTG_HS_EP1_IN_IRQHandler
                0x08003604                DMA1_Stream0_IRQHandler
                0x08003604                CAN1_TX_IRQHandler
                0x08003604                EXTI4_IRQHandler
                0x08003604                RNG_IRQHandler
                0x08003604                OTG_HS_EP1_OUT_IRQHandler
                0x08003604                WWDG_IRQHandler
                0x08003604                TIM2_IRQHandler
                0x08003604                OTG_FS_WKUP_IRQHandler
                0x08003604                TIM1_TRG_COM_TIM11_IRQHandler
                0x08003604                OTG_HS_IRQHandler
                0x08003604                EXTI1_IRQHandler
                0x08003604                SDMMC2_IRQHandler
                0x08003604                UART7_IRQHandler
                0x08003604                USART2_IRQHandler
                0x08003604                I2C2_ER_IRQHandler
                0x08003604                DMA2_Stream1_IRQHandler
                0x08003604                CAN1_SCE_IRQHandler
                0x08003604                FLASH_IRQHandler
                0x08003604                DMA2_Stream4_IRQHandler
                0x08003604                USART1_IRQHandler
                0x08003604                OTG_FS_IRQHandler
                0x08003604                SPI3_IRQHandler
                0x08003604                I2C1_ER_IRQHandler
                0x08003604                FMC_IRQHandler
                0x08003604                LPTIM1_IRQHandler
                0x08003604                DMA2_Stream6_IRQHandler
                0x08003604                SAI1_IRQHandler
                0x08003604                DMA1_Stream3_IRQHandler
 *fill*         0x08003606        0x2 
 .text.__libc_init_array
                0x08003608       0x48 c:/program files (x86)/atollic/truestudio for stm32 9.0.1/armtools/bin/../lib/gcc/arm-atollic-eabi/6.3.1/../../../../arm-atollic-eabi/lib/armv7e-m/fpu/fpv5-sp-d16\libc_nano.a(lib_a-init.o)
                0x08003608                __libc_init_array
 .text.memcpy   0x08003650       0x16 c:/program files (x86)/atollic/truestudio for stm32 9.0.1/armtools/bin/../lib/gcc/arm-atollic-eabi/6.3.1/../../../../arm-atollic-eabi/lib/armv7e-m/fpu/fpv5-sp-d16\libc_nano.a(lib_a-memcpy-stub.o)
                0x08003650                memcpy
 *(.glue_7)
 .glue_7        0x08003666        0x0 linker stubs
 *(.glue_7t)
 .glue_7t       0x08003666        0x0 linker stubs
 *(.eh_frame)
 *fill*         0x08003666        0x2 
 .eh_frame      0x08003668        0x0 c:/program files (x86)/atollic/truestudio for stm32 9.0.1/armtools/bin/../lib/gcc/arm-atollic-eabi/6.3.1/armv7e-m/fpu/fpv5-sp-d16/crtbegin.o
 *(.init)
 .init          0x08003668        0x4 c:/program files (x86)/atollic/truestudio for stm32 9.0.1/armtools/bin/../lib/gcc/arm-atollic-eabi/6.3.1/armv7e-m/fpu/fpv5-sp-d16/crti.o
                0x08003668                _init
 .init          0x0800366c        0x8 c:/program files (x86)/atollic/truestudio for stm32 9.0.1/armtools/bin/../lib/gcc/arm-atollic-eabi/6.3.1/armv7e-m/fpu/fpv5-sp-d16/crtn.o
 *(.fini)
 .fini          0x08003674        0x4 c:/program files (x86)/atollic/truestudio for stm32 9.0.1/armtools/bin/../lib/gcc/arm-atollic-eabi/6.3.1/armv7e-m/fpu/fpv5-sp-d16/crti.o
                0x08003674                _fini
 .fini          0x08003678        0x8 c:/program files (x86)/atollic/truestudio for stm32 9.0.1/armtools/bin/../lib/gcc/arm-atollic-eabi/6.3.1/armv7e-m/fpu/fpv5-sp-d16/crtn.o
                0x08003680                . = ALIGN (0x4)
                0x08003680                _etext = .

.vfp11_veneer   0x08003680        0x0
 .vfp11_veneer  0x08003680        0x0 linker stubs

.v4_bx          0x08003680        0x0
 .v4_bx         0x08003680        0x0 linker stubs

.iplt           0x08003680        0x0
 .iplt          0x08003680        0x0 c:/program files (x86)/atollic/truestudio for stm32 9.0.1/armtools/bin/../lib/gcc/arm-atollic-eabi/6.3.1/armv7e-m/fpu/fpv5-sp-d16/crtbegin.o

.rodata         0x08003680       0x74
                0x08003680                . = ALIGN (0x4)
 *(.rodata)
 *(.rodata*)
 .rodata.flagBitshiftOffset.9423
                0x08003680        0x8 Drivers\STM32F7xx_HAL_Driver\Src\stm32f7xx_hal_dma.o
 .rodata.MX_ADC1_Init.str1.4
                0x08003688        0xe Src\main.o
 *fill*         0x08003696        0x2 
 .rodata.main.str1.4
                0x08003698       0x26 Src\main.o
 *fill*         0x080036be        0x2 
 .rodata.HAL_UART_MspInit.str1.4
                0x080036c0       0x1c Src\stm32f7xx_hal_msp.o
                                 0x1b (size before relaxing)
 .rodata.AHBPrescTable
                0x080036dc       0x10 Src\system_stm32f7xx.o
                0x080036dc                AHBPrescTable
 .rodata.APBPrescTable
                0x080036ec        0x8 Src\system_stm32f7xx.o
                0x080036ec                APBPrescTable
                0x080036f4                . = ALIGN (0x4)

.ARM.extab
 *(.ARM.extab* .gnu.linkonce.armextab.*)

.ARM            0x080036f4        0x8
                0x080036f4                __exidx_start = .
 *(.ARM.exidx*)
 .ARM.exidx     0x080036f4        0x8 c:/program files (x86)/atollic/truestudio for stm32 9.0.1/armtools/bin/../lib/gcc/arm-atollic-eabi/6.3.1/armv7e-m/fpu/fpv5-sp-d16\libgcc.a(_udivmoddi4.o)
                0x080036fc                __exidx_end = .

.rel.dyn        0x080036fc        0x0
 .rel.iplt      0x080036fc        0x0 c:/program files (x86)/atollic/truestudio for stm32 9.0.1/armtools/bin/../lib/gcc/arm-atollic-eabi/6.3.1/armv7e-m/fpu/fpv5-sp-d16/crtbegin.o

.preinit_array  0x080036fc        0x0
                0x080036fc                PROVIDE (__preinit_array_start, .)
 *(.preinit_array*)
                0x080036fc                PROVIDE (__preinit_array_end, .)

.init_array     0x080036fc        0x4
                0x080036fc                PROVIDE (__init_array_start, .)
 *(SORT(.init_array.*))
 *(.init_array*)
 .init_array    0x080036fc        0x4 c:/program files (x86)/atollic/truestudio for stm32 9.0.1/armtools/bin/../lib/gcc/arm-atollic-eabi/6.3.1/armv7e-m/fpu/fpv5-sp-d16/crtbegin.o
                0x08003700                PROVIDE (__init_array_end, .)

.fini_array     0x08003700        0x4
                [!provide]                PROVIDE (__fini_array_start, .)
 *(SORT(.fini_array.*))
 *(.fini_array*)
 .fini_array    0x08003700        0x4 c:/program files (x86)/atollic/truestudio for stm32 9.0.1/armtools/bin/../lib/gcc/arm-atollic-eabi/6.3.1/armv7e-m/fpu/fpv5-sp-d16/crtbegin.o
                [!provide]                PROVIDE (__fini_array_end, .)
                0x08003704                _sidata = LOADADDR (.data)

.data           0x20000000       0x14 load address 0x08003704
                0x20000000                . = ALIGN (0x4)
                0x20000000                _sdata = .
 *(.data)
 *(.data*)
 .data.uwTickFreq
                0x20000000        0x1 Drivers\STM32F7xx_HAL_Driver\Src\stm32f7xx_hal.o
                0x20000000                uwTickFreq
 *fill*         0x20000001        0x3 
 .data.uwTickPrio
                0x20000004        0x4 Drivers\STM32F7xx_HAL_Driver\Src\stm32f7xx_hal.o
                0x20000004                uwTickPrio
 .data.SystemCoreClock
                0x20000008        0x4 Src\system_stm32f7xx.o
                0x20000008                SystemCoreClock
 .data.uart_debug_buffer_remaining
                0x2000000c        0x4 Src\uart_debug.o
                0x2000000c                uart_debug_buffer_remaining
 .data.uart_debug_busy_flag
                0x20000010        0x1 Src\uart_debug.o
                0x20000010                uart_debug_busy_flag
                0x20000014                . = ALIGN (0x4)
 *fill*         0x20000011        0x3 
                0x20000014                _edata = .

.igot.plt       0x20000014        0x0 load address 0x08003718
 .igot.plt      0x20000014        0x0 c:/program files (x86)/atollic/truestudio for stm32 9.0.1/armtools/bin/../lib/gcc/arm-atollic-eabi/6.3.1/armv7e-m/fpu/fpv5-sp-d16/crtbegin.o
                0x20000014                . = ALIGN (0x4)

.bss            0x20000014     0x2220 load address 0x08003718
                0x20000014                _sbss = .
                0x20000014                __bss_start__ = _sbss
 *(.bss)
 .bss           0x20000014       0x1c c:/program files (x86)/atollic/truestudio for stm32 9.0.1/armtools/bin/../lib/gcc/arm-atollic-eabi/6.3.1/armv7e-m/fpu/fpv5-sp-d16/crtbegin.o
 *(.bss*)
 .bss.adc_result
                0x20000030        0x4 Src\main.o
                0x20000030                adc_result
 .bss.debugUART
                0x20000034        0x4 Src\uart_debug.o
                0x20000034                debugUART
 .bss.uart_debug_buffer_head
                0x20000038        0x4 Src\uart_debug.o
                0x20000038                uart_debug_buffer_head
 .bss.uart_debug_buffer_tail
                0x2000003c        0x4 Src\uart_debug.o
                0x2000003c                uart_debug_buffer_tail
 .bss.uart_debug_buffer_transmit_head
                0x20000040        0x4 Src\uart_debug.o
                0x20000040                uart_debug_buffer_transmit_head
 *(COMMON)
 COMMON         0x20000044        0x4 Drivers\STM32F7xx_HAL_Driver\Src\stm32f7xx_hal.o
                0x20000044                uwTick
 COMMON         0x20000048      0x1b8 Src\main.o
                0x20000048                hdma_uart4_rx
                0x200000a8                htim4
                0x200000e8                hadc1
                0x20000130                huart4
                0x200001a0                hdma_uart4_tx
 COMMON         0x20000200     0x2034 Src\uart_debug.o
                0x20000200                uart_debug_buffer_temp
                0x20000234                uart_debug_buffer
                0x20002234                . = ALIGN (0x4)
                0x20002234                _ebss = .
                0x20002234                __bss_end__ = _ebss

._user_heap_stack
                0x20002234      0x600 load address 0x08003718
                0x20002234                . = ALIGN (0x4)
                [!provide]                PROVIDE (end, .)
                [!provide]                PROVIDE (_end, .)
                0x20002434                . = (. + _Min_Heap_Size)
 *fill*         0x20002234      0x200 
                0x20002834                . = (. + _Min_Stack_Size)
 *fill*         0x20002434      0x400 
                0x20002834                . = ALIGN (0x4)

/DISCARD/
 libc.a(*)
 libm.a(*)
 libgcc.a(*)

.ARM.attributes
                0x00000000       0x30
 *(.ARM.attributes)
 .ARM.attributes
                0x00000000       0x22 c:/program files (x86)/atollic/truestudio for stm32 9.0.1/armtools/bin/../lib/gcc/arm-atollic-eabi/6.3.1/armv7e-m/fpu/fpv5-sp-d16/crti.o
 .ARM.attributes
                0x00000022       0x34 c:/program files (x86)/atollic/truestudio for stm32 9.0.1/armtools/bin/../lib/gcc/arm-atollic-eabi/6.3.1/armv7e-m/fpu/fpv5-sp-d16/crtbegin.o
 .ARM.attributes
                0x00000056       0x39 Drivers\STM32F7xx_HAL_Driver\Src\stm32f7xx_hal.o
 .ARM.attributes
                0x0000008f       0x39 Drivers\STM32F7xx_HAL_Driver\Src\stm32f7xx_hal_adc.o
 .ARM.attributes
                0x000000c8       0x39 Drivers\STM32F7xx_HAL_Driver\Src\stm32f7xx_hal_adc_ex.o
 .ARM.attributes
                0x00000101       0x39 Drivers\STM32F7xx_HAL_Driver\Src\stm32f7xx_hal_cortex.o
 .ARM.attributes
                0x0000013a       0x39 Drivers\STM32F7xx_HAL_Driver\Src\stm32f7xx_hal_dma.o
 .ARM.attributes
                0x00000173       0x39 Drivers\STM32F7xx_HAL_Driver\Src\stm32f7xx_hal_gpio.o
 .ARM.attributes
                0x000001ac       0x39 Drivers\STM32F7xx_HAL_Driver\Src\stm32f7xx_hal_rcc.o
 .ARM.attributes
                0x000001e5       0x39 Drivers\STM32F7xx_HAL_Driver\Src\stm32f7xx_hal_rcc_ex.o
 .ARM.attributes
                0x0000021e       0x39 Drivers\STM32F7xx_HAL_Driver\Src\stm32f7xx_hal_tim.o
 .ARM.attributes
                0x00000257       0x39 Drivers\STM32F7xx_HAL_Driver\Src\stm32f7xx_hal_tim_ex.o
 .ARM.attributes
                0x00000290       0x39 Drivers\STM32F7xx_HAL_Driver\Src\stm32f7xx_hal_uart.o
 .ARM.attributes
                0x000002c9       0x39 Src\main.o
 .ARM.attributes
                0x00000302       0x39 Src\stm32f7xx_hal_msp.o
 .ARM.attributes
                0x0000033b       0x39 Src\stm32f7xx_it.o
 .ARM.attributes
                0x00000374       0x39 Src\system_stm32f7xx.o
 .ARM.attributes
                0x000003ad       0x39 Src\uart_debug.o
 .ARM.attributes
                0x000003e6       0x21 startup\startup_stm32f722xx.o
 .ARM.attributes
                0x00000407       0x34 c:/program files (x86)/atollic/truestudio for stm32 9.0.1/armtools/bin/../lib/gcc/arm-atollic-eabi/6.3.1/../../../../arm-atollic-eabi/lib/armv7e-m/fpu/fpv5-sp-d16\libc_nano.a(lib_a-init.o)
 .ARM.attributes
                0x0000043b       0x34 c:/program files (x86)/atollic/truestudio for stm32 9.0.1/armtools/bin/../lib/gcc/arm-atollic-eabi/6.3.1/../../../../arm-atollic-eabi/lib/armv7e-m/fpu/fpv5-sp-d16\libc_nano.a(lib_a-memcpy-stub.o)
 .ARM.attributes
                0x0000046f       0x22 c:/program files (x86)/atollic/truestudio for stm32 9.0.1/armtools/bin/../lib/gcc/arm-atollic-eabi/6.3.1/armv7e-m/fpu/fpv5-sp-d16\libgcc.a(_aeabi_uldivmod.o)
 .ARM.attributes
                0x00000491       0x34 c:/program files (x86)/atollic/truestudio for stm32 9.0.1/armtools/bin/../lib/gcc/arm-atollic-eabi/6.3.1/armv7e-m/fpu/fpv5-sp-d16\libgcc.a(_udivmoddi4.o)
 .ARM.attributes
                0x000004c5       0x22 c:/program files (x86)/atollic/truestudio for stm32 9.0.1/armtools/bin/../lib/gcc/arm-atollic-eabi/6.3.1/armv7e-m/fpu/fpv5-sp-d16\libgcc.a(_dvmd_tls.o)
 .ARM.attributes
                0x000004e7       0x22 c:/program files (x86)/atollic/truestudio for stm32 9.0.1/armtools/bin/../lib/gcc/arm-atollic-eabi/6.3.1/armv7e-m/fpu/fpv5-sp-d16/crtn.o
OUTPUT(F722_timer_adc_uart.elf elf32-littlearm)

.debug_info     0x00000000    0x18a80
 .debug_info    0x00000000     0x1224 Drivers\STM32F7xx_HAL_Driver\Src\stm32f7xx_hal.o
 .debug_info    0x00001224     0x1570 Drivers\STM32F7xx_HAL_Driver\Src\stm32f7xx_hal_adc.o
 .debug_info    0x00002794     0x136d Drivers\STM32F7xx_HAL_Driver\Src\stm32f7xx_hal_adc_ex.o
 .debug_info    0x00003b01     0x1920 Drivers\STM32F7xx_HAL_Driver\Src\stm32f7xx_hal_cortex.o
 .debug_info    0x00005421     0x126a Drivers\STM32F7xx_HAL_Driver\Src\stm32f7xx_hal_dma.o
 .debug_info    0x0000668b      0xfaa Drivers\STM32F7xx_HAL_Driver\Src\stm32f7xx_hal_gpio.o
 .debug_info    0x00007635     0x1309 Drivers\STM32F7xx_HAL_Driver\Src\stm32f7xx_hal_rcc.o
 .debug_info    0x0000893e     0x1056 Drivers\STM32F7xx_HAL_Driver\Src\stm32f7xx_hal_rcc_ex.o
 .debug_info    0x00009994     0x36fc Drivers\STM32F7xx_HAL_Driver\Src\stm32f7xx_hal_tim.o
 .debug_info    0x0000d090     0x1ebc Drivers\STM32F7xx_HAL_Driver\Src\stm32f7xx_hal_tim_ex.o
 .debug_info    0x0000ef4c     0x205a Drivers\STM32F7xx_HAL_Driver\Src\stm32f7xx_hal_uart.o
 .debug_info    0x00010fa6     0x2585 Src\main.o
 .debug_info    0x0001352b     0x1c42 Src\stm32f7xx_hal_msp.o
 .debug_info    0x0001516d     0x1218 Src\stm32f7xx_it.o
 .debug_info    0x00016385      0xf05 Src\system_stm32f7xx.o
 .debug_info    0x0001728a     0x1773 Src\uart_debug.o
 .debug_info    0x000189fd       0x83 startup\startup_stm32f722xx.o

.debug_abbrev   0x00000000     0x2a84
 .debug_abbrev  0x00000000      0x2a8 Drivers\STM32F7xx_HAL_Driver\Src\stm32f7xx_hal.o
 .debug_abbrev  0x000002a8      0x290 Drivers\STM32F7xx_HAL_Driver\Src\stm32f7xx_hal_adc.o
 .debug_abbrev  0x00000538      0x2cc Drivers\STM32F7xx_HAL_Driver\Src\stm32f7xx_hal_adc_ex.o
 .debug_abbrev  0x00000804      0x3a8 Drivers\STM32F7xx_HAL_Driver\Src\stm32f7xx_hal_cortex.o
 .debug_abbrev  0x00000bac      0x2ed Drivers\STM32F7xx_HAL_Driver\Src\stm32f7xx_hal_dma.o
 .debug_abbrev  0x00000e99      0x26a Drivers\STM32F7xx_HAL_Driver\Src\stm32f7xx_hal_gpio.o
 .debug_abbrev  0x00001103      0x2c4 Drivers\STM32F7xx_HAL_Driver\Src\stm32f7xx_hal_rcc.o
 .debug_abbrev  0x000013c7      0x227 Drivers\STM32F7xx_HAL_Driver\Src\stm32f7xx_hal_rcc_ex.o
 .debug_abbrev  0x000015ee      0x276 Drivers\STM32F7xx_HAL_Driver\Src\stm32f7xx_hal_tim.o
 .debug_abbrev  0x00001864      0x2a1 Drivers\STM32F7xx_HAL_Driver\Src\stm32f7xx_hal_tim_ex.o
 .debug_abbrev  0x00001b05      0x2d7 Drivers\STM32F7xx_HAL_Driver\Src\stm32f7xx_hal_uart.o
 .debug_abbrev  0x00001ddc      0x2fa Src\main.o
 .debug_abbrev  0x000020d6      0x272 Src\stm32f7xx_hal_msp.o
 .debug_abbrev  0x00002348      0x1e4 Src\stm32f7xx_it.o
 .debug_abbrev  0x0000252c      0x1e6 Src\system_stm32f7xx.o
 .debug_abbrev  0x00002712      0x360 Src\uart_debug.o
 .debug_abbrev  0x00002a72       0x12 startup\startup_stm32f722xx.o

.debug_loc      0x00000000     0x9f32
 .debug_loc     0x00000000      0x108 Drivers\STM32F7xx_HAL_Driver\Src\stm32f7xx_hal.o
 .debug_loc     0x00000108      0x853 Drivers\STM32F7xx_HAL_Driver\Src\stm32f7xx_hal_adc.o
 .debug_loc     0x0000095b      0x80e Drivers\STM32F7xx_HAL_Driver\Src\stm32f7xx_hal_adc_ex.o
 .debug_loc     0x00001169      0x5c0 Drivers\STM32F7xx_HAL_Driver\Src\stm32f7xx_hal_cortex.o
 .debug_loc     0x00001729      0xb59 Drivers\STM32F7xx_HAL_Driver\Src\stm32f7xx_hal_dma.o
 .debug_loc     0x00002282      0x409 Drivers\STM32F7xx_HAL_Driver\Src\stm32f7xx_hal_gpio.o
 .debug_loc     0x0000268b      0x4a2 Drivers\STM32F7xx_HAL_Driver\Src\stm32f7xx_hal_rcc.o
 .debug_loc     0x00002b2d      0x554 Drivers\STM32F7xx_HAL_Driver\Src\stm32f7xx_hal_rcc_ex.o
 .debug_loc     0x00003081     0x352a Drivers\STM32F7xx_HAL_Driver\Src\stm32f7xx_hal_tim.o
 .debug_loc     0x000065ab     0x1857 Drivers\STM32F7xx_HAL_Driver\Src\stm32f7xx_hal_tim_ex.o
 .debug_loc     0x00007e02     0x16aa Drivers\STM32F7xx_HAL_Driver\Src\stm32f7xx_hal_uart.o
 .debug_loc     0x000094ac       0xc0 Src\main.o
 .debug_loc     0x0000956c       0xc6 Src\stm32f7xx_hal_msp.o
 .debug_loc     0x00009632      0x13e Src\system_stm32f7xx.o
 .debug_loc     0x00009770      0x7c2 Src\uart_debug.o

.debug_aranges  0x00000000      0xda8
 .debug_aranges
                0x00000000      0x100 Drivers\STM32F7xx_HAL_Driver\Src\stm32f7xx_hal.o
 .debug_aranges
                0x00000100       0xe8 Drivers\STM32F7xx_HAL_Driver\Src\stm32f7xx_hal_adc.o
 .debug_aranges
                0x000001e8       0x90 Drivers\STM32F7xx_HAL_Driver\Src\stm32f7xx_hal_adc_ex.o
 .debug_aranges
                0x00000278       0xa8 Drivers\STM32F7xx_HAL_Driver\Src\stm32f7xx_hal_cortex.o
 .debug_aranges
                0x00000320       0x90 Drivers\STM32F7xx_HAL_Driver\Src\stm32f7xx_hal_dma.o
 .debug_aranges
                0x000003b0       0x58 Drivers\STM32F7xx_HAL_Driver\Src\stm32f7xx_hal_gpio.o
 .debug_aranges
                0x00000408       0x88 Drivers\STM32F7xx_HAL_Driver\Src\stm32f7xx_hal_rcc.o
 .debug_aranges
                0x00000490       0x50 Drivers\STM32F7xx_HAL_Driver\Src\stm32f7xx_hal_rcc_ex.o
 .debug_aranges
                0x000004e0      0x368 Drivers\STM32F7xx_HAL_Driver\Src\stm32f7xx_hal_tim.o
 .debug_aranges
                0x00000848      0x170 Drivers\STM32F7xx_HAL_Driver\Src\stm32f7xx_hal_tim_ex.o
 .debug_aranges
                0x000009b8      0x190 Drivers\STM32F7xx_HAL_Driver\Src\stm32f7xx_hal_uart.o
 .debug_aranges
                0x00000b48       0x78 Src\main.o
 .debug_aranges
                0x00000bc0       0x58 Src\stm32f7xx_hal_msp.o
 .debug_aranges
                0x00000c18       0x80 Src\stm32f7xx_it.o
 .debug_aranges
                0x00000c98       0x28 Src\system_stm32f7xx.o
 .debug_aranges
                0x00000cc0       0xc0 Src\uart_debug.o
 .debug_aranges
                0x00000d80       0x28 startup\startup_stm32f722xx.o

.debug_ranges   0x00000000      0xde0
 .debug_ranges  0x00000000       0xf0 Drivers\STM32F7xx_HAL_Driver\Src\stm32f7xx_hal.o
 .debug_ranges  0x000000f0       0xd8 Drivers\STM32F7xx_HAL_Driver\Src\stm32f7xx_hal_adc.o
 .debug_ranges  0x000001c8       0x80 Drivers\STM32F7xx_HAL_Driver\Src\stm32f7xx_hal_adc_ex.o
 .debug_ranges  0x00000248       0xf8 Drivers\STM32F7xx_HAL_Driver\Src\stm32f7xx_hal_cortex.o
 .debug_ranges  0x00000340       0x80 Drivers\STM32F7xx_HAL_Driver\Src\stm32f7xx_hal_dma.o
 .debug_ranges  0x000003c0       0x48 Drivers\STM32F7xx_HAL_Driver\Src\stm32f7xx_hal_gpio.o
 .debug_ranges  0x00000408       0x78 Drivers\STM32F7xx_HAL_Driver\Src\stm32f7xx_hal_rcc.o
 .debug_ranges  0x00000480       0x40 Drivers\STM32F7xx_HAL_Driver\Src\stm32f7xx_hal_rcc_ex.o
 .debug_ranges  0x000004c0      0x358 Drivers\STM32F7xx_HAL_Driver\Src\stm32f7xx_hal_tim.o
 .debug_ranges  0x00000818      0x160 Drivers\STM32F7xx_HAL_Driver\Src\stm32f7xx_hal_tim_ex.o
 .debug_ranges  0x00000978      0x180 Drivers\STM32F7xx_HAL_Driver\Src\stm32f7xx_hal_uart.o
 .debug_ranges  0x00000af8       0x68 Src\main.o
 .debug_ranges  0x00000b60       0x48 Src\stm32f7xx_hal_msp.o
 .debug_ranges  0x00000ba8       0x70 Src\stm32f7xx_it.o
 .debug_ranges  0x00000c18       0x18 Src\system_stm32f7xx.o
 .debug_ranges  0x00000c30      0x190 Src\uart_debug.o
 .debug_ranges  0x00000dc0       0x20 startup\startup_stm32f722xx.o

.debug_line     0x00000000     0x6990
 .debug_line    0x00000000      0x4cd Drivers\STM32F7xx_HAL_Driver\Src\stm32f7xx_hal.o
 .debug_line    0x000004cd      0x734 Drivers\STM32F7xx_HAL_Driver\Src\stm32f7xx_hal_adc.o
 .debug_line    0x00000c01      0x606 Drivers\STM32F7xx_HAL_Driver\Src\stm32f7xx_hal_adc_ex.o
 .debug_line    0x00001207      0x4bc Drivers\STM32F7xx_HAL_Driver\Src\stm32f7xx_hal_cortex.o
 .debug_line    0x000016c3      0x5e3 Drivers\STM32F7xx_HAL_Driver\Src\stm32f7xx_hal_dma.o
 .debug_line    0x00001ca6      0x424 Drivers\STM32F7xx_HAL_Driver\Src\stm32f7xx_hal_gpio.o
 .debug_line    0x000020ca      0x590 Drivers\STM32F7xx_HAL_Driver\Src\stm32f7xx_hal_rcc.o
 .debug_line    0x0000265a      0x4d6 Drivers\STM32F7xx_HAL_Driver\Src\stm32f7xx_hal_rcc_ex.o
 .debug_line    0x00002b30     0x12a4 Drivers\STM32F7xx_HAL_Driver\Src\stm32f7xx_hal_tim.o
 .debug_line    0x00003dd4      0x9b8 Drivers\STM32F7xx_HAL_Driver\Src\stm32f7xx_hal_tim_ex.o
 .debug_line    0x0000478c      0xc9f Drivers\STM32F7xx_HAL_Driver\Src\stm32f7xx_hal_uart.o
 .debug_line    0x0000542b      0x52b Src\main.o
 .debug_line    0x00005956      0x3db Src\stm32f7xx_hal_msp.o
 .debug_line    0x00005d31      0x3b1 Src\stm32f7xx_it.o
 .debug_line    0x000060e2      0x273 Src\system_stm32f7xx.o
 .debug_line    0x00006355      0x5bc Src\uart_debug.o
 .debug_line    0x00006911       0x7f startup\startup_stm32f722xx.o

.debug_str      0x00000000     0x4ac7
 .debug_str     0x00000000      0xfa0 Drivers\STM32F7xx_HAL_Driver\Src\stm32f7xx_hal.o
                               0x104f (size before relaxing)
 .debug_str     0x00000fa0      0x68b Drivers\STM32F7xx_HAL_Driver\Src\stm32f7xx_hal_adc.o
                                0xdb7 (size before relaxing)
 .debug_str     0x0000162b      0x2df Drivers\STM32F7xx_HAL_Driver\Src\stm32f7xx_hal_adc_ex.o
                                0xe1a (size before relaxing)
 .debug_str     0x0000190a      0x487 Drivers\STM32F7xx_HAL_Driver\Src\stm32f7xx_hal_cortex.o
                               0x118d (size before relaxing)
 .debug_str     0x00001d91      0x2ef Drivers\STM32F7xx_HAL_Driver\Src\stm32f7xx_hal_dma.o
                                0xbf8 (size before relaxing)
 .debug_str     0x00002080      0x1a2 Drivers\STM32F7xx_HAL_Driver\Src\stm32f7xx_hal_gpio.o
                                0x98f (size before relaxing)
 .debug_str     0x00002222      0x31d Drivers\STM32F7xx_HAL_Driver\Src\stm32f7xx_hal_rcc.o
                                0xb64 (size before relaxing)
 .debug_str     0x0000253f      0x3bc Drivers\STM32F7xx_HAL_Driver\Src\stm32f7xx_hal_rcc_ex.o
                                0xb84 (size before relaxing)
 .debug_str     0x000028fb      0xefe Drivers\STM32F7xx_HAL_Driver\Src\stm32f7xx_hal_tim.o
                               0x186d (size before relaxing)
 .debug_str     0x000037f9      0x598 Drivers\STM32F7xx_HAL_Driver\Src\stm32f7xx_hal_tim_ex.o
                               0x12f3 (size before relaxing)
 .debug_str     0x00003d91      0x7b3 Drivers\STM32F7xx_HAL_Driver\Src\stm32f7xx_hal_uart.o
                               0x12a1 (size before relaxing)
 .debug_str     0x00004544      0x1ab Src\main.o
                               0x1d5b (size before relaxing)
 .debug_str     0x000046ef       0x25 Src\stm32f7xx_hal_msp.o
                               0x1678 (size before relaxing)
 .debug_str     0x00004714       0xe7 Src\stm32f7xx_it.o
                                0xde0 (size before relaxing)
 .debug_str     0x000047fb       0x45 Src\system_stm32f7xx.o
                                0x8bc (size before relaxing)
 .debug_str     0x00004840      0x287 Src\uart_debug.o
                                0xe66 (size before relaxing)

.comment        0x00000000       0x7c
 .comment       0x00000000       0x7c Drivers\STM32F7xx_HAL_Driver\Src\stm32f7xx_hal.o
                                 0x7d (size before relaxing)
 .comment       0x0000007c       0x7d Drivers\STM32F7xx_HAL_Driver\Src\stm32f7xx_hal_adc.o
 .comment       0x0000007c       0x7d Drivers\STM32F7xx_HAL_Driver\Src\stm32f7xx_hal_adc_ex.o
 .comment       0x0000007c       0x7d Drivers\STM32F7xx_HAL_Driver\Src\stm32f7xx_hal_cortex.o
 .comment       0x0000007c       0x7d Drivers\STM32F7xx_HAL_Driver\Src\stm32f7xx_hal_dma.o
 .comment       0x0000007c       0x7d Drivers\STM32F7xx_HAL_Driver\Src\stm32f7xx_hal_gpio.o
 .comment       0x0000007c       0x7d Drivers\STM32F7xx_HAL_Driver\Src\stm32f7xx_hal_rcc.o
 .comment       0x0000007c       0x7d Drivers\STM32F7xx_HAL_Driver\Src\stm32f7xx_hal_rcc_ex.o
 .comment       0x0000007c       0x7d Drivers\STM32F7xx_HAL_Driver\Src\stm32f7xx_hal_tim.o
 .comment       0x0000007c       0x7d Drivers\STM32F7xx_HAL_Driver\Src\stm32f7xx_hal_tim_ex.o
 .comment       0x0000007c       0x7d Drivers\STM32F7xx_HAL_Driver\Src\stm32f7xx_hal_uart.o
 .comment       0x0000007c       0x7d Src\main.o
 .comment       0x0000007c       0x7d Src\stm32f7xx_hal_msp.o
 .comment       0x0000007c       0x7d Src\stm32f7xx_it.o
 .comment       0x0000007c       0x7d Src\system_stm32f7xx.o
 .comment       0x0000007c       0x7d Src\uart_debug.o

.debug_frame    0x00000000     0x252c
 .debug_frame   0x00000000      0x20c Drivers\STM32F7xx_HAL_Driver\Src\stm32f7xx_hal.o
 .debug_frame   0x0000020c      0x27c Drivers\STM32F7xx_HAL_Driver\Src\stm32f7xx_hal_adc.o
 .debug_frame   0x00000488      0x18c Drivers\STM32F7xx_HAL_Driver\Src\stm32f7xx_hal_adc_ex.o
 .debug_frame   0x00000614      0x15c Drivers\STM32F7xx_HAL_Driver\Src\stm32f7xx_hal_cortex.o
 .debug_frame   0x00000770      0x17c Drivers\STM32F7xx_HAL_Driver\Src\stm32f7xx_hal_dma.o
 .debug_frame   0x000008ec       0xd0 Drivers\STM32F7xx_HAL_Driver\Src\stm32f7xx_hal_gpio.o
 .debug_frame   0x000009bc      0x180 Drivers\STM32F7xx_HAL_Driver\Src\stm32f7xx_hal_rcc.o
 .debug_frame   0x00000b3c       0xcc Drivers\STM32F7xx_HAL_Driver\Src\stm32f7xx_hal_rcc_ex.o
 .debug_frame   0x00000c08      0x9f8 Drivers\STM32F7xx_HAL_Driver\Src\stm32f7xx_hal_tim.o
 .debug_frame   0x00001600      0x44c Drivers\STM32F7xx_HAL_Driver\Src\stm32f7xx_hal_tim_ex.o
 .debug_frame   0x00001a4c      0x488 Drivers\STM32F7xx_HAL_Driver\Src\stm32f7xx_hal_uart.o
 .debug_frame   0x00001ed4      0x154 Src\main.o
 .debug_frame   0x00002028       0xe0 Src\stm32f7xx_hal_msp.o
 .debug_frame   0x00002108      0x108 Src\stm32f7xx_it.o
 .debug_frame   0x00002210       0x3c Src\system_stm32f7xx.o
 .debug_frame   0x0000224c      0x22c Src\uart_debug.o
 .debug_frame   0x00002478       0x2c c:/program files (x86)/atollic/truestudio for stm32 9.0.1/armtools/bin/../lib/gcc/arm-atollic-eabi/6.3.1/../../../../arm-atollic-eabi/lib/armv7e-m/fpu/fpv5-sp-d16\libc_nano.a(lib_a-init.o)
 .debug_frame   0x000024a4       0x28 c:/program files (x86)/atollic/truestudio for stm32 9.0.1/armtools/bin/../lib/gcc/arm-atollic-eabi/6.3.1/../../../../arm-atollic-eabi/lib/armv7e-m/fpu/fpv5-sp-d16\libc_nano.a(lib_a-memcpy-stub.o)
 .debug_frame   0x000024cc       0x2c c:/program files (x86)/atollic/truestudio for stm32 9.0.1/armtools/bin/../lib/gcc/arm-atollic-eabi/6.3.1/armv7e-m/fpu/fpv5-sp-d16\libgcc.a(_aeabi_uldivmod.o)
 .debug_frame   0x000024f8       0x34 c:/program files (x86)/atollic/truestudio for stm32 9.0.1/armtools/bin/../lib/gcc/arm-atollic-eabi/6.3.1/armv7e-m/fpu/fpv5-sp-d16\libgcc.a(_udivmoddi4.o)
