Archive member included to satisfy reference by file (symbol)

c:/program files (x86)/atollic/truestudio for stm32 9.0.1/armtools/bin/../lib/gcc/arm-atollic-eabi/6.3.1/../../../../arm-atollic-eabi/lib/armv7e-m/fpu/fpv5-sp-d16\libc_nano.a(lib_a-init.o)
                              startup\startup_stm32f722xx.o (__libc_init_array)
c:/program files (x86)/atollic/truestudio for stm32 9.0.1/armtools/bin/../lib/gcc/arm-atollic-eabi/6.3.1/../../../../arm-atollic-eabi/lib/armv7e-m/fpu/fpv5-sp-d16\libc_nano.a(lib_a-memcpy-stub.o)
                              Src\uart_debug.o (memcpy)
c:/program files (x86)/atollic/truestudio for stm32 9.0.1/armtools/bin/../lib/gcc/arm-atollic-eabi/6.3.1/armv7e-m/fpu/fpv5-sp-d16\libgcc.a(_aeabi_uldivmod.o)
                              Drivers\STM32F7xx_HAL_Driver\Src\stm32f7xx_hal_rcc.o (__aeabi_uldivmod)
c:/program files (x86)/atollic/truestudio for stm32 9.0.1/armtools/bin/../lib/gcc/arm-atollic-eabi/6.3.1/armv7e-m/fpu/fpv5-sp-d16\libgcc.a(_udivmoddi4.o)
                              c:/program files (x86)/atollic/truestudio for stm32 9.0.1/armtools/bin/../lib/gcc/arm-atollic-eabi/6.3.1/armv7e-m/fpu/fpv5-sp-d16\libgcc.a(_aeabi_uldivmod.o) (__udivmoddi4)
c:/program files (x86)/atollic/truestudio for stm32 9.0.1/armtools/bin/../lib/gcc/arm-atollic-eabi/6.3.1/armv7e-m/fpu/fpv5-sp-d16\libgcc.a(_dvmd_tls.o)
                              c:/program files (x86)/atollic/truestudio for stm32 9.0.1/armtools/bin/../lib/gcc/arm-atollic-eabi/6.3.1/armv7e-m/fpu/fpv5-sp-d16\libgcc.a(_aeabi_uldivmod.o) (__aeabi_ldiv0)

Allocating common symbols
Common symbol       size              file

uart_debug_buffer_temp
                    0x31              Src\uart_debug.o
hdma_uart4_rx       0x60              Src\main.o
htim4               0x40              Src\main.o
uwTick              0x4               Drivers\STM32F7xx_HAL_Driver\Src\stm32f7xx_hal.o
pFlash              0x1c              Drivers\STM32F7xx_HAL_Driver\Src\stm32f7xx_hal_flash.o
hadc1               0x48              Src\main.o
huart4              0x70              Src\main.o
uart_debug_buffer   0x2000            Src\uart_debug.o
hdma_uart4_tx       0x60              Src\main.o

Discarded input sections

 .text          0x00000000        0x0 c:/program files (x86)/atollic/truestudio for stm32 9.0.1/armtools/bin/../lib/gcc/arm-atollic-eabi/6.3.1/armv7e-m/fpu/fpv5-sp-d16/crti.o
 .data          0x00000000        0x0 c:/program files (x86)/atollic/truestudio for stm32 9.0.1/armtools/bin/../lib/gcc/arm-atollic-eabi/6.3.1/armv7e-m/fpu/fpv5-sp-d16/crti.o
 .bss           0x00000000        0x0 c:/program files (x86)/atollic/truestudio for stm32 9.0.1/armtools/bin/../lib/gcc/arm-atollic-eabi/6.3.1/armv7e-m/fpu/fpv5-sp-d16/crti.o
 .data          0x00000000        0x4 c:/program files (x86)/atollic/truestudio for stm32 9.0.1/armtools/bin/../lib/gcc/arm-atollic-eabi/6.3.1/armv7e-m/fpu/fpv5-sp-d16/crtbegin.o
 .text          0x00000000        0x0 Drivers\STM32F7xx_HAL_Driver\Src\stm32f7xx_hal.o
 .data          0x00000000        0x0 Drivers\STM32F7xx_HAL_Driver\Src\stm32f7xx_hal.o
 .bss           0x00000000        0x0 Drivers\STM32F7xx_HAL_Driver\Src\stm32f7xx_hal.o
 .text.HAL_MspInit
                0x00000000        0x2 Drivers\STM32F7xx_HAL_Driver\Src\stm32f7xx_hal.o
 .text.HAL_MspDeInit
                0x00000000        0x2 Drivers\STM32F7xx_HAL_Driver\Src\stm32f7xx_hal.o
 .text.HAL_DeInit
                0x00000000       0x2c Drivers\STM32F7xx_HAL_Driver\Src\stm32f7xx_hal.o
 .text.HAL_GetTickPrio
                0x00000000        0xc Drivers\STM32F7xx_HAL_Driver\Src\stm32f7xx_hal.o
 .text.HAL_SetTickFreq
                0x00000000       0x24 Drivers\STM32F7xx_HAL_Driver\Src\stm32f7xx_hal.o
 .text.HAL_GetTickFreq
                0x00000000        0xc Drivers\STM32F7xx_HAL_Driver\Src\stm32f7xx_hal.o
 .text.HAL_Delay
                0x00000000       0x28 Drivers\STM32F7xx_HAL_Driver\Src\stm32f7xx_hal.o
 .text.HAL_SuspendTick
                0x00000000       0x10 Drivers\STM32F7xx_HAL_Driver\Src\stm32f7xx_hal.o
 .text.HAL_ResumeTick
                0x00000000       0x10 Drivers\STM32F7xx_HAL_Driver\Src\stm32f7xx_hal.o
 .text.HAL_GetHalVersion
                0x00000000        0x8 Drivers\STM32F7xx_HAL_Driver\Src\stm32f7xx_hal.o
 .text.HAL_GetREVID
                0x00000000        0xc Drivers\STM32F7xx_HAL_Driver\Src\stm32f7xx_hal.o
 .text.HAL_GetDEVID
                0x00000000       0x10 Drivers\STM32F7xx_HAL_Driver\Src\stm32f7xx_hal.o
 .text.HAL_GetUIDw0
                0x00000000        0xc Drivers\STM32F7xx_HAL_Driver\Src\stm32f7xx_hal.o
 .text.HAL_GetUIDw1
                0x00000000        0xc Drivers\STM32F7xx_HAL_Driver\Src\stm32f7xx_hal.o
 .text.HAL_GetUIDw2
                0x00000000        0xc Drivers\STM32F7xx_HAL_Driver\Src\stm32f7xx_hal.o
 .text.HAL_DBGMCU_EnableDBGSleepMode
                0x00000000       0x10 Drivers\STM32F7xx_HAL_Driver\Src\stm32f7xx_hal.o
 .text.HAL_DBGMCU_DisableDBGSleepMode
[...]
Memory Configuration

Name             Origin             Length             Attributes
RAM              0x20000000         0x00040000         xrw
FLASH            0x08000000         0x00080000         xr
*default*        0x00000000         0xffffffff

Linker script and memory map

LOAD c:/program files (x86)/atollic/truestudio for stm32 9.0.1/armtools/bin/../lib/gcc/arm-atollic-eabi/6.3.1/armv7e-m/fpu/fpv5-sp-d16/crti.o
LOAD c:/program files (x86)/atollic/truestudio for stm32 9.0.1/armtools/bin/../lib/gcc/arm-atollic-eabi/6.3.1/armv7e-m/fpu/fpv5-sp-d16/crtbegin.o
LOAD Drivers\STM32F7xx_HAL_Driver\Src\stm32f7xx_hal.o
LOAD Drivers\STM32F7xx_HAL_Driver\Src\stm32f7xx_hal_adc.o
LOAD Drivers\STM32F7xx_HAL_Driver\Src\stm32f7xx_hal_adc_ex.o
LOAD Drivers\STM32F7xx_HAL_Driver\Src\stm32f7xx_hal_cortex.o
LOAD Drivers\STM32F7xx_HAL_Driver\Src\stm32f7xx_hal_dma.o
LOAD Drivers\STM32F7xx_HAL_Driver\Src\stm32f7xx_hal_dma_ex.o
LOAD Drivers\STM32F7xx_HAL_Driver\Src\stm32f7xx_hal_flash.o
LOAD Drivers\STM32F7xx_HAL_Driver\Src\stm32f7xx_hal_flash_ex.o
LOAD Drivers\STM32F7xx_HAL_Driver\Src\stm32f7xx_hal_gpio.o
LOAD Drivers\STM32F7xx_HAL_Driver\Src\stm32f7xx_hal_i2c.o
LOAD Drivers\STM32F7xx_HAL_Driver\Src\stm32f7xx_hal_i2c_ex.o
LOAD Drivers\STM32F7xx_HAL_Driver\Src\stm32f7xx_hal_pwr.o
LOAD Drivers\STM32F7xx_HAL_Driver\Src\stm32f7xx_hal_pwr_ex.o
LOAD Drivers\STM32F7xx_HAL_Driver\Src\stm32f7xx_hal_rcc.o
LOAD Drivers\STM32F7xx_HAL_Driver\Src\stm32f7xx_hal_rcc_ex.o
LOAD Drivers\STM32F7xx_HAL_Driver\Src\stm32f7xx_hal_tim.o
LOAD Drivers\STM32F7xx_HAL_Driver\Src\stm32f7xx_hal_tim_ex.o
LOAD Drivers\STM32F7xx_HAL_Driver\Src\stm32f7xx_hal_uart.o
LOAD Src\main.o
LOAD Src\stm32f7xx_hal_msp.o
LOAD Src\stm32f7xx_it.o
LOAD Src\system_stm32f7xx.o
LOAD Src\uart_debug.o
LOAD startup\startup_stm32f722xx.o
                0x00000080                malloc_getpagesize_P = 0x80
START GROUP
LOAD c:/program files (x86)/atollic/truestudio for stm32 9.0.1/armtools/bin/../lib/gcc/arm-atollic-eabi/6.3.1/../../../../arm-atollic-eabi/lib/armv7e-m/fpu/fpv5-sp-d16\libc_nano.a
LOAD c:/program files (x86)/atollic/truestudio for stm32 9.0.1/armtools/bin/../lib/gcc/arm-atollic-eabi/6.3.1/../../../../arm-atollic-eabi/lib/armv7e-m/fpu/fpv5-sp-d16\libm.a
END GROUP
START GROUP
LOAD c:/program files (x86)/atollic/truestudio for stm32 9.0.1/armtools/bin/../lib/gcc/arm-atollic-eabi/6.3.1/armv7e-m/fpu/fpv5-sp-d16\libgcc.a
LOAD c:/program files (x86)/atollic/truestudio for stm32 9.0.1/armtools/bin/../lib/gcc/arm-atollic-eabi/6.3.1/../../../../arm-atollic-eabi/lib/armv7e-m/fpu/fpv5-sp-d16\libc_nano.a
END GROUP
START GROUP
LOAD c:/program files (x86)/atollic/truestudio for stm32 9.0.1/armtools/bin/../lib/gcc/arm-atollic-eabi/6.3.1/armv7e-m/fpu/fpv5-sp-d16\libgcc.a
LOAD c:/program files (x86)/atollic/truestudio for stm32 9.0.1/armtools/bin/../lib/gcc/arm-atollic-eabi/6.3.1/../../../../arm-atollic-eabi/lib/armv7e-m/fpu/fpv5-sp-d16\libc_nano.a
LOAD c:/program files (x86)/atollic/truestudio for stm32 9.0.1/armtools/bin/../lib/gcc/arm-atollic-eabi/6.3.1/../../../../arm-atollic-eabi/lib/armv7e-m/fpu/fpv5-sp-d16\libnosys.a
END GROUP
START GROUP
LOAD c:/program files (x86)/atollic/truestudio for stm32 9.0.1/armtools/bin/../lib/gcc/arm-atollic-eabi/6.3.1/armv7e-m/fpu/fpv5-sp-d16\libgcc.a
LOAD c:/program files (x86)/atollic/truestudio for stm32 9.0.1/armtools/bin/../lib/gcc/arm-atollic-eabi/6.3.1/../../../../arm-atollic-eabi/lib/armv7e-m/fpu/fpv5-sp-d16\libc_nano.a
LOAD c:/program files (x86)/atollic/truestudio for stm32 9.0.1/armtools/bin/../lib/gcc/arm-atollic-eabi/6.3.1/../../../../arm-atollic-eabi/lib/armv7e-m/fpu/fpv5-sp-d16\libnosys.a
END GROUP
LOAD c:/program files (x86)/atollic/truestudio for stm32 9.0.1/armtools/bin/../lib/gcc/arm-atollic-eabi/6.3.1/armv7e-m/fpu/fpv5-sp-d16/crtend.o
LOAD c:/program files (x86)/atollic/truestudio for stm32 9.0.1/armtools/bin/../lib/gcc/arm-atollic-eabi/6.3.1/armv7e-m/fpu/fpv5-sp-d16/crtn.o
                0x20040000                _estack = 0x20040000
                0x00000200                _Min_Heap_Size = 0x200
                0x00000400                _Min_Stack_Size = 0x400

.isr_vector     0x08000000      0x1e0
                0x08000000                . = ALIGN (0x4)
 *(.isr_vector)
 .isr_vector    0x08000000      0x1e0 startup\startup_stm32f722xx.o
                0x08000000                g_pfnVectors
                0x080001e0                . = ALIGN (0x4)

.text           0x080001e0     0x30d0
                0x080001e0                . = ALIGN (0x4)
 *(.text)
 .text          0x080001e0       0x40 c:/program files (x86)/atollic/truestudio for stm32 9.0.1/armtools/bin/../lib/gcc/arm-atollic-eabi/6.3.1/armv7e-m/fpu/fpv5-sp-d16/crtbegin.o
 .text          0x08000220       0x30 c:/program files (x86)/atollic/truestudio for stm32 9.0.1/armtools/bin/../lib/gcc/arm-atollic-eabi/6.3.1/armv7e-m/fpu/fpv5-sp-d16\libgcc.a(_aeabi_uldivmod.o)
                0x08000220                __aeabi_uldivmod
 .text          0x08000250      0x2dc c:/program files (x86)/atollic/truestudio for stm32 9.0.1/armtools/bin/../lib/gcc/arm-atollic-eabi/6.3.1/armv7e-m/fpu/fpv5-sp-d16\libgcc.a(_udivmoddi4.o)
                0x08000250                __udivmoddi4
 .text          0x0800052c        0x4 c:/program files (x86)/atollic/truestudio for stm32 9.0.1/armtools/bin/../lib/gcc/arm-atollic-eabi/6.3.1/armv7e-m/fpu/fpv5-sp-d16\libgcc.a(_dvmd_tls.o)
                0x0800052c                __aeabi_idiv0
                0x0800052c                __aeabi_ldiv0
 *(.text*)
 .text.HAL_InitTick
                0x08000530       0x4c Drivers\STM32F7xx_HAL_Driver\Src\stm32f7xx_hal.o
                0x08000530                HAL_InitTick
 .text.HAL_Init
                0x0800057c       0x16 Drivers\STM32F7xx_HAL_Driver\Src\stm32f7xx_hal.o
                0x0800057c                HAL_Init
 *fill*         0x08000592        0x2 
 .text.HAL_IncTick
                0x08000594       0x18 Drivers\STM32F7xx_HAL_Driver\Src\stm32f7xx_hal.o
                0x08000594                HAL_IncTick
 .text.HAL_GetTick
                0x080005ac        0xc Drivers\STM32F7xx_HAL_Driver\Src\stm32f7xx_hal.o
                0x080005ac                HAL_GetTick
 .text.ADC_Init
                0x080005b8      0x130 Drivers\STM32F7xx_HAL_Driver\Src\stm32f7xx_hal_adc.o
 .text.HAL_ADC_Init
                0x080006e8       0x54 Drivers\STM32F7xx_HAL_Driver\Src\stm32f7xx_hal_adc.o
                0x080006e8                HAL_ADC_Init
 .text.HAL_ADC_ConfigChannel
                0x0800073c      0x1ac Drivers\STM32F7xx_HAL_Driver\Src\stm32f7xx_hal_adc.o
                0x0800073c                HAL_ADC_ConfigChannel
 .text.HAL_NVIC_SetPriorityGrouping
                0x080008e8       0x24 Drivers\STM32F7xx_HAL_Driver\Src\stm32f7xx_hal_cortex.o
                0x080008e8                HAL_NVIC_SetPriorityGrouping
 .text.HAL_NVIC_SetPriority
                0x0800090c       0x60 Drivers\STM32F7xx_HAL_Driver\Src\stm32f7xx_hal_cortex.o
                0x0800090c                HAL_NVIC_SetPriority
 .text.HAL_NVIC_EnableIRQ
                0x0800096c       0x18 Drivers\STM32F7xx_HAL_Driver\Src\stm32f7xx_hal_cortex.o
                0x0800096c                HAL_NVIC_EnableIRQ
 .text.HAL_SYSTICK_Config
                0x08000984       0x2c Drivers\STM32F7xx_HAL_Driver\Src\stm32f7xx_hal_cortex.o
                0x08000984                HAL_SYSTICK_Config
 .text.HAL_SYSTICK_CLKSourceConfig
                0x080009b0       0x20 Drivers\STM32F7xx_HAL_Driver\Src\stm32f7xx_hal_cortex.o
                0x080009b0                HAL_SYSTICK_CLKSourceConfig
 .text.HAL_SYSTICK_Callback
                0x080009d0        0x2 Drivers\STM32F7xx_HAL_Driver\Src\stm32f7xx_hal_cortex.o
                0x080009d0                HAL_SYSTICK_Callback
 .text.HAL_SYSTICK_IRQHandler
                0x080009d2        0x8 Drivers\STM32F7xx_HAL_Driver\Src\stm32f7xx_hal_cortex.o
                0x080009d2                HAL_SYSTICK_IRQHandler
 .text.DMA_SetConfig
                0x080009da       0x2c Drivers\STM32F7xx_HAL_Driver\Src\stm32f7xx_hal_dma.o
 *fill*         0x08000a06        0x2 
 .text.DMA_CalcBaseAndBitshift
                0x08000a08       0x38 Drivers\STM32F7xx_HAL_Driver\Src\stm32f7xx_hal_dma.o
 .text.DMA_CheckFifoParam
                0x08000a40       0x8e Drivers\STM32F7xx_HAL_Driver\Src\stm32f7xx_hal_dma.o
 *fill*         0x08000ace        0x2 
 .text.HAL_DMA_Init
                0x08000ad0       0xd0 Drivers\STM32F7xx_HAL_Driver\Src\stm32f7xx_hal_dma.o
                0x08000ad0                HAL_DMA_Init
 .text.HAL_DMA_Start_IT
                0x08000ba0       0x74 Drivers\STM32F7xx_HAL_Driver\Src\stm32f7xx_hal_dma.o
                0x08000ba0                HAL_DMA_Start_IT
 .text.HAL_DMA_Abort_IT
                0x08000c14       0x26 Drivers\STM32F7xx_HAL_Driver\Src\stm32f7xx_hal_dma.o
                0x08000c14                HAL_DMA_Abort_IT
 *fill*         0x08000c3a        0x2 
 .text.HAL_DMA_IRQHandler
                0x08000c3c      0x1dc Drivers\STM32F7xx_HAL_Driver\Src\stm32f7xx_hal_dma.o
                0x08000c3c                HAL_DMA_IRQHandler
 .text.HAL_GPIO_Init
                0x08000e18      0x1c4 Drivers\STM32F7xx_HAL_Driver\Src\stm32f7xx_hal_gpio.o
                0x08000e18                HAL_GPIO_Init
 .text.HAL_RCC_OscConfig
                0x08000fdc      0x3d4 Drivers\STM32F7xx_HAL_Driver\Src\stm32f7xx_hal_rcc.o
                0x08000fdc                HAL_RCC_OscConfig
 .text.HAL_RCC_GetSysClockFreq
                0x080013b0       0xa4 Drivers\STM32F7xx_HAL_Driver\Src\stm32f7xx_hal_rcc.o
                0x080013b0                HAL_RCC_GetSysClockFreq
 .text.HAL_RCC_ClockConfig
                0x08001454      0x164 Drivers\STM32F7xx_HAL_Driver\Src\stm32f7xx_hal_rcc.o
                0x08001454                HAL_RCC_ClockConfig
 .text.HAL_RCC_GetHCLKFreq
                0x080015b8        0xc Drivers\STM32F7xx_HAL_Driver\Src\stm32f7xx_hal_rcc.o
                0x080015b8                HAL_RCC_GetHCLKFreq
 .text.HAL_RCC_GetPCLK1Freq
                0x080015c4       0x20 Drivers\STM32F7xx_HAL_Driver\Src\stm32f7xx_hal_rcc.o
                0x080015c4                HAL_RCC_GetPCLK1Freq
 .text.HAL_RCC_GetPCLK2Freq
                0x080015e4       0x20 Drivers\STM32F7xx_HAL_Driver\Src\stm32f7xx_hal_rcc.o
                0x080015e4                HAL_RCC_GetPCLK2Freq
 .text.HAL_RCCEx_PeriphCLKConfig
                0x08001604      0x4ec Drivers\STM32F7xx_HAL_Driver\Src\stm32f7xx_hal_rcc_ex.o
                0x08001604                HAL_RCCEx_PeriphCLKConfig
 .text.TIM_TI1_ConfigInputStage
                0x08001af0       0x26 Drivers\STM32F7xx_HAL_Driver\Src\stm32f7xx_hal_tim.o
 .text.TIM_TI2_ConfigInputStage
                0x08001b16       0x28 Drivers\STM32F7xx_HAL_Driver\Src\stm32f7xx_hal_tim.o
 .text.TIM_ITRx_SetConfig
                0x08001b3e       0x10 Drivers\STM32F7xx_HAL_Driver\Src\stm32f7xx_hal_tim.o
 .text.HAL_TIM_PWM_MspInit
                0x08001b4e        0x2 Drivers\STM32F7xx_HAL_Driver\Src\stm32f7xx_hal_tim.o
                0x08001b4e                HAL_TIM_PWM_MspInit
 .text.TIM_Base_SetConfig
                0x08001b50      0x140 Drivers\STM32F7xx_HAL_Driver\Src\stm32f7xx_hal_tim.o
                0x08001b50                TIM_Base_SetConfig
 .text.HAL_TIM_Base_Init
                0x08001c90       0x32 Drivers\STM32F7xx_HAL_Driver\Src\stm32f7xx_hal_tim.o
                0x08001c90                HAL_TIM_Base_Init
 .text.HAL_TIM_PWM_Init
                0x08001cc2       0x32 Drivers\STM32F7xx_HAL_Driver\Src\stm32f7xx_hal_tim.o
                0x08001cc2                HAL_TIM_PWM_Init
 .text.TIM_OC1_SetConfig
                0x08001cf4       0x60 Drivers\STM32F7xx_HAL_Driver\Src\stm32f7xx_hal_tim.o
                0x08001cf4                TIM_OC1_SetConfig
 .text.TIM_OC2_SetConfig
                0x08001d54       0x68 Drivers\STM32F7xx_HAL_Driver\Src\stm32f7xx_hal_tim.o
                0x08001d54                TIM_OC2_SetConfig
 .text.TIM_OC3_SetConfig
                0x08001dbc       0x68 Drivers\STM32F7xx_HAL_Driver\Src\stm32f7xx_hal_tim.o
                0x08001dbc                TIM_OC3_SetConfig
 .text.TIM_OC4_SetConfig
                0x08001e24       0x54 Drivers\STM32F7xx_HAL_Driver\Src\stm32f7xx_hal_tim.o
                0x08001e24                TIM_OC4_SetConfig
 .text.TIM_ETR_SetConfig
                0x08001e78       0x18 Drivers\STM32F7xx_HAL_Driver\Src\stm32f7xx_hal_tim.o
                0x08001e78                TIM_ETR_SetConfig
 .text.HAL_TIM_ConfigClockSource
                0x08001e90      0x114 Drivers\STM32F7xx_HAL_Driver\Src\stm32f7xx_hal_tim.o
                0x08001e90                HAL_TIM_ConfigClockSource
 .text.TIM_OC5_SetConfig
                0x08001fa4       0x54 Drivers\STM32F7xx_HAL_Driver\Src\stm32f7xx_hal_tim_ex.o
 .text.TIM_OC6_SetConfig
                0x08001ff8       0x54 Drivers\STM32F7xx_HAL_Driver\Src\stm32f7xx_hal_tim_ex.o
 .text.HAL_TIMEx_MasterConfigSynchronization
                0x0800204c       0x58 Drivers\STM32F7xx_HAL_Driver\Src\stm32f7xx_hal_tim_ex.o
                0x0800204c                HAL_TIMEx_MasterConfigSynchronization
 .text.HAL_TIM_PWM_ConfigChannel
                0x080020a4      0x134 Drivers\STM32F7xx_HAL_Driver\Src\stm32f7xx_hal_tim_ex.o
                0x080020a4                HAL_TIM_PWM_ConfigChannel
 .text.UART_Transmit_IT
                0x080021d8       0x6e Drivers\STM32F7xx_HAL_Driver\Src\stm32f7xx_hal_uart.o
 .text.UART_EndTxTransfer
                0x08002246       0x12 Drivers\STM32F7xx_HAL_Driver\Src\stm32f7xx_hal_uart.o
 .text.UART_EndRxTransfer
                0x08002258       0x1c Drivers\STM32F7xx_HAL_Driver\Src\stm32f7xx_hal_uart.o
 .text.HAL_UART_Transmit_DMA
                0x08002274       0x8c Drivers\STM32F7xx_HAL_Driver\Src\stm32f7xx_hal_uart.o
                0x08002274                HAL_UART_Transmit_DMA
 .text.UART_WaitOnFlagUntilTimeout
                0x08002300       0x64 Drivers\STM32F7xx_HAL_Driver\Src\stm32f7xx_hal_uart.o
                0x08002300                UART_WaitOnFlagUntilTimeout
 .text.UART_DMATransmitCplt
                0x08002364       0x32 Drivers\STM32F7xx_HAL_Driver\Src\stm32f7xx_hal_uart.o
 .text.UART_EndTransmit_IT
                0x08002396       0x1a Drivers\STM32F7xx_HAL_Driver\Src\stm32f7xx_hal_uart.o
 .text.HAL_UART_TxHalfCpltCallback
                0x080023b0        0x2 Drivers\STM32F7xx_HAL_Driver\Src\stm32f7xx_hal_uart.o
                0x080023b0                HAL_UART_TxHalfCpltCallback
 .text.UART_DMATxHalfCplt
                0x080023b2        0xa Drivers\STM32F7xx_HAL_Driver\Src\stm32f7xx_hal_uart.o
 .text.HAL_UART_RxCpltCallback
                0x080023bc        0x2 Drivers\STM32F7xx_HAL_Driver\Src\stm32f7xx_hal_uart.o
                0x080023bc                HAL_UART_RxCpltCallback
 .text.UART_Receive_IT
                0x080023be       0x84 Drivers\STM32F7xx_HAL_Driver\Src\stm32f7xx_hal_uart.o
 .text.HAL_UART_ErrorCallback
                0x08002442        0x2 Drivers\STM32F7xx_HAL_Driver\Src\stm32f7xx_hal_uart.o
                0x08002442                HAL_UART_ErrorCallback
 .text.UART_DMAError
                0x08002444       0x56 Drivers\STM32F7xx_HAL_Driver\Src\stm32f7xx_hal_uart.o
 *fill*         0x0800249a        0x2 
 .text.HAL_UART_IRQHandler
                0x0800249c      0x138 Drivers\STM32F7xx_HAL_Driver\Src\stm32f7xx_hal_uart.o
                0x0800249c                HAL_UART_IRQHandler
 .text.UART_DMAAbortOnError
                0x080025d4       0x14 Drivers\STM32F7xx_HAL_Driver\Src\stm32f7xx_hal_uart.o
 .text.UART_SetConfig
                0x080025e8      0x360 Drivers\STM32F7xx_HAL_Driver\Src\stm32f7xx_hal_uart.o
                0x080025e8                UART_SetConfig
 .text.UART_AdvFeatureConfig
                0x08002948       0xca Drivers\STM32F7xx_HAL_Driver\Src\stm32f7xx_hal_uart.o
                0x08002948                UART_AdvFeatureConfig
 .text.UART_CheckIdleState
                0x08002a12       0x48 Drivers\STM32F7xx_HAL_Driver\Src\stm32f7xx_hal_uart.o
                0x08002a12                UART_CheckIdleState
 .text.HAL_UART_Init
                0x08002a5a       0x68 Drivers\STM32F7xx_HAL_Driver\Src\stm32f7xx_hal_uart.o
                0x08002a5a                HAL_UART_Init
 *fill*         0x08002ac2        0x2 
 .text.MX_GPIO_Init
                0x08002ac4       0x54 Src\main.o
 .text.MX_DMA_Init
                0x08002b18       0x44 Src\main.o
 .text.HAL_UART_TxCpltCallback
                0x08002b5c       0x14 Src\main.o
                0x08002b5c                HAL_UART_TxCpltCallback
 .text._Error_Handler
                0x08002b70        0x2 Src\main.o
                0x08002b70                _Error_Handler
 *fill*         0x08002b72        0x2 
 .text.MX_ADC1_Init
                0x08002b74       0x6c Src\main.o
 .text.MX_TIM4_Init
                0x08002be0       0xa8 Src\main.o
 .text.MX_UART4_Init
                0x08002c88       0x50 Src\main.o
 .text.SystemClock_Config
                0x08002cd8       0xc0 Src\main.o
                0x08002cd8                SystemClock_Config
 .text.main     0x08002d98       0x34 Src\main.o
                0x08002d98                main
 .text.HAL_TIM_Base_MspInit
                0x08002dcc       0x2c Src\stm32f7xx_hal_msp.o
                0x08002dcc                HAL_TIM_Base_MspInit
 .text.HAL_ADC_MspInit
                0x08002df8       0x48 Src\stm32f7xx_hal_msp.o
                0x08002df8                HAL_ADC_MspInit
 .text.HAL_MspInit
                0x08002e40       0x90 Src\stm32f7xx_hal_msp.o
                0x08002e40                HAL_MspInit
 .text.HAL_TIM_MspPostInit
                0x08002ed0       0x38 Src\stm32f7xx_hal_msp.o
                0x08002ed0                HAL_TIM_MspPostInit
 .text.HAL_UART_MspInit
                0x08002f08       0xd0 Src\stm32f7xx_hal_msp.o
                0x08002f08                HAL_UART_MspInit
 .text.NMI_Handler
                0x08002fd8        0x2 Src\stm32f7xx_it.o
                0x08002fd8                NMI_Handler
 .text.HardFault_Handler
                0x08002fda        0x2 Src\stm32f7xx_it.o
                0x08002fda                HardFault_Handler
 .text.MemManage_Handler
                0x08002fdc        0x2 Src\stm32f7xx_it.o
                0x08002fdc                MemManage_Handler
 .text.BusFault_Handler
                0x08002fde        0x2 Src\stm32f7xx_it.o
                0x08002fde                BusFault_Handler
 .text.UsageFault_Handler
                0x08002fe0        0x2 Src\stm32f7xx_it.o
                0x08002fe0                UsageFault_Handler
 .text.SVC_Handler
                0x08002fe2        0x2 Src\stm32f7xx_it.o
                0x08002fe2                SVC_Handler
 .text.DebugMon_Handler
                0x08002fe4        0x2 Src\stm32f7xx_it.o
                0x08002fe4                DebugMon_Handler
 .text.PendSV_Handler
                0x08002fe6        0x2 Src\stm32f7xx_it.o
                0x08002fe6                PendSV_Handler
 .text.SysTick_Handler
                0x08002fe8        0xc Src\stm32f7xx_it.o
                0x08002fe8                SysTick_Handler
 .text.DMA1_Stream2_IRQHandler
                0x08002ff4       0x10 Src\stm32f7xx_it.o
                0x08002ff4                DMA1_Stream2_IRQHandler
 .text.UART4_IRQHandler
                0x08003004       0x10 Src\stm32f7xx_it.o
                0x08003004                UART4_IRQHandler
 .text.DMA1_Stream4_IRQHandler
                0x08003014       0x10 Src\stm32f7xx_it.o
                0x08003014                DMA1_Stream4_IRQHandler
 .text.SystemInit
                0x08003024       0x50 Src\system_stm32f7xx.o
                0x08003024                SystemInit
 .text.uart_debug_transmit
                0x08003074       0x50 Src\uart_debug.o
 .text.uart_debug_init
                0x080030c4       0x1c Src\uart_debug.o
                0x080030c4                uart_debug_init
 .text.uart_debug_add_to_buffer
                0x080030e0       0x90 Src\uart_debug.o
                0x080030e0                uart_debug_add_to_buffer
 .text.uart_debug_send_line
                0x08003170       0x1c Src\uart_debug.o
                0x08003170                uart_debug_send_line
 .text.uart_debug_callback
                0x0800318c       0x58 Src\uart_debug.o
                0x0800318c                uart_debug_callback
 .text.Reset_Handler
                0x080031e4       0x50 startup\startup_stm32f722xx.o
                0x080031e4                Reset_Handler
 .text.Default_Handler
                0x08003234        0x2 startup\startup_stm32f722xx.o
                0x08003234                RTC_Alarm_IRQHandler
                0x08003234                EXTI2_IRQHandler
                0x08003234                TIM8_CC_IRQHandler
                0x08003234                UART8_IRQHandler
                0x08003234                SPI4_IRQHandler
                0x08003234                TIM1_CC_IRQHandler
                0x08003234                DMA2_Stream5_IRQHandler
                0x08003234                DMA1_Stream5_IRQHandler
                0x08003234                PVD_IRQHandler
                0x08003234                TAMP_STAMP_IRQHandler
                0x08003234                EXTI3_IRQHandler
                0x08003234                TIM8_TRG_COM_TIM14_IRQHandler
                0x08003234                TIM1_UP_TIM10_IRQHandler
                0x08003234                TIM8_UP_TIM13_IRQHandler
                0x08003234                I2C3_ER_IRQHandler
                0x08003234                EXTI0_IRQHandler
                0x08003234                I2C2_EV_IRQHandler
                0x08003234                CAN1_RX0_IRQHandler
                0x08003234                FPU_IRQHandler
                0x08003234                OTG_HS_WKUP_IRQHandler
                0x08003234                DMA2_Stream2_IRQHandler
                0x08003234                SPI1_IRQHandler
                0x08003234                TIM6_DAC_IRQHandler
                0x08003234                TIM1_BRK_TIM9_IRQHandler
                0x08003234                DMA2_Stream3_IRQHandler
                0x08003234                SAI2_IRQHandler
                0x08003234                USART6_IRQHandler
                0x08003234                USART3_IRQHandler
                0x08003234                CAN1_RX1_IRQHandler
                0x08003234                UART5_IRQHandler
                0x08003234                DMA2_Stream0_IRQHandler
                0x08003234                TIM4_IRQHandler
                0x08003234                QUADSPI_IRQHandler
                0x08003234                I2C1_EV_IRQHandler
                0x08003234                DMA1_Stream6_IRQHandler
                0x08003234                DMA1_Stream1_IRQHandler
                0x08003234                TIM3_IRQHandler
                0x08003234                RCC_IRQHandler
                0x08003234                TIM8_BRK_TIM12_IRQHandler
                0x08003234                Default_Handler
                0x08003234                EXTI15_10_IRQHandler
                0x08003234                ADC_IRQHandler
                0x08003234                DMA1_Stream7_IRQHandler
                0x08003234                SPI5_IRQHandler
                0x08003234                TIM7_IRQHandler
                0x08003234                SDMMC1_IRQHandler
                0x08003234                TIM5_IRQHandler
                0x08003234                DMA2_Stream7_IRQHandler
                0x08003234                I2C3_EV_IRQHandler
                0x08003234                EXTI9_5_IRQHandler
                0x08003234                RTC_WKUP_IRQHandler
                0x08003234                SPI2_IRQHandler
                0x08003234                OTG_HS_EP1_IN_IRQHandler
                0x08003234                DMA1_Stream0_IRQHandler
                0x08003234                CAN1_TX_IRQHandler
                0x08003234                EXTI4_IRQHandler
                0x08003234                RNG_IRQHandler
                0x08003234                OTG_HS_EP1_OUT_IRQHandler
                0x08003234                WWDG_IRQHandler
                0x08003234                TIM2_IRQHandler
                0x08003234                OTG_FS_WKUP_IRQHandler
                0x08003234                TIM1_TRG_COM_TIM11_IRQHandler
                0x08003234                OTG_HS_IRQHandler
                0x08003234                EXTI1_IRQHandler
                0x08003234                SDMMC2_IRQHandler
                0x08003234                UART7_IRQHandler
                0x08003234                USART2_IRQHandler
                0x08003234                I2C2_ER_IRQHandler
                0x08003234                DMA2_Stream1_IRQHandler
                0x08003234                CAN1_SCE_IRQHandler
                0x08003234                FLASH_IRQHandler
                0x08003234                DMA2_Stream4_IRQHandler
                0x08003234                USART1_IRQHandler
                0x08003234                OTG_FS_IRQHandler
                0x08003234                SPI3_IRQHandler
                0x08003234                I2C1_ER_IRQHandler
                0x08003234                FMC_IRQHandler
                0x08003234                LPTIM1_IRQHandler
                0x08003234                DMA2_Stream6_IRQHandler
                0x08003234                SAI1_IRQHandler
                0x08003234                DMA1_Stream3_IRQHandler
 *fill*         0x08003236        0x2 
 .text.__libc_init_array
                0x08003238       0x48 c:/program files (x86)/atollic/truestudio for stm32 9.0.1/armtools/bin/../lib/gcc/arm-atollic-eabi/6.3.1/../../../../arm-atollic-eabi/lib/armv7e-m/fpu/fpv5-sp-d16\libc_nano.a(lib_a-init.o)
                0x08003238                __libc_init_array
 .text.memcpy   0x08003280       0x16 c:/program files (x86)/atollic/truestudio for stm32 9.0.1/armtools/bin/../lib/gcc/arm-atollic-eabi/6.3.1/../../../../arm-atollic-eabi/lib/armv7e-m/fpu/fpv5-sp-d16\libc_nano.a(lib_a-memcpy-stub.o)
                0x08003280                memcpy
 *(.glue_7)
 .glue_7        0x08003296        0x0 linker stubs
 *(.glue_7t)
 .glue_7t       0x08003296        0x0 linker stubs
 *(.eh_frame)
 *fill*         0x08003296        0x2 
 .eh_frame      0x08003298        0x0 c:/program files (x86)/atollic/truestudio for stm32 9.0.1/armtools/bin/../lib/gcc/arm-atollic-eabi/6.3.1/armv7e-m/fpu/fpv5-sp-d16/crtbegin.o
 *(.init)
 .init          0x08003298        0x4 c:/program files (x86)/atollic/truestudio for stm32 9.0.1/armtools/bin/../lib/gcc/arm-atollic-eabi/6.3.1/armv7e-m/fpu/fpv5-sp-d16/crti.o
                0x08003298                _init
 .init          0x0800329c        0x8 c:/program files (x86)/atollic/truestudio for stm32 9.0.1/armtools/bin/../lib/gcc/arm-atollic-eabi/6.3.1/armv7e-m/fpu/fpv5-sp-d16/crtn.o
 *(.fini)
 .fini          0x080032a4        0x4 c:/program files (x86)/atollic/truestudio for stm32 9.0.1/armtools/bin/../lib/gcc/arm-atollic-eabi/6.3.1/armv7e-m/fpu/fpv5-sp-d16/crti.o
                0x080032a4                _fini
 .fini          0x080032a8        0x8 c:/program files (x86)/atollic/truestudio for stm32 9.0.1/armtools/bin/../lib/gcc/arm-atollic-eabi/6.3.1/armv7e-m/fpu/fpv5-sp-d16/crtn.o
                0x080032b0                . = ALIGN (0x4)
                0x080032b0                _etext = .

.vfp11_veneer   0x080032b0        0x0
 .vfp11_veneer  0x080032b0        0x0 linker stubs

.v4_bx          0x080032b0        0x0
 .v4_bx         0x080032b0        0x0 linker stubs

.iplt           0x080032b0        0x0
 .iplt          0x080032b0        0x0 c:/program files (x86)/atollic/truestudio for stm32 9.0.1/armtools/bin/../lib/gcc/arm-atollic-eabi/6.3.1/armv7e-m/fpu/fpv5-sp-d16/crtbegin.o

.rodata         0x080032b0       0x68
                0x080032b0                . = ALIGN (0x4)
 *(.rodata)
 *(.rodata*)
 .rodata.flagBitshiftOffset.9423
                0x080032b0        0x8 Drivers\STM32F7xx_HAL_Driver\Src\stm32f7xx_hal_dma.o
 .rodata.MX_ADC1_Init.str1.4
                0x080032b8        0xe Src\main.o
 *fill*         0x080032c6        0x2 
 .rodata.main.str1.4
                0x080032c8       0x1a Src\main.o
 *fill*         0x080032e2        0x2 
 .rodata.HAL_UART_MspInit.str1.4
                0x080032e4       0x1c Src\stm32f7xx_hal_msp.o
                                 0x1b (size before relaxing)
 .rodata.AHBPrescTable
                0x08003300       0x10 Src\system_stm32f7xx.o
                0x08003300                AHBPrescTable
 .rodata.APBPrescTable
                0x08003310        0x8 Src\system_stm32f7xx.o
                0x08003310                APBPrescTable
                0x08003318                . = ALIGN (0x4)

.ARM.extab
 *(.ARM.extab* .gnu.linkonce.armextab.*)

.ARM            0x08003318        0x8
                0x08003318                __exidx_start = .
 *(.ARM.exidx*)
 .ARM.exidx     0x08003318        0x8 c:/program files (x86)/atollic/truestudio for stm32 9.0.1/armtools/bin/../lib/gcc/arm-atollic-eabi/6.3.1/armv7e-m/fpu/fpv5-sp-d16\libgcc.a(_udivmoddi4.o)
                0x08003320                __exidx_end = .

.rel.dyn        0x08003320        0x0
 .rel.iplt      0x08003320        0x0 c:/program files (x86)/atollic/truestudio for stm32 9.0.1/armtools/bin/../lib/gcc/arm-atollic-eabi/6.3.1/armv7e-m/fpu/fpv5-sp-d16/crtbegin.o

.preinit_array  0x08003320        0x0
                0x08003320                PROVIDE (__preinit_array_start, .)
 *(.preinit_array*)
                0x08003320                PROVIDE (__preinit_array_end, .)

.init_array     0x08003320        0x4
                0x08003320                PROVIDE (__init_array_start, .)
 *(SORT(.init_array.*))
 *(.init_array*)
 .init_array    0x08003320        0x4 c:/program files (x86)/atollic/truestudio for stm32 9.0.1/armtools/bin/../lib/gcc/arm-atollic-eabi/6.3.1/armv7e-m/fpu/fpv5-sp-d16/crtbegin.o
                0x08003324                PROVIDE (__init_array_end, .)

.fini_array     0x08003324        0x4
                [!provide]                PROVIDE (__fini_array_start, .)
 *(SORT(.fini_array.*))
 *(.fini_array*)
 .fini_array    0x08003324        0x4 c:/program files (x86)/atollic/truestudio for stm32 9.0.1/armtools/bin/../lib/gcc/arm-atollic-eabi/6.3.1/armv7e-m/fpu/fpv5-sp-d16/crtbegin.o
                [!provide]                PROVIDE (__fini_array_end, .)
                0x08003328                _sidata = LOADADDR (.data)

.data           0x20000000       0x14 load address 0x08003328
                0x20000000                . = ALIGN (0x4)
                0x20000000                _sdata = .
 *(.data)
 *(.data*)
 .data.uwTickFreq
                0x20000000        0x1 Drivers\STM32F7xx_HAL_Driver\Src\stm32f7xx_hal.o
                0x20000000                uwTickFreq
 *fill*         0x20000001        0x3 
 .data.uwTickPrio
                0x20000004        0x4 Drivers\STM32F7xx_HAL_Driver\Src\stm32f7xx_hal.o
                0x20000004                uwTickPrio
 .data.SystemCoreClock
                0x20000008        0x4 Src\system_stm32f7xx.o
                0x20000008                SystemCoreClock
 .data.uart_debug_buffer_remaining
                0x2000000c        0x4 Src\uart_debug.o
                0x2000000c                uart_debug_buffer_remaining
 .data.uart_debug_busy_flag
                0x20000010        0x1 Src\uart_debug.o
                0x20000010                uart_debug_busy_flag
                0x20000014                . = ALIGN (0x4)
 *fill*         0x20000011        0x3 
                0x20000014                _edata = .

.igot.plt       0x20000014        0x0 load address 0x0800333c
 .igot.plt      0x20000014        0x0 c:/program files (x86)/atollic/truestudio for stm32 9.0.1/armtools/bin/../lib/gcc/arm-atollic-eabi/6.3.1/armv7e-m/fpu/fpv5-sp-d16/crtbegin.o
                0x20000014                . = ALIGN (0x4)

.bss            0x20000014     0x221c load address 0x0800333c
                0x20000014                _sbss = .
                0x20000014                __bss_start__ = _sbss
 *(.bss)
 .bss           0x20000014       0x1c c:/program files (x86)/atollic/truestudio for stm32 9.0.1/armtools/bin/../lib/gcc/arm-atollic-eabi/6.3.1/armv7e-m/fpu/fpv5-sp-d16/crtbegin.o
 *(.bss*)
 .bss.debugUART
                0x20000030        0x4 Src\uart_debug.o
                0x20000030                debugUART
 .bss.uart_debug_buffer_head
                0x20000034        0x4 Src\uart_debug.o
                0x20000034                uart_debug_buffer_head
 .bss.uart_debug_buffer_tail
                0x20000038        0x4 Src\uart_debug.o
                0x20000038                uart_debug_buffer_tail
 .bss.uart_debug_buffer_transmit_head
                0x2000003c        0x4 Src\uart_debug.o
                0x2000003c                uart_debug_buffer_transmit_head
 *(COMMON)
 COMMON         0x20000040        0x4 Drivers\STM32F7xx_HAL_Driver\Src\stm32f7xx_hal.o
                0x20000040                uwTick
 COMMON         0x20000044      0x1b8 Src\main.o
                0x20000044                hdma_uart4_rx
                0x200000a4                htim4
                0x200000e4                hadc1
                0x2000012c                huart4
                0x2000019c                hdma_uart4_tx
 COMMON         0x200001fc     0x2034 Src\uart_debug.o
                0x200001fc                uart_debug_buffer_temp
                0x20000230                uart_debug_buffer
                0x20002230                . = ALIGN (0x4)
                0x20002230                _ebss = .
                0x20002230                __bss_end__ = _ebss

._user_heap_stack
                0x20002230      0x600 load address 0x0800333c
                0x20002230                . = ALIGN (0x4)
                [!provide]                PROVIDE (end, .)
                [!provide]                PROVIDE (_end, .)
                0x20002430                . = (. + _Min_Heap_Size)
 *fill*         0x20002230      0x200 
                0x20002830                . = (. + _Min_Stack_Size)
 *fill*         0x20002430      0x400 
                0x20002830                . = ALIGN (0x4)

/DISCARD/
 libc.a(*)
 libm.a(*)
 libgcc.a(*)

.ARM.attributes
                0x00000000       0x30
 *(.ARM.attributes)
 .ARM.attributes
                0x00000000       0x22 c:/program files (x86)/atollic/truestudio for stm32 9.0.1/armtools/bin/../lib/gcc/arm-atollic-eabi/6.3.1/armv7e-m/fpu/fpv5-sp-d16/crti.o
 .ARM.attributes
                0x00000022       0x34 c:/program files (x86)/atollic/truestudio for stm32 9.0.1/armtools/bin/../lib/gcc/arm-atollic-eabi/6.3.1/armv7e-m/fpu/fpv5-sp-d16/crtbegin.o
 .ARM.attributes
                0x00000056       0x39 Drivers\STM32F7xx_HAL_Driver\Src\stm32f7xx_hal.o
 .ARM.attributes
                0x0000008f       0x39 Drivers\STM32F7xx_HAL_Driver\Src\stm32f7xx_hal_adc.o
 .ARM.attributes
                0x000000c8       0x39 Drivers\STM32F7xx_HAL_Driver\Src\stm32f7xx_hal_cortex.o
 .ARM.attributes
                0x00000101       0x39 Drivers\STM32F7xx_HAL_Driver\Src\stm32f7xx_hal_dma.o
 .ARM.attributes
                0x0000013a       0x39 Drivers\STM32F7xx_HAL_Driver\Src\stm32f7xx_hal_gpio.o
 .ARM.attributes
                0x00000173       0x39 Drivers\STM32F7xx_HAL_Driver\Src\stm32f7xx_hal_rcc.o
 .ARM.attributes
                0x000001ac       0x39 Drivers\STM32F7xx_HAL_Driver\Src\stm32f7xx_hal_rcc_ex.o
 .ARM.attributes
                0x000001e5       0x39 Drivers\STM32F7xx_HAL_Driver\Src\stm32f7xx_hal_tim.o
 .ARM.attributes
                0x0000021e       0x39 Drivers\STM32F7xx_HAL_Driver\Src\stm32f7xx_hal_tim_ex.o
 .ARM.attributes
                0x00000257       0x39 Drivers\STM32F7xx_HAL_Driver\Src\stm32f7xx_hal_uart.o
 .ARM.attributes
                0x00000290       0x39 Src\main.o
 .ARM.attributes
                0x000002c9       0x39 Src\stm32f7xx_hal_msp.o
 .ARM.attributes
                0x00000302       0x39 Src\stm32f7xx_it.o
 .ARM.attributes
                0x0000033b       0x39 Src\system_stm32f7xx.o
 .ARM.attributes
                0x00000374       0x39 Src\uart_debug.o
 .ARM.attributes
                0x000003ad       0x21 startup\startup_stm32f722xx.o
 .ARM.attributes
                0x000003ce       0x34 c:/program files (x86)/atollic/truestudio for stm32 9.0.1/armtools/bin/../lib/gcc/arm-atollic-eabi/6.3.1/../../../../arm-atollic-eabi/lib/armv7e-m/fpu/fpv5-sp-d16\libc_nano.a(lib_a-init.o)
 .ARM.attributes
                0x00000402       0x34 c:/program files (x86)/atollic/truestudio for stm32 9.0.1/armtools/bin/../lib/gcc/arm-atollic-eabi/6.3.1/../../../../arm-atollic-eabi/lib/armv7e-m/fpu/fpv5-sp-d16\libc_nano.a(lib_a-memcpy-stub.o)
 .ARM.attributes
                0x00000436       0x22 c:/program files (x86)/atollic/truestudio for stm32 9.0.1/armtools/bin/../lib/gcc/arm-atollic-eabi/6.3.1/armv7e-m/fpu/fpv5-sp-d16\libgcc.a(_aeabi_uldivmod.o)
 .ARM.attributes
                0x00000458       0x34 c:/program files (x86)/atollic/truestudio for stm32 9.0.1/armtools/bin/../lib/gcc/arm-atollic-eabi/6.3.1/armv7e-m/fpu/fpv5-sp-d16\libgcc.a(_udivmoddi4.o)
 .ARM.attributes
                0x0000048c       0x22 c:/program files (x86)/atollic/truestudio for stm32 9.0.1/armtools/bin/../lib/gcc/arm-atollic-eabi/6.3.1/armv7e-m/fpu/fpv5-sp-d16\libgcc.a(_dvmd_tls.o)
 .ARM.attributes
                0x000004ae       0x22 c:/program files (x86)/atollic/truestudio for stm32 9.0.1/armtools/bin/../lib/gcc/arm-atollic-eabi/6.3.1/armv7e-m/fpu/fpv5-sp-d16/crtn.o
OUTPUT(Just_Serial.elf elf32-littlearm)

.debug_info     0x00000000    0x17256
 .debug_info    0x00000000     0x1224 Drivers\STM32F7xx_HAL_Driver\Src\stm32f7xx_hal.o
 .debug_info    0x00001224     0x1570 Drivers\STM32F7xx_HAL_Driver\Src\stm32f7xx_hal_adc.o
 .debug_info    0x00002794     0x1920 Drivers\STM32F7xx_HAL_Driver\Src\stm32f7xx_hal_cortex.o
 .debug_info    0x000040b4     0x126a Drivers\STM32F7xx_HAL_Driver\Src\stm32f7xx_hal_dma.o
 .debug_info    0x0000531e      0xfaa Drivers\STM32F7xx_HAL_Driver\Src\stm32f7xx_hal_gpio.o
 .debug_info    0x000062c8     0x1309 Drivers\STM32F7xx_HAL_Driver\Src\stm32f7xx_hal_rcc.o
 .debug_info    0x000075d1     0x1056 Drivers\STM32F7xx_HAL_Driver\Src\stm32f7xx_hal_rcc_ex.o
 .debug_info    0x00008627     0x36fc Drivers\STM32F7xx_HAL_Driver\Src\stm32f7xx_hal_tim.o
 .debug_info    0x0000bd23     0x1ebc Drivers\STM32F7xx_HAL_Driver\Src\stm32f7xx_hal_tim_ex.o
 .debug_info    0x0000dbdf     0x205a Drivers\STM32F7xx_HAL_Driver\Src\stm32f7xx_hal_uart.o
 .debug_info    0x0000fc39     0x2312 Src\main.o
 .debug_info    0x00011f4b     0x1c42 Src\stm32f7xx_hal_msp.o
 .debug_info    0x00013b8d      0xfce Src\stm32f7xx_it.o
 .debug_info    0x00014b5b      0xf05 Src\system_stm32f7xx.o
 .debug_info    0x00015a60     0x1773 Src\uart_debug.o
 .debug_info    0x000171d3       0x83 startup\startup_stm32f722xx.o

.debug_abbrev   0x00000000     0x278d
 .debug_abbrev  0x00000000      0x2a8 Drivers\STM32F7xx_HAL_Driver\Src\stm32f7xx_hal.o
 .debug_abbrev  0x000002a8      0x290 Drivers\STM32F7xx_HAL_Driver\Src\stm32f7xx_hal_adc.o
 .debug_abbrev  0x00000538      0x3a8 Drivers\STM32F7xx_HAL_Driver\Src\stm32f7xx_hal_cortex.o
 .debug_abbrev  0x000008e0      0x2ed Drivers\STM32F7xx_HAL_Driver\Src\stm32f7xx_hal_dma.o
 .debug_abbrev  0x00000bcd      0x26a Drivers\STM32F7xx_HAL_Driver\Src\stm32f7xx_hal_gpio.o
 .debug_abbrev  0x00000e37      0x2c4 Drivers\STM32F7xx_HAL_Driver\Src\stm32f7xx_hal_rcc.o
 .debug_abbrev  0x000010fb      0x227 Drivers\STM32F7xx_HAL_Driver\Src\stm32f7xx_hal_rcc_ex.o
 .debug_abbrev  0x00001322      0x276 Drivers\STM32F7xx_HAL_Driver\Src\stm32f7xx_hal_tim.o
 .debug_abbrev  0x00001598      0x2a1 Drivers\STM32F7xx_HAL_Driver\Src\stm32f7xx_hal_tim_ex.o
 .debug_abbrev  0x00001839      0x2d7 Drivers\STM32F7xx_HAL_Driver\Src\stm32f7xx_hal_uart.o
 .debug_abbrev  0x00001b10      0x2cf Src\main.o
 .debug_abbrev  0x00001ddf      0x272 Src\stm32f7xx_hal_msp.o
 .debug_abbrev  0x00002051      0x1e4 Src\stm32f7xx_it.o
 .debug_abbrev  0x00002235      0x1e6 Src\system_stm32f7xx.o
 .debug_abbrev  0x0000241b      0x360 Src\uart_debug.o
 .debug_abbrev  0x0000277b       0x12 startup\startup_stm32f722xx.o

.debug_loc      0x00000000     0x969e
 .debug_loc     0x00000000      0x108 Drivers\STM32F7xx_HAL_Driver\Src\stm32f7xx_hal.o
 .debug_loc     0x00000108      0x853 Drivers\STM32F7xx_HAL_Driver\Src\stm32f7xx_hal_adc.o
 .debug_loc     0x0000095b      0x5c0 Drivers\STM32F7xx_HAL_Driver\Src\stm32f7xx_hal_cortex.o
 .debug_loc     0x00000f1b      0xb59 Drivers\STM32F7xx_HAL_Driver\Src\stm32f7xx_hal_dma.o
 .debug_loc     0x00001a74      0x409 Drivers\STM32F7xx_HAL_Driver\Src\stm32f7xx_hal_gpio.o
 .debug_loc     0x00001e7d      0x4a2 Drivers\STM32F7xx_HAL_Driver\Src\stm32f7xx_hal_rcc.o
 .debug_loc     0x0000231f      0x554 Drivers\STM32F7xx_HAL_Driver\Src\stm32f7xx_hal_rcc_ex.o
 .debug_loc     0x00002873     0x352a Drivers\STM32F7xx_HAL_Driver\Src\stm32f7xx_hal_tim.o
 .debug_loc     0x00005d9d     0x1857 Drivers\STM32F7xx_HAL_Driver\Src\stm32f7xx_hal_tim_ex.o
 .debug_loc     0x000075f4     0x16aa Drivers\STM32F7xx_HAL_Driver\Src\stm32f7xx_hal_uart.o
 .debug_loc     0x00008c9e       0x3a Src\main.o
 .debug_loc     0x00008cd8       0xc6 Src\stm32f7xx_hal_msp.o
 .debug_loc     0x00008d9e      0x13e Src\system_stm32f7xx.o
 .debug_loc     0x00008edc      0x7c2 Src\uart_debug.o

.debug_aranges  0x00000000      0xcf8
 .debug_aranges
                0x00000000      0x100 Drivers\STM32F7xx_HAL_Driver\Src\stm32f7xx_hal.o
 .debug_aranges
                0x00000100       0xe8 Drivers\STM32F7xx_HAL_Driver\Src\stm32f7xx_hal_adc.o
 .debug_aranges
                0x000001e8       0xa8 Drivers\STM32F7xx_HAL_Driver\Src\stm32f7xx_hal_cortex.o
 .debug_aranges
                0x00000290       0x90 Drivers\STM32F7xx_HAL_Driver\Src\stm32f7xx_hal_dma.o
 .debug_aranges
                0x00000320       0x58 Drivers\STM32F7xx_HAL_Driver\Src\stm32f7xx_hal_gpio.o
 .debug_aranges
                0x00000378       0x88 Drivers\STM32F7xx_HAL_Driver\Src\stm32f7xx_hal_rcc.o
 .debug_aranges
                0x00000400       0x50 Drivers\STM32F7xx_HAL_Driver\Src\stm32f7xx_hal_rcc_ex.o
 .debug_aranges
                0x00000450      0x368 Drivers\STM32F7xx_HAL_Driver\Src\stm32f7xx_hal_tim.o
 .debug_aranges
                0x000007b8      0x170 Drivers\STM32F7xx_HAL_Driver\Src\stm32f7xx_hal_tim_ex.o
 .debug_aranges
                0x00000928      0x190 Drivers\STM32F7xx_HAL_Driver\Src\stm32f7xx_hal_uart.o
 .debug_aranges
                0x00000ab8       0x60 Src\main.o
 .debug_aranges
                0x00000b18       0x58 Src\stm32f7xx_hal_msp.o
 .debug_aranges
                0x00000b70       0x78 Src\stm32f7xx_it.o
 .debug_aranges
                0x00000be8       0x28 Src\system_stm32f7xx.o
 .debug_aranges
                0x00000c10       0xc0 Src\uart_debug.o
 .debug_aranges
                0x00000cd0       0x28 startup\startup_stm32f722xx.o

.debug_ranges   0x00000000      0xd40
 .debug_ranges  0x00000000       0xf0 Drivers\STM32F7xx_HAL_Driver\Src\stm32f7xx_hal.o
 .debug_ranges  0x000000f0       0xd8 Drivers\STM32F7xx_HAL_Driver\Src\stm32f7xx_hal_adc.o
 .debug_ranges  0x000001c8       0xf8 Drivers\STM32F7xx_HAL_Driver\Src\stm32f7xx_hal_cortex.o
 .debug_ranges  0x000002c0       0x80 Drivers\STM32F7xx_HAL_Driver\Src\stm32f7xx_hal_dma.o
 .debug_ranges  0x00000340       0x48 Drivers\STM32F7xx_HAL_Driver\Src\stm32f7xx_hal_gpio.o
 .debug_ranges  0x00000388       0x78 Drivers\STM32F7xx_HAL_Driver\Src\stm32f7xx_hal_rcc.o
 .debug_ranges  0x00000400       0x40 Drivers\STM32F7xx_HAL_Driver\Src\stm32f7xx_hal_rcc_ex.o
 .debug_ranges  0x00000440      0x358 Drivers\STM32F7xx_HAL_Driver\Src\stm32f7xx_hal_tim.o
 .debug_ranges  0x00000798      0x160 Drivers\STM32F7xx_HAL_Driver\Src\stm32f7xx_hal_tim_ex.o
 .debug_ranges  0x000008f8      0x180 Drivers\STM32F7xx_HAL_Driver\Src\stm32f7xx_hal_uart.o
 .debug_ranges  0x00000a78       0x50 Src\main.o
 .debug_ranges  0x00000ac8       0x48 Src\stm32f7xx_hal_msp.o
 .debug_ranges  0x00000b10       0x68 Src\stm32f7xx_it.o
 .debug_ranges  0x00000b78       0x18 Src\system_stm32f7xx.o
 .debug_ranges  0x00000b90      0x190 Src\uart_debug.o
 .debug_ranges  0x00000d20       0x20 startup\startup_stm32f722xx.o

.debug_line     0x00000000     0x6300
 .debug_line    0x00000000      0x4cd Drivers\STM32F7xx_HAL_Driver\Src\stm32f7xx_hal.o
 .debug_line    0x000004cd      0x734 Drivers\STM32F7xx_HAL_Driver\Src\stm32f7xx_hal_adc.o
 .debug_line    0x00000c01      0x4bc Drivers\STM32F7xx_HAL_Driver\Src\stm32f7xx_hal_cortex.o
 .debug_line    0x000010bd      0x5e3 Drivers\STM32F7xx_HAL_Driver\Src\stm32f7xx_hal_dma.o
 .debug_line    0x000016a0      0x424 Drivers\STM32F7xx_HAL_Driver\Src\stm32f7xx_hal_gpio.o
 .debug_line    0x00001ac4      0x590 Drivers\STM32F7xx_HAL_Driver\Src\stm32f7xx_hal_rcc.o
 .debug_line    0x00002054      0x4d6 Drivers\STM32F7xx_HAL_Driver\Src\stm32f7xx_hal_rcc_ex.o
 .debug_line    0x0000252a     0x12a4 Drivers\STM32F7xx_HAL_Driver\Src\stm32f7xx_hal_tim.o
 .debug_line    0x000037ce      0x9b8 Drivers\STM32F7xx_HAL_Driver\Src\stm32f7xx_hal_tim_ex.o
 .debug_line    0x00004186      0xc9f Drivers\STM32F7xx_HAL_Driver\Src\stm32f7xx_hal_uart.o
 .debug_line    0x00004e25      0x4c9 Src\main.o
 .debug_line    0x000052ee      0x3db Src\stm32f7xx_hal_msp.o
 .debug_line    0x000056c9      0x389 Src\stm32f7xx_it.o
 .debug_line    0x00005a52      0x273 Src\system_stm32f7xx.o
 .debug_line    0x00005cc5      0x5bc Src\uart_debug.o
 .debug_line    0x00006281       0x7f startup\startup_stm32f722xx.o

.debug_str      0x00000000     0x47e6
 .debug_str     0x00000000      0xfa8 Drivers\STM32F7xx_HAL_Driver\Src\stm32f7xx_hal.o
                               0x104f (size before relaxing)
 .debug_str     0x00000fa8      0x6be Drivers\STM32F7xx_HAL_Driver\Src\stm32f7xx_hal_adc.o
                                0xdb7 (size before relaxing)
 .debug_str     0x00001666      0x487 Drivers\STM32F7xx_HAL_Driver\Src\stm32f7xx_hal_cortex.o
                               0x118d (size before relaxing)
 .debug_str     0x00001aed      0x2ef Drivers\STM32F7xx_HAL_Driver\Src\stm32f7xx_hal_dma.o
                                0xbf8 (size before relaxing)
 .debug_str     0x00001ddc      0x1a2 Drivers\STM32F7xx_HAL_Driver\Src\stm32f7xx_hal_gpio.o
                                0x98f (size before relaxing)
 .debug_str     0x00001f7e      0x31d Drivers\STM32F7xx_HAL_Driver\Src\stm32f7xx_hal_rcc.o
                                0xb64 (size before relaxing)
 .debug_str     0x0000229b      0x3bc Drivers\STM32F7xx_HAL_Driver\Src\stm32f7xx_hal_rcc_ex.o
                                0xb84 (size before relaxing)
 .debug_str     0x00002657      0xefe Drivers\STM32F7xx_HAL_Driver\Src\stm32f7xx_hal_tim.o
                               0x186d (size before relaxing)
 .debug_str     0x00003555      0x598 Drivers\STM32F7xx_HAL_Driver\Src\stm32f7xx_hal_tim_ex.o
                               0x12f3 (size before relaxing)
 .debug_str     0x00003aed      0x7b3 Drivers\STM32F7xx_HAL_Driver\Src\stm32f7xx_hal_uart.o
                               0x12a1 (size before relaxing)
 .debug_str     0x000042a0      0x12c Src\main.o
                               0x1c46 (size before relaxing)
 .debug_str     0x000043cc       0x25 Src\stm32f7xx_hal_msp.o
                               0x1678 (size before relaxing)
 .debug_str     0x000043f1       0xe7 Src\stm32f7xx_it.o
                                0xc51 (size before relaxing)
 .debug_str     0x000044d8       0x45 Src\system_stm32f7xx.o
                                0x8bc (size before relaxing)
 .debug_str     0x0000451d      0x2c9 Src\uart_debug.o
                                0xe66 (size before relaxing)

.comment        0x00000000       0x7c
 .comment       0x00000000       0x7c Drivers\STM32F7xx_HAL_Driver\Src\stm32f7xx_hal.o
                                 0x7d (size before relaxing)
 .comment       0x0000007c       0x7d Drivers\STM32F7xx_HAL_Driver\Src\stm32f7xx_hal_adc.o
 .comment       0x0000007c       0x7d Drivers\STM32F7xx_HAL_Driver\Src\stm32f7xx_hal_cortex.o
 .comment       0x0000007c       0x7d Drivers\STM32F7xx_HAL_Driver\Src\stm32f7xx_hal_dma.o
 .comment       0x0000007c       0x7d Drivers\STM32F7xx_HAL_Driver\Src\stm32f7xx_hal_gpio.o
 .comment       0x0000007c       0x7d Drivers\STM32F7xx_HAL_Driver\Src\stm32f7xx_hal_rcc.o
 .comment       0x0000007c       0x7d Drivers\STM32F7xx_HAL_Driver\Src\stm32f7xx_hal_rcc_ex.o
 .comment       0x0000007c       0x7d Drivers\STM32F7xx_HAL_Driver\Src\stm32f7xx_hal_tim.o
 .comment       0x0000007c       0x7d Drivers\STM32F7xx_HAL_Driver\Src\stm32f7xx_hal_tim_ex.o
 .comment       0x0000007c       0x7d Drivers\STM32F7xx_HAL_Driver\Src\stm32f7xx_hal_uart.o
 .comment       0x0000007c       0x7d Src\main.o
 .comment       0x0000007c       0x7d Src\stm32f7xx_hal_msp.o
 .comment       0x0000007c       0x7d Src\stm32f7xx_it.o
 .comment       0x0000007c       0x7d Src\system_stm32f7xx.o
 .comment       0x0000007c       0x7d Src\uart_debug.o

.debug_frame    0x00000000     0x2330
 .debug_frame   0x00000000      0x20c Drivers\STM32F7xx_HAL_Driver\Src\stm32f7xx_hal.o
 .debug_frame   0x0000020c      0x27c Drivers\STM32F7xx_HAL_Driver\Src\stm32f7xx_hal_adc.o
 .debug_frame   0x00000488      0x15c Drivers\STM32F7xx_HAL_Driver\Src\stm32f7xx_hal_cortex.o
 .debug_frame   0x000005e4      0x17c Drivers\STM32F7xx_HAL_Driver\Src\stm32f7xx_hal_dma.o
 .debug_frame   0x00000760       0xd0 Drivers\STM32F7xx_HAL_Driver\Src\stm32f7xx_hal_gpio.o
 .debug_frame   0x00000830      0x180 Drivers\STM32F7xx_HAL_Driver\Src\stm32f7xx_hal_rcc.o
 .debug_frame   0x000009b0       0xcc Drivers\STM32F7xx_HAL_Driver\Src\stm32f7xx_hal_rcc_ex.o
 .debug_frame   0x00000a7c      0x9f8 Drivers\STM32F7xx_HAL_Driver\Src\stm32f7xx_hal_tim.o
 .debug_frame   0x00001474      0x44c Drivers\STM32F7xx_HAL_Driver\Src\stm32f7xx_hal_tim_ex.o
 .debug_frame   0x000018c0      0x488 Drivers\STM32F7xx_HAL_Driver\Src\stm32f7xx_hal_uart.o
 .debug_frame   0x00001d48       0xfc Src\main.o
 .debug_frame   0x00001e44       0xe0 Src\stm32f7xx_hal_msp.o
 .debug_frame   0x00001f24       0xf0 Src\stm32f7xx_it.o
 .debug_frame   0x00002014       0x3c Src\system_stm32f7xx.o
 .debug_frame   0x00002050      0x22c Src\uart_debug.o
 .debug_frame   0x0000227c       0x2c c:/program files (x86)/atollic/truestudio for stm32 9.0.1/armtools/bin/../lib/gcc/arm-atollic-eabi/6.3.1/../../../../arm-atollic-eabi/lib/armv7e-m/fpu/fpv5-sp-d16\libc_nano.a(lib_a-init.o)
 .debug_frame   0x000022a8       0x28 c:/program files (x86)/atollic/truestudio for stm32 9.0.1/armtools/bin/../lib/gcc/arm-atollic-eabi/6.3.1/../../../../arm-atollic-eabi/lib/armv7e-m/fpu/fpv5-sp-d16\libc_nano.a(lib_a-memcpy-stub.o)
 .debug_frame   0x000022d0       0x2c c:/program files (x86)/atollic/truestudio for stm32 9.0.1/armtools/bin/../lib/gcc/arm-atollic-eabi/6.3.1/armv7e-m/fpu/fpv5-sp-d16\libgcc.a(_aeabi_uldivmod.o)
 .debug_frame   0x000022fc       0x34 c:/program files (x86)/atollic/truestudio for stm32 9.0.1/armtools/bin/../lib/gcc/arm-atollic-eabi/6.3.1/armv7e-m/fpu/fpv5-sp-d16\libgcc.a(_udivmoddi4.o)
