main.c:321:13:MX_GPIO_Init	16	static
main.c:212:13:MX_DMA_Init	16	static
main.c:268:10:ADC_read_adc_val_poll	32	static
main.c:292:6:ADC_start_adc_conversion_IT	24	static
main.c:311:6:print_timer_count	8	static
main.c:382:6:HAL_UART_TxCpltCallback	8	static
main.c:389:6:HAL_ADC_ConvCpltCallback	8	static
main.c:409:6:_Error_Handler	0	static
main.c:228:13:MX_ADC1_Init	24	static
main.c:333:13:MX_TIM4_Init	64	static
main.c:187:13:MX_UART4_Init	8	static
main.c:129:6:SystemClock_Config	216	static
main.c:79:5:main	8	static
