main.c:429:13:MX_GPIO_Init	16	static
main.c:260:13:MX_DMA_Init	16	static
main.c:316:10:ADC_read_adc_val_poll	32	static
main.c:340:6:ADC_start_adc_conversion_IT	24	static
main.c:359:6:print_timer_count	8	static
main.c:368:6:add_to_circ_buff	24	static
main.c:490:6:HAL_UART_TxCpltCallback	8	static
main.c:497:6:HAL_ADC_ConvCpltCallback	8	static
main.c:517:6:_Error_Handler	0	static
main.c:276:13:MX_ADC1_Init	24	static
main.c:441:13:MX_TIM4_Init	64	static
main.c:235:13:MX_UART4_Init	8	static
main.c:177:6:SystemClock_Config	216	static
main.c:85:5:main	56	static
main.c:412:6:set_timer_duty_cycle	48	static
