stm32f7xx_it.c:53:6:NMI_Handler	0	static
stm32f7xx_it.c:61:6:HardFault_Handler	0	static
stm32f7xx_it.c:74:6:MemManage_Handler	0	static
stm32f7xx_it.c:87:6:BusFault_Handler	0	static
stm32f7xx_it.c:99:6:UsageFault_Handler	0	static
stm32f7xx_it.c:112:6:SVC_Handler	0	static
stm32f7xx_it.c:120:6:DebugMon_Handler	0	static
stm32f7xx_it.c:128:6:PendSV_Handler	0	static
stm32f7xx_it.c:136:6:SysTick_Handler	8	static
stm32f7xx_it.c:154:6:DMA1_Stream2_IRQHandler	8	static
stm32f7xx_it.c:161:6:UART4_IRQHandler	8	static
stm32f7xx_it.c:168:6:DMA1_Stream4_IRQHandler	8	static
stm32f7xx_it.c:178:6:ADC_IRQHandler	8	static
