uart_debug.c:286:6:uart_debug_transmit	8	static
uart_debug.c:48:8:uart_debug_init	0	static
uart_debug.c:58:6:uart_debug_deinit	0	static
uart_debug.c:255:10:uart_debug_add_to_buffer	32	static
uart_debug.c:67:6:uart_debug_print_uint8	8	static
uart_debug.c:75:6:uart_debug_print_uint32	8	static
uart_debug.c:84:6:uart_debug_print_uint64	24	static
uart_debug.c:93:6:uart_debug_hexprint8	8	static
uart_debug.c:108:6:uart_debug_hexprint16	8	static
uart_debug.c:123:6:uart_debug_hexprint32	8	static
uart_debug.c:138:6:uart_debug_hexprint64	8	static
uart_debug.c:208:6:uart_debug_newline	16	static
uart_debug.c:161:6:uart_debug_hexdump	32	static
uart_debug.c:220:6:uart_debug_send_line	8	static
uart_debug.c:239:6:uart_debug_send_string	8	static
uart_debug.c:153:6:uart_debug_print_bool	8	static
uart_debug.c:281:6:uart_debug_putchar	16	static
uart_debug.c:321:6:uart_debug_callback	8	static
uart_debug.c:337:6:uart_debug_dump_byte	8	static
uart_debug.c:358:6:uart_debug_mem_dump	24	static
uart_debug.c:377:6:uart_debug_tx_complete_callback	8	static
